2026-08-14T14:45:44Z
32, 0, 4.85
2026-08-14T14:45:49Z
33, 0, 5.32
2026-08-14T14:45:54Z
33, 0, 5.07
2026-08-14T14:45:59Z
33, 0, 6.01
2026-08-14T14:46:04Z
34, 2, 11.35
2026-08-14T14:46:09Z
35, 2, 11.36
2026-08-14T14:46:14Z
35, 2, 11.56
2026-08-14T14:46:19Z
35, 2, 11.64
2026-08-14T14:46:24Z
35, 2, 11.51
2026-08-14T14:46:29Z
36, 2, 11.73
2026-08-14T14:46:34Z
36, 2, 11.71
2026-08-14T14:46:39Z
36, 2, 11.69
2026-08-14T14:46:45Z
36, 3, 11.74
2026-08-14T14:46:50Z
36, 2, 11.76
2026-08-14T14:46:55Z
36, 2, 11.75
2026-08-14T14:47:00Z
36, 2, 11.62
2026-08-14T14:47:05Z
37, 2, 11.84
2026-08-14T14:47:10Z
37, 2, 11.92
2026-08-14T14:47:15Z
37, 2, 11.80
2026-08-14T14:47:20Z
37, 2, 11.85
2026-08-14T14:47:25Z
37, 2, 11.84
2026-08-14T14:47:30Z
37, 2, 11.86
2026-08-14T14:47:35Z
37, 2, 11.66
2026-08-14T14:47:40Z
37, 2, 11.88
2026-08-14T14:47:45Z
37, 2, 11.92
2026-08-14T14:47:50Z
37, 2, 11.88
2026-08-14T14:47:55Z
37, 2, 11.89
2026-08-14T14:48:00Z
37, 2, 11.89
2026-08-14T14:48:05Z
37, 2, 11.87
2026-08-14T14:48:10Z
37, 2, 11.84
2026-08-14T14:48:15Z
37, 2, 11.90
2026-08-14T14:48:20Z
38, 2, 11.88
2026-08-14T14:48:25Z
37, 0, 11.54
2026-08-14T14:48:30Z
39, 0, 15.83
2026-08-14T14:48:35Z
38, 0, 12.40
2026-08-14T14:48:40Z
39, 0, 11.73
2026-08-14T14:48:45Z
42, 26, 32.66
2026-08-14T14:48:50Z
39, 0, 11.61
2026-08-14T14:48:55Z
42, 96, 26.37
2026-08-14T14:49:00Z
40, 0, 12.24
