2026-08-20T19:02:28Z
35, 0, 5.16
2026-08-20T19:02:33Z
35, 0, 5.57
2026-08-20T19:02:38Z
36, 0, 5.38
2026-08-20T19:02:43Z
36, 0, 7.06
2026-08-20T19:02:48Z
37, 2, 11.99
2026-08-20T19:02:53Z
37, 2, 12.06
2026-08-20T19:02:58Z
38, 1, 12.01
2026-08-20T19:03:03Z
38, 2, 12.06
2026-08-20T19:03:08Z
38, 2, 12.10
2026-08-20T19:03:13Z
38, 1, 12.11
2026-08-20T19:03:18Z
39, 2, 12.15
2026-08-20T19:03:23Z
39, 0, 11.95
2026-08-20T19:03:28Z
39, 2, 12.14
2026-08-20T19:03:33Z
39, 2, 12.20
2026-08-20T19:03:38Z
39, 2, 12.21
2026-08-20T19:03:43Z
39, 2, 12.19
2026-08-20T19:03:48Z
39, 2, 12.20
2026-08-20T19:03:53Z
39, 2, 12.21
2026-08-20T19:03:58Z
40, 2, 12.25
2026-08-20T19:04:03Z
40, 2, 12.27
2026-08-20T19:04:08Z
40, 2, 12.26
2026-08-20T19:04:13Z
40, 2, 12.30
2026-08-20T19:04:18Z
40, 4, 12.28
2026-08-20T19:04:23Z
40, 1, 12.28
2026-08-20T19:04:28Z
40, 2, 12.18
2026-08-20T19:04:33Z
40, 2, 12.30
2026-08-20T19:04:38Z
40, 1, 12.28
2026-08-20T19:04:43Z
40, 1, 12.30
2026-08-20T19:04:49Z
40, 2, 12.36
2026-08-20T19:04:54Z
40, 2, 12.35
2026-08-20T19:04:59Z
40, 0, 12.03
2026-08-20T19:05:04Z
41, 0, 18.26
2026-08-20T19:05:09Z
42, 0, 20.20
2026-08-20T19:05:14Z
43, 0, 34.28
2026-08-20T19:05:19Z
47, 96, 49.34
2026-08-20T19:05:24Z
43, 0, 12.19
2026-08-20T19:05:29Z
47, 96, 39.17
