2026-09-09T21:09:06Z
39, 0, 5.62
2026-09-09T21:09:11Z
40, 0, 6.05
2026-09-09T21:09:16Z
40, 0, 5.77
2026-09-09T21:09:21Z
41, 0, 7.04
2026-09-09T21:09:26Z
41, 2, 12.54
2026-09-09T21:09:31Z
42, 1, 12.58
2026-09-09T21:09:36Z
42, 1, 12.58
2026-09-09T21:09:41Z
42, 2, 12.62
2026-09-09T21:09:46Z
42, 2, 12.59
2026-09-09T21:09:51Z
42, 1, 12.77
2026-09-09T21:09:56Z
43, 2, 12.76
2026-09-09T21:10:01Z
43, 1, 12.77
2026-09-09T21:10:06Z
43, 2, 12.82
2026-09-09T21:10:11Z
43, 1, 12.79
2026-09-09T21:10:16Z
43, 2, 12.82
2026-09-09T21:10:21Z
43, 2, 12.81
2026-09-09T21:10:26Z
43, 2, 12.83
2026-09-09T21:10:31Z
43, 2, 12.84
2026-09-09T21:10:36Z
43, 1, 12.85
2026-09-09T21:10:41Z
43, 1, 12.86
2026-09-09T21:10:46Z
43, 2, 12.87
2026-09-09T21:10:51Z
43, 1, 12.89
2026-09-09T21:10:56Z
43, 1, 12.85
2026-09-09T21:11:02Z
44, 1, 12.89
2026-09-09T21:11:07Z
44, 1, 12.92
2026-09-09T21:11:12Z
44, 1, 12.90
2026-09-09T21:11:17Z
44, 2, 12.90
2026-09-09T21:11:22Z
44, 2, 12.96
2026-09-09T21:11:27Z
44, 2, 12.93
2026-09-09T21:11:32Z
44, 1, 12.90
2026-09-09T21:11:37Z
44, 2, 12.95
2026-09-09T21:11:42Z
44, 2, 12.93
2026-09-09T21:11:47Z
44, 0, 12.66
2026-09-09T21:11:52Z
45, 34, 20.38
2026-09-09T21:11:57Z
45, 0, 19.15
2026-09-09T21:12:02Z
49, 96, 63.14
2026-09-09T21:12:07Z
55, 17, 55.29
2026-09-09T21:12:12Z
46, 0, 12.77
2026-09-09T21:12:17Z
50, 95, 36.00
2026-09-09T21:12:22Z
51, 96, 36.28
