2026-08-20T14:00:48Z
36, 0, 5.22
2026-08-20T14:00:53Z
37, 0, 5.65
2026-08-20T14:00:58Z
37, 0, 5.39
2026-08-20T14:01:03Z
37, 0, 5.39
2026-08-20T14:01:09Z
38, 2, 12.08
2026-08-20T14:01:14Z
38, 2, 12.10
2026-08-20T14:01:19Z
38, 2, 12.10
2026-08-20T14:01:24Z
39, 2, 12.13
2026-08-20T14:01:29Z
39, 2, 11.95
2026-08-20T14:01:34Z
39, 1, 12.18
2026-08-20T14:01:39Z
39, 2, 12.20
2026-08-20T14:01:44Z
39, 2, 12.25
2026-08-20T14:01:49Z
39, 2, 12.24
2026-08-20T14:01:54Z
40, 2, 12.23
2026-08-20T14:01:59Z
40, 2, 12.20
2026-08-20T14:02:04Z
40, 2, 12.24
2026-08-20T14:02:09Z
40, 2, 12.29
2026-08-20T14:02:14Z
40, 2, 12.26
2026-08-20T14:02:19Z
40, 2, 12.33
2026-08-20T14:02:24Z
40, 2, 12.30
2026-08-20T14:02:29Z
40, 2, 12.31
2026-08-20T14:02:34Z
40, 2, 12.34
2026-08-20T14:02:39Z
40, 2, 12.30
2026-08-20T14:02:44Z
40, 2, 12.37
2026-08-20T14:02:49Z
40, 1, 12.18
2026-08-20T14:02:54Z
40, 2, 12.35
2026-08-20T14:02:59Z
40, 2, 12.35
2026-08-20T14:03:04Z
40, 2, 12.36
2026-08-20T14:03:09Z
40, 2, 12.39
2026-08-20T14:03:14Z
40, 2, 12.38
2026-08-20T14:03:19Z
40, 0, 12.09
2026-08-20T14:03:24Z
41, 77, 15.50
2026-08-20T14:03:29Z
42, 95, 20.16
2026-08-20T14:03:34Z
43, 96, 29.03
2026-08-20T14:03:39Z
47, 96, 55.50
2026-08-20T14:03:44Z
43, 0, 12.21
2026-08-20T14:03:49Z
47, 96, 35.55
2026-08-20T14:03:55Z
44, 0, 12.52
