2026-08-14T14:35:39Z
32, 0, 4.97
2026-08-14T14:35:44Z
32, 0, 4.91
2026-08-14T14:35:49Z
32, 0, 4.93
2026-08-14T14:35:54Z
33, 0, 6.83
2026-08-14T14:35:59Z
34, 1, 11.20
2026-08-14T14:36:04Z
34, 2, 11.18
2026-08-14T14:36:09Z
34, 2, 11.23
2026-08-14T14:36:14Z
34, 1, 11.24
2026-08-14T14:36:19Z
35, 1, 11.33
2026-08-14T14:36:24Z
35, 0, 11.19
2026-08-14T14:36:29Z
35, 1, 11.37
2026-08-14T14:36:34Z
35, 1, 11.38
2026-08-14T14:36:39Z
35, 1, 11.44
2026-08-14T14:36:44Z
35, 1, 11.40
2026-08-14T14:36:49Z
35, 1, 11.53
2026-08-14T14:36:54Z
36, 1, 11.55
2026-08-14T14:36:59Z
36, 1, 11.58
2026-08-14T14:37:04Z
36, 1, 11.56
2026-08-14T14:37:09Z
36, 2, 11.63
2026-08-14T14:37:14Z
36, 1, 11.64
2026-08-14T14:37:19Z
36, 2, 11.71
2026-08-14T14:37:24Z
36, 2, 11.67
2026-08-14T14:37:29Z
36, 2, 11.75
2026-08-14T14:37:34Z
36, 1, 11.71
2026-08-14T14:37:39Z
36, 2, 11.80
2026-08-14T14:37:44Z
37, 2, 11.77
2026-08-14T14:37:49Z
37, 2, 11.76
2026-08-14T14:37:54Z
37, 1, 11.71
2026-08-14T14:37:59Z
37, 1, 11.72
2026-08-14T14:38:04Z
37, 2, 11.76
2026-08-14T14:38:09Z
37, 2, 11.78
2026-08-14T14:38:15Z
37, 3, 11.73
2026-08-14T14:38:20Z
37, 1, 11.77
2026-08-14T14:38:25Z
37, 4, 11.73
2026-08-14T14:38:30Z
37, 2, 11.90
2026-08-14T14:38:35Z
37, 2, 11.80
2026-08-14T14:38:40Z
37, 2, 11.79
2026-08-14T14:38:45Z
37, 0, 11.51
2026-08-14T14:38:50Z
37, 0, 15.24
2026-08-14T14:38:55Z
38, 0, 12.42
2026-08-14T14:39:00Z
39, 0, 11.70
2026-08-14T14:39:05Z
42, 81, 27.65
2026-08-14T14:39:10Z
39, 0, 11.56
2026-08-14T14:39:15Z
38, 0, 11.46
2026-08-14T14:39:20Z
38, 0, 11.45
2026-08-14T14:39:25Z
38, 0, 11.40
2026-08-14T14:39:30Z
38, 0, 11.39
2026-08-14T14:39:35Z
38, 0, 11.51
