2026-08-20T19:06:48Z
39, 0, 5.30
2026-08-20T19:06:53Z
39, 0, 5.93
2026-08-20T19:06:58Z
39, 0, 5.52
2026-08-20T19:07:03Z
39, 0, 7.84
2026-08-20T19:07:08Z
40, 2, 12.29
2026-08-20T19:07:14Z
40, 2, 12.28
2026-08-20T19:07:19Z
40, 2, 12.32
2026-08-20T19:07:24Z
40, 2, 12.36
2026-08-20T19:07:29Z
40, 2, 12.32
2026-08-20T19:07:34Z
41, 2, 12.35
2026-08-20T19:07:39Z
41, 2, 12.37
2026-08-20T19:07:44Z
41, 2, 12.37
2026-08-20T19:07:49Z
41, 2, 12.40
2026-08-20T19:07:54Z
41, 2, 12.38
2026-08-20T19:07:59Z
41, 3, 12.30
2026-08-20T19:08:04Z
41, 1, 12.39
2026-08-20T19:08:09Z
41, 2, 12.43
2026-08-20T19:08:14Z
41, 2, 12.40
2026-08-20T19:08:19Z
41, 2, 12.41
2026-08-20T19:08:24Z
41, 2, 12.46
2026-08-20T19:08:29Z
41, 2, 12.44
2026-08-20T19:08:34Z
41, 2, 12.48
2026-08-20T19:08:39Z
41, 2, 12.47
2026-08-20T19:08:44Z
42, 2, 12.49
2026-08-20T19:08:49Z
42, 2, 12.48
2026-08-20T19:08:54Z
42, 4, 12.47
2026-08-20T19:08:59Z
42, 2, 12.48
2026-08-20T19:09:04Z
42, 2, 12.27
2026-08-20T19:09:09Z
42, 2, 12.52
2026-08-20T19:09:14Z
42, 2, 12.52
2026-08-20T19:09:19Z
42, 0, 12.15
2026-08-20T19:09:24Z
45, 0, 19.22
2026-08-20T19:09:29Z
43, 0, 12.30
2026-08-20T19:09:34Z
44, 0, 12.39
2026-08-20T19:09:39Z
48, 85, 36.96
2026-08-20T19:09:44Z
44, 0, 12.43
2026-08-20T19:09:49Z
44, 96, 19.96
