2026-08-20T14:11:07Z
35, 0, 5.46
2026-08-20T14:11:12Z
35, 0, 5.77
2026-08-20T14:11:17Z
35, 0, 5.38
2026-08-20T14:11:22Z
36, 0, 9.14
2026-08-20T14:11:27Z
37, 2, 11.95
2026-08-20T14:11:32Z
37, 2, 11.97
2026-08-20T14:11:37Z
37, 2, 12.02
2026-08-20T14:11:42Z
37, 2, 12.00
2026-08-20T14:11:47Z
38, 2, 12.03
2026-08-20T14:11:52Z
38, 2, 12.04
2026-08-20T14:11:57Z
38, 2, 12.02
2026-08-20T14:12:02Z
38, 2, 12.09
2026-08-20T14:12:07Z
38, 2, 12.14
2026-08-20T14:12:12Z
38, 2, 12.14
2026-08-20T14:12:17Z
38, 2, 11.91
2026-08-20T14:12:22Z
39, 2, 12.17
2026-08-20T14:12:28Z
39, 2, 12.20
2026-08-20T14:12:33Z
39, 2, 12.17
2026-08-20T14:12:38Z
39, 2, 12.16
2026-08-20T14:12:43Z
39, 2, 12.16
2026-08-20T14:12:48Z
39, 6, 12.16
2026-08-20T14:12:53Z
39, 2, 12.20
2026-08-20T14:12:58Z
39, 2, 12.23
2026-08-20T14:13:03Z
39, 2, 12.24
2026-08-20T14:13:08Z
39, 2, 12.23
2026-08-20T14:13:13Z
39, 2, 12.25
2026-08-20T14:13:18Z
39, 2, 12.25
2026-08-20T14:13:23Z
39, 2, 12.23
2026-08-20T14:13:28Z
39, 2, 12.28
2026-08-20T14:13:33Z
40, 0, 11.83
2026-08-20T14:13:38Z
40, 45, 16.60
2026-08-20T14:13:43Z
40, 0, 11.84
2026-08-20T14:13:48Z
40, 0, 11.97
2026-08-20T14:13:53Z
41, 0, 12.00
2026-08-20T14:13:58Z
43, 0, 30.08
2026-08-20T14:14:03Z
42, 0, 14.47
2026-08-20T14:14:08Z
44, 0, 26.94
