begin ts=424391855121529 seq=10 step=3 scheduled=95 prefill=95 decode=0 queue=0 active=2 slices=2 kv_permyriad=21 flags=0x0
slice ts=424391855121529 seq=11 step=3 request=0xda2d89895fdcca05 phase=1 tokens=70
slice ts=424391855121529 seq=12 step=3 request=0xa74e8be7d5a2b5d2 phase=1 tokens=25
packed_begin ts=424391855866255 seq=13 step=3 generation=3 tokens=95 slices=2 flags=0x0
packed_slice ts=424391855866255 seq=14 step=3 generation=3 request=0xda2d89895fdcca05 index=0 rows=[0,70) tokens=70 phase=1
packed_slice ts=424391855866255 seq=15 step=3 generation=3 request=0xa74e8be7d5a2b5d2 index=1 rows=[70,95) tokens=25 phase=1
begin ts=424391876808402 seq=16 step=4 scheduled=172 prefill=170 decode=2 queue=0 active=6 slices=6 kv_permyriad=61 flags=0x0
slice ts=424391876808402 seq=17 step=4 request=0xda2d89895fdcca05 phase=2 tokens=1
slice ts=424391876808402 seq=18 step=4 request=0xa74e8be7d5a2b5d2 phase=2 tokens=1
slice ts=424391876808402 seq=19 step=4 request=0xe29c53cd749b6f80 phase=1 tokens=70
slice ts=424391876808402 seq=20 step=4 request=0x99d1eb8a554250ae phase=1 tokens=58
slice ts=424391876808402 seq=21 step=4 request=0x43f68ab4bfd925dd phase=1 tokens=24
slice ts=424391876808402 seq=22 step=4 request=0xe0165060a6428b14 phase=1 tokens=18
packed_begin ts=424391877151340 seq=23 step=4 generation=4 tokens=172 slices=6 flags=0x0
packed_slice ts=424391877151340 seq=24 step=4 generation=4 request=0xda2d89895fdcca05 index=0 rows=[0,1) tokens=1 phase=2
packed_slice ts=424391877151340 seq=25 step=4 generation=4 request=0xa74e8be7d5a2b5d2 index=1 rows=[1,2) tokens=1 phase=2
packed_slice ts=424391877151340 seq=26 step=4 generation=4 request=0xe29c53cd749b6f80 index=2 rows=[2,72) tokens=70 phase=1
packed_slice ts=424391877151340 seq=27 step=4 generation=4 request=0x99d1eb8a554250ae index=3 rows=[72,130) tokens=58 phase=1
packed_slice ts=424391877151340 seq=28 step=4 generation=4 request=0x43f68ab4bfd925dd index=4 rows=[130,154) tokens=24 phase=1
packed_slice ts=424391877151340 seq=29 step=4 generation=4 request=0xe0165060a6428b14 index=5 rows=[154,172) tokens=18 phase=1
end ts=424392018103979 seq=30 step=3 status=0 flags=0x0
begin ts=424392018483350 seq=31 step=5 scheduled=35 prefill=29 decode=6 queue=0 active=8 slices=8 kv_permyriad=67 flags=0x0
slice ts=424392018483350 seq=32 step=5 request=0xda2d89895fdcca05 phase=2 tokens=1
slice ts=424392018483350 seq=33 step=5 request=0xa74e8be7d5a2b5d2 phase=2 tokens=1
slice ts=424392018483350 seq=34 step=5 request=0xe29c53cd749b6f80 phase=2 tokens=1
slice ts=424392018483350 seq=35 step=5 request=0x99d1eb8a554250ae phase=2 tokens=1
slice ts=424392018483350 seq=36 step=5 request=0x43f68ab4bfd925dd phase=2 tokens=1
slice ts=424392018483350 seq=37 step=5 request=0xe0165060a6428b14 phase=2 tokens=1
slice ts=424392018483350 seq=38 step=5 request=0x19da917654312ec9 phase=1 tokens=13
slice ts=424392018483350 seq=39 step=5 request=0x656dab14ecb437c0 phase=1 tokens=16
packed_begin ts=424392018775487 seq=40 step=5 generation=5 tokens=35 slices=8 flags=0x0
packed_slice ts=424392018775487 seq=41 step=5 generation=5 request=0xda2d89895fdcca05 index=0 rows=[0,1) tokens=1 phase=2
packed_slice ts=424392018775487 seq=42 step=5 generation=5 request=0xa74e8be7d5a2b5d2 index=1 rows=[1,2) tokens=1 phase=2
packed_slice ts=424392018775487 seq=43 step=5 generation=5 request=0xe29c53cd749b6f80 index=2 rows=[2,3) tokens=1 phase=2
packed_slice ts=424392018775487 seq=44 step=5 generation=5 request=0x99d1eb8a554250ae index=3 rows=[3,4) tokens=1 phase=2
packed_slice ts=424392018775487 seq=45 step=5 generation=5 request=0x43f68ab4bfd925dd index=4 rows=[4,5) tokens=1 phase=2
packed_slice ts=424392018775487 seq=46 step=5 generation=5 request=0xe0165060a6428b14 index=5 rows=[5,6) tokens=1 phase=2
packed_slice ts=424392018775487 seq=47 step=5 generation=5 request=0x19da917654312ec9 index=6 rows=[6,19) tokens=13 phase=1
packed_slice ts=424392018775487 seq=48 step=5 generation=5 request=0x656dab14ecb437c0 index=7 rows=[19,35) tokens=16 phase=1
end ts=424392149487923 seq=49 step=4 status=0 flags=0x0
begin ts=424392149798412 seq=50 step=6 scheduled=8 prefill=0 decode=8 queue=0 active=8 slices=8 kv_permyriad=70 flags=0x0
slice ts=424392149798412 seq=51 step=6 request=0xda2d89895fdcca05 phase=2 tokens=1
slice ts=424392149798412 seq=52 step=6 request=0xa74e8be7d5a2b5d2 phase=2 tokens=1
slice ts=424392149798412 seq=53 step=6 request=0xe29c53cd749b6f80 phase=2 tokens=1
slice ts=424392149798412 seq=54 step=6 request=0x99d1eb8a554250ae phase=2 tokens=1
slice ts=424392149798412 seq=55 step=6 request=0x43f68ab4bfd925dd phase=2 tokens=1
slice ts=424392149798412 seq=56 step=6 request=0xe0165060a6428b14 phase=2 tokens=1
slice ts=424392149798412 seq=57 step=6 request=0x19da917654312ec9 phase=2 tokens=1
slice ts=424392149798412 seq=58 step=6 request=0x656dab14ecb437c0 phase=2 tokens=1
packed_begin ts=424392150012707 seq=59 step=6 generation=6 tokens=8 slices=8 flags=0x0
packed_slice ts=424392150012707 seq=60 step=6 generation=6 request=0xda2d89895fdcca05 index=0 rows=[0,1) tokens=1 phase=2
packed_slice ts=424392150012707 seq=61 step=6 generation=6 request=0xa74e8be7d5a2b5d2 index=1 rows=[1,2) tokens=1 phase=2
packed_slice ts=424392150012707 seq=62 step=6 generation=6 request=0xe29c53cd749b6f80 index=2 rows=[2,3) tokens=1 phase=2
packed_slice ts=424392150012707 seq=63 step=6 generation=6 request=0x99d1eb8a554250ae index=3 rows=[3,4) tokens=1 phase=2
packed_slice ts=424392150012707 seq=64 step=6 generation=6 request=0x43f68ab4bfd925dd index=4 rows=[4,5) tokens=1 phase=2
packed_slice ts=424392150012707 seq=65 step=6 generation=6 request=0xe0165060a6428b14 index=5 rows=[5,6) tokens=1 phase=2
packed_slice ts=424392150012707 seq=66 step=6 generation=6 request=0x19da917654312ec9 index=6 rows=[6,7) tokens=1 phase=2
packed_slice ts=424392150012707 seq=67 step=6 generation=6 request=0x656dab14ecb437c0 index=7 rows=[7,8) tokens=1 phase=2
end ts=424392281052209 seq=68 step=5 status=0 flags=0x0
begin ts=424392281534143 seq=69 step=7 scheduled=8 prefill=0 decode=8 queue=0 active=8 slices=8 kv_permyriad=70 flags=0x0
slice ts=424392281534143 seq=70 step=7 request=0xda2d89895fdcca05 phase=2 tokens=1
slice ts=424392281534143 seq=71 step=7 request=0xa74e8be7d5a2b5d2 phase=2 tokens=1
slice ts=424392281534143 seq=72 step=7 request=0xe29c53cd749b6f80 phase=2 tokens=1
slice ts=424392281534143 seq=73 step=7 request=0x99d1eb8a554250ae phase=2 tokens=1
slice ts=424392281534143 seq=74 step=7 request=0x43f68ab4bfd925dd phase=2 tokens=1
slice ts=424392281534143 seq=75 step=7 request=0xe0165060a6428b14 phase=2 tokens=1
slice ts=424392281534143 seq=76 step=7 request=0x19da917654312ec9 phase=2 tokens=1
slice ts=424392281534143 seq=77 step=7 request=0x656dab14ecb437c0 phase=2 tokens=1
packed_begin ts=424392281909146 seq=78 step=7 generation=7 tokens=8 slices=8 flags=0x0
packed_slice ts=424392281909146 seq=79 step=7 generation=7 request=0xda2d89895fdcca05 index=0 rows=[0,1) tokens=1 phase=2
packed_slice ts=424392281909146 seq=80 step=7 generation=7 request=0xa74e8be7d5a2b5d2 index=1 rows=[1,2) tokens=1 phase=2
packed_slice ts=424392281909146 seq=81 step=7 generation=7 request=0xe29c53cd749b6f80 index=2 rows=[2,3) tokens=1 phase=2
packed_slice ts=424392281909146 seq=82 step=7 generation=7 request=0x99d1eb8a554250ae index=3 rows=[3,4) tokens=1 phase=2
packed_slice ts=424392281909146 seq=83 step=7 generation=7 request=0x43f68ab4bfd925dd index=4 rows=[4,5) tokens=1 phase=2
packed_slice ts=424392281909146 seq=84 step=7 generation=7 request=0xe0165060a6428b14 index=5 rows=[5,6) tokens=1 phase=2
packed_slice ts=424392281909146 seq=85 step=7 generation=7 request=0x19da917654312ec9 index=6 rows=[6,7) tokens=1 phase=2
packed_slice ts=424392281909146 seq=86 step=7 generation=7 request=0x656dab14ecb437c0 index=7 rows=[7,8) tokens=1 phase=2
end ts=424392403353870 seq=87 step=6 status=0 flags=0x0
begin ts=424392403658150 seq=88 step=8 scheduled=8 prefill=0 decode=8 queue=0 active=8 slices=8 kv_permyriad=70 flags=0x0
slice ts=424392403658150 seq=89 step=8 request=0xda2d89895fdcca05 phase=2 tokens=1
slice ts=424392403658150 seq=90 step=8 request=0xa74e8be7d5a2b5d2 phase=2 tokens=1
slice ts=424392403658150 seq=91 step=8 request=0xe29c53cd749b6f80 phase=2 tokens=1
slice ts=424392403658150 seq=92 step=8 request=0x99d1eb8a554250ae phase=2 tokens=1
slice ts=424392403658150 seq=93 step=8 request=0x43f68ab4bfd925dd phase=2 tokens=1
slice ts=424392403658150 seq=94 step=8 request=0xe0165060a6428b14 phase=2 tokens=1
slice ts=424392403658150 seq=95 step=8 request=0x19da917654312ec9 phase=2 tokens=1
slice ts=424392403658150 seq=96 step=8 request=0x656dab14ecb437c0 phase=2 tokens=1
packed_begin ts=424392403901230 seq=97 step=8 generation=8 tokens=8 slices=8 flags=0x0
packed_slice ts=424392403901230 seq=98 step=8 generation=8 request=0xda2d89895fdcca05 index=0 rows=[0,1) tokens=1 phase=2
packed_slice ts=424392403901230 seq=99 step=8 generation=8 request=0xa74e8be7d5a2b5d2 index=1 rows=[1,2) tokens=1 phase=2
packed_slice ts=424392403901230 seq=100 step=8 generation=8 request=0xe29c53cd749b6f80 index=2 rows=[2,3) tokens=1 phase=2
packed_slice ts=424392403901230 seq=101 step=8 generation=8 request=0x99d1eb8a554250ae index=3 rows=[3,4) tokens=1 phase=2
packed_slice ts=424392403901230 seq=102 step=8 generation=8 request=0x43f68ab4bfd925dd index=4 rows=[4,5) tokens=1 phase=2
packed_slice ts=424392403901230 seq=103 step=8 generation=8 request=0xe0165060a6428b14 index=5 rows=[5,6) tokens=1 phase=2
packed_slice ts=424392403901230 seq=104 step=8 generation=8 request=0x19da917654312ec9 index=6 rows=[6,7) tokens=1 phase=2
packed_slice ts=424392403901230 seq=105 step=8 generation=8 request=0x656dab14ecb437c0 index=7 rows=[7,8) tokens=1 phase=2
end ts=424392524638154 seq=106 step=7 status=0 flags=0x0
begin ts=424392524957715 seq=107 step=9 scheduled=8 prefill=0 decode=8 queue=0 active=8 slices=8 kv_permyriad=73 flags=0x0
slice ts=424392524957715 seq=108 step=9 request=0xda2d89895fdcca05 phase=2 tokens=1
slice ts=424392524957715 seq=109 step=9 request=0xa74e8be7d5a2b5d2 phase=2 tokens=1
slice ts=424392524957715 seq=110 step=9 request=0xe29c53cd749b6f80 phase=2 tokens=1
slice ts=424392524957715 seq=111 step=9 request=0x99d1eb8a554250ae phase=2 tokens=1
slice ts=424392524957715 seq=112 step=9 request=0x43f68ab4bfd925dd phase=2 tokens=1
slice ts=424392524957715 seq=113 step=9 request=0xe0165060a6428b14 phase=2 tokens=1
slice ts=424392524957715 seq=114 step=9 request=0x19da917654312ec9 phase=2 tokens=1
slice ts=424392524957715 seq=115 step=9 request=0x656dab14ecb437c0 phase=2 tokens=1
packed_begin ts=424392525194682 seq=116 step=9 generation=9 tokens=8 slices=8 flags=0x0
packed_slice ts=424392525194682 seq=117 step=9 generation=9 request=0xda2d89895fdcca05 index=0 rows=[0,1) tokens=1 phase=2
packed_slice ts=424392525194682 seq=118 step=9 generation=9 request=0xa74e8be7d5a2b5d2 index=1 rows=[1,2) tokens=1 phase=2
packed_slice ts=424392525194682 seq=119 step=9 generation=9 request=0xe29c53cd749b6f80 index=2 rows=[2,3) tokens=1 phase=2
packed_slice ts=424392525194682 seq=120 step=9 generation=9 request=0x99d1eb8a554250ae index=3 rows=[3,4) tokens=1 phase=2
packed_slice ts=424392525194682 seq=121 step=9 generation=9 request=0x43f68ab4bfd925dd index=4 rows=[4,5) tokens=1 phase=2
packed_slice ts=424392525194682 seq=122 step=9 generation=9 request=0xe0165060a6428b14 index=5 rows=[5,6) tokens=1 phase=2
packed_slice ts=424392525194682 seq=123 step=9 generation=9 request=0x19da917654312ec9 index=6 rows=[6,7) tokens=1 phase=2
packed_slice ts=424392525194682 seq=124 step=9 generation=9 request=0x656dab14ecb437c0 index=7 rows=[7,8) tokens=1 phase=2
end ts=424392646325265 seq=125 step=8 status=0 flags=0x0
begin ts=424392646606393 seq=126 step=10 scheduled=8 prefill=0 decode=8 queue=0 active=8 slices=8 kv_permyriad=73 flags=0x0
slice ts=424392646606393 seq=127 step=10 request=0xda2d89895fdcca05 phase=2 tokens=1
slice ts=424392646606393 seq=128 step=10 request=0xa74e8be7d5a2b5d2 phase=2 tokens=1
slice ts=424392646606393 seq=129 step=10 request=0xe29c53cd749b6f80 phase=2 tokens=1
slice ts=424392646606393 seq=130 step=10 request=0x99d1eb8a554250ae phase=2 tokens=1
slice ts=424392646606393 seq=131 step=10 request=0x43f68ab4bfd925dd phase=2 tokens=1
slice ts=424392646606393 seq=132 step=10 request=0xe0165060a6428b14 phase=2 tokens=1
slice ts=424392646606393 seq=133 step=10 request=0x19da917654312ec9 phase=2 tokens=1
slice ts=424392646606393 seq=134 step=10 request=0x656dab14ecb437c0 phase=2 tokens=1
packed_begin ts=424392646782958 seq=135 step=10 generation=10 tokens=8 slices=8 flags=0x0
packed_slice ts=424392646782958 seq=136 step=10 generation=10 request=0xda2d89895fdcca05 index=0 rows=[0,1) tokens=1 phase=2
packed_slice ts=424392646782958 seq=137 step=10 generation=10 request=0xa74e8be7d5a2b5d2 index=1 rows=[1,2) tokens=1 phase=2
packed_slice ts=424392646782958 seq=138 step=10 generation=10 request=0xe29c53cd749b6f80 index=2 rows=[2,3) tokens=1 phase=2
packed_slice ts=424392646782958 seq=139 step=10 generation=10 request=0x99d1eb8a554250ae index=3 rows=[3,4) tokens=1 phase=2
packed_slice ts=424392646782958 seq=140 step=10 generation=10 request=0x43f68ab4bfd925dd index=4 rows=[4,5) tokens=1 phase=2
packed_slice ts=424392646782958 seq=141 step=10 generation=10 request=0xe0165060a6428b14 index=5 rows=[5,6) tokens=1 phase=2
packed_slice ts=424392646782958 seq=142 step=10 generation=10 request=0x19da917654312ec9 index=6 rows=[6,7) tokens=1 phase=2
packed_slice ts=424392646782958 seq=143 step=10 generation=10 request=0x656dab14ecb437c0 index=7 rows=[7,8) tokens=1 phase=2
end ts=424392768125596 seq=144 step=9 status=0 flags=0x0
begin ts=424392768385508 seq=145 step=11 scheduled=7 prefill=0 decode=7 queue=0 active=8 slices=7 kv_permyriad=79 flags=0x0
slice ts=424392768385508 seq=146 step=11 request=0xa74e8be7d5a2b5d2 phase=2 tokens=1
slice ts=424392768385508 seq=147 step=11 request=0xe29c53cd749b6f80 phase=2 tokens=1
slice ts=424392768385508 seq=148 step=11 request=0x99d1eb8a554250ae phase=2 tokens=1
slice ts=424392768385508 seq=149 step=11 request=0x43f68ab4bfd925dd phase=2 tokens=1
slice ts=424392768385508 seq=150 step=11 request=0xe0165060a6428b14 phase=2 tokens=1
slice ts=424392768385508 seq=151 step=11 request=0x19da917654312ec9 phase=2 tokens=1
slice ts=424392768385508 seq=152 step=11 request=0x656dab14ecb437c0 phase=2 tokens=1
packed_begin ts=424392768924211 seq=153 step=11 generation=11 tokens=7 slices=7 flags=0x0
packed_slice ts=424392768924211 seq=154 step=11 generation=11 request=0x656dab14ecb437c0 index=0 rows=[0,1) tokens=1 phase=2
packed_slice ts=424392768924211 seq=155 step=11 generation=11 request=0xa74e8be7d5a2b5d2 index=1 rows=[1,2) tokens=1 phase=2
packed_slice ts=424392768924211 seq=156 step=11 generation=11 request=0xe29c53cd749b6f80 index=2 rows=[2,3) tokens=1 phase=2
packed_slice ts=424392768924211 seq=157 step=11 generation=11 request=0x99d1eb8a554250ae index=3 rows=[3,4) tokens=1 phase=2
packed_slice ts=424392768924211 seq=158 step=11 generation=11 request=0x43f68ab4bfd925dd index=4 rows=[4,5) tokens=1 phase=2
packed_slice ts=424392768924211 seq=159 step=11 generation=11 request=0xe0165060a6428b14 index=5 rows=[5,6) tokens=1 phase=2
packed_slice ts=424392768924211 seq=160 step=11 generation=11 request=0x19da917654312ec9 index=6 rows=[6,7) tokens=1 phase=2
end ts=424392892875613 seq=161 step=10 status=0 flags=0x0
begin ts=424392893475758 seq=162 step=12 scheduled=7 prefill=0 decode=7 queue=0 active=7 slices=7 kv_permyriad=64 flags=0x0
slice ts=424392893475758 seq=163 step=12 request=0xa74e8be7d5a2b5d2 phase=2 tokens=1
slice ts=424392893475758 seq=164 step=12 request=0xe29c53cd749b6f80 phase=2 tokens=1
slice ts=424392893475758 seq=165 step=12 request=0x99d1eb8a554250ae phase=2 tokens=1
slice ts=424392893475758 seq=166 step=12 request=0x43f68ab4bfd925dd phase=2 tokens=1
slice ts=424392893475758 seq=167 step=12 request=0xe0165060a6428b14 phase=2 tokens=1
slice ts=424392893475758 seq=168 step=12 request=0x19da917654312ec9 phase=2 tokens=1
slice ts=424392893475758 seq=169 step=12 request=0x656dab14ecb437c0 phase=2 tokens=1
packed_begin ts=424392893795080 seq=170 step=12 generation=12 tokens=7 slices=7 flags=0x0
packed_slice ts=424392893795080 seq=171 step=12 generation=12 request=0x656dab14ecb437c0 index=0 rows=[0,1) tokens=1 phase=2
packed_slice ts=424392893795080 seq=172 step=12 generation=12 request=0xa74e8be7d5a2b5d2 index=1 rows=[1,2) tokens=1 phase=2
packed_slice ts=424392893795080 seq=173 step=12 generation=12 request=0xe29c53cd749b6f80 index=2 rows=[2,3) tokens=1 phase=2
packed_slice ts=424392893795080 seq=174 step=12 generation=12 request=0x99d1eb8a554250ae index=3 rows=[3,4) tokens=1 phase=2
packed_slice ts=424392893795080 seq=175 step=12 generation=12 request=0x43f68ab4bfd925dd index=4 rows=[4,5) tokens=1 phase=2
packed_slice ts=424392893795080 seq=176 step=12 generation=12 request=0xe0165060a6428b14 index=5 rows=[5,6) tokens=1 phase=2
packed_slice ts=424392893795080 seq=177 step=12 generation=12 request=0x19da917654312ec9 index=6 rows=[6,7) tokens=1 phase=2
end ts=424393012939941 seq=178 step=11 status=0 flags=0x0
begin ts=424393013359281 seq=179 step=13 scheduled=7 prefill=0 decode=7 queue=0 active=7 slices=7 kv_permyriad=67 flags=0x0
slice ts=424393013359281 seq=180 step=13 request=0xa74e8be7d5a2b5d2 phase=2 tokens=1
slice ts=424393013359281 seq=181 step=13 request=0xe29c53cd749b6f80 phase=2 tokens=1
slice ts=424393013359281 seq=182 step=13 request=0x99d1eb8a554250ae phase=2 tokens=1
slice ts=424393013359281 seq=183 step=13 request=0x43f68ab4bfd925dd phase=2 tokens=1
slice ts=424393013359281 seq=184 step=13 request=0xe0165060a6428b14 phase=2 tokens=1
slice ts=424393013359281 seq=185 step=13 request=0x19da917654312ec9 phase=2 tokens=1
slice ts=424393013359281 seq=186 step=13 request=0x656dab14ecb437c0 phase=2 tokens=1
packed_begin ts=424393013694027 seq=187 step=13 generation=13 tokens=7 slices=7 flags=0x0
packed_slice ts=424393013694027 seq=188 step=13 generation=13 request=0x656dab14ecb437c0 index=0 rows=[0,1) tokens=1 phase=2
packed_slice ts=424393013694027 seq=189 step=13 generation=13 request=0xa74e8be7d5a2b5d2 index=1 rows=[1,2) tokens=1 phase=2
packed_slice ts=424393013694027 seq=190 step=13 generation=13 request=0xe29c53cd749b6f80 index=2 rows=[2,3) tokens=1 phase=2
packed_slice ts=424393013694027 seq=191 step=13 generation=13 request=0x99d1eb8a554250ae index=3 rows=[3,4) tokens=1 phase=2
packed_slice ts=424393013694027 seq=192 step=13 generation=13 request=0x43f68ab4bfd925dd index=4 rows=[4,5) tokens=1 phase=2
packed_slice ts=424393013694027 seq=193 step=13 generation=13 request=0xe0165060a6428b14 index=5 rows=[5,6) tokens=1 phase=2
packed_slice ts=424393013694027 seq=194 step=13 generation=13 request=0x19da917654312ec9 index=6 rows=[6,7) tokens=1 phase=2
end ts=424393133772260 seq=195 step=12 status=0 flags=0x0
begin ts=424393134061372 seq=196 step=14 scheduled=7 prefill=0 decode=7 queue=0 active=7 slices=7 kv_permyriad=67 flags=0x0
slice ts=424393134061372 seq=197 step=14 request=0xa74e8be7d5a2b5d2 phase=2 tokens=1
slice ts=424393134061372 seq=198 step=14 request=0xe29c53cd749b6f80 phase=2 tokens=1
slice ts=424393134061372 seq=199 step=14 request=0x99d1eb8a554250ae phase=2 tokens=1
slice ts=424393134061372 seq=200 step=14 request=0x43f68ab4bfd925dd phase=2 tokens=1
slice ts=424393134061372 seq=201 step=14 request=0xe0165060a6428b14 phase=2 tokens=1
slice ts=424393134061372 seq=202 step=14 request=0x19da917654312ec9 phase=2 tokens=1
slice ts=424393134061372 seq=203 step=14 request=0x656dab14ecb437c0 phase=2 tokens=1
packed_begin ts=424393134235969 seq=204 step=14 generation=14 tokens=7 slices=7 flags=0x0
packed_slice ts=424393134235969 seq=205 step=14 generation=14 request=0x656dab14ecb437c0 index=0 rows=[0,1) tokens=1 phase=2
packed_slice ts=424393134235969 seq=206 step=14 generation=14 request=0xa74e8be7d5a2b5d2 index=1 rows=[1,2) tokens=1 phase=2
packed_slice ts=424393134235969 seq=207 step=14 generation=14 request=0xe29c53cd749b6f80 index=2 rows=[2,3) tokens=1 phase=2
packed_slice ts=424393134235969 seq=208 step=14 generation=14 request=0x99d1eb8a554250ae index=3 rows=[3,4) tokens=1 phase=2
packed_slice ts=424393134235969 seq=209 step=14 generation=14 request=0x43f68ab4bfd925dd index=4 rows=[4,5) tokens=1 phase=2
packed_slice ts=424393134235969 seq=210 step=14 generation=14 request=0xe0165060a6428b14 index=5 rows=[5,6) tokens=1 phase=2
packed_slice ts=424393134235969 seq=211 step=14 generation=14 request=0x19da917654312ec9 index=6 rows=[6,7) tokens=1 phase=2
end ts=424393255945738 seq=212 step=13 status=0 flags=0x0
begin ts=424393256223154 seq=213 step=15 scheduled=6 prefill=0 decode=6 queue=0 active=7 slices=6 kv_permyriad=70 flags=0x0
slice ts=424393256223154 seq=214 step=15 request=0xe29c53cd749b6f80 phase=2 tokens=1
slice ts=424393256223154 seq=215 step=15 request=0x99d1eb8a554250ae phase=2 tokens=1
slice ts=424393256223154 seq=216 step=15 request=0x43f68ab4bfd925dd phase=2 tokens=1
slice ts=424393256223154 seq=217 step=15 request=0xe0165060a6428b14 phase=2 tokens=1
slice ts=424393256223154 seq=218 step=15 request=0x19da917654312ec9 phase=2 tokens=1
slice ts=424393256223154 seq=219 step=15 request=0x656dab14ecb437c0 phase=2 tokens=1
packed_begin ts=424393256697488 seq=220 step=15 generation=15 tokens=6 slices=6 flags=0x0
packed_slice ts=424393256697488 seq=221 step=15 generation=15 request=0x656dab14ecb437c0 index=0 rows=[0,1) tokens=1 phase=2
packed_slice ts=424393256697488 seq=222 step=15 generation=15 request=0x19da917654312ec9 index=1 rows=[1,2) tokens=1 phase=2
packed_slice ts=424393256697488 seq=223 step=15 generation=15 request=0xe29c53cd749b6f80 index=2 rows=[2,3) tokens=1 phase=2
packed_slice ts=424393256697488 seq=224 step=15 generation=15 request=0x99d1eb8a554250ae index=3 rows=[3,4) tokens=1 phase=2
packed_slice ts=424393256697488 seq=225 step=15 generation=15 request=0x43f68ab4bfd925dd index=4 rows=[4,5) tokens=1 phase=2
packed_slice ts=424393256697488 seq=226 step=15 generation=15 request=0xe0165060a6428b14 index=5 rows=[5,6) tokens=1 phase=2
end ts=424393376950876 seq=227 step=14 status=0 flags=0x0
begin ts=424393377235812 seq=228 step=16 scheduled=6 prefill=0 decode=6 queue=0 active=6 slices=6 kv_permyriad=61 flags=0x0
slice ts=424393377235812 seq=229 step=16 request=0xe29c53cd749b6f80 phase=2 tokens=1
slice ts=424393377235812 seq=230 step=16 request=0x99d1eb8a554250ae phase=2 tokens=1
slice ts=424393377235812 seq=231 step=16 request=0x43f68ab4bfd925dd phase=2 tokens=1
slice ts=424393377235812 seq=232 step=16 request=0xe0165060a6428b14 phase=2 tokens=1
slice ts=424393377235812 seq=233 step=16 request=0x19da917654312ec9 phase=2 tokens=1
slice ts=424393377235812 seq=234 step=16 request=0x656dab14ecb437c0 phase=2 tokens=1
packed_begin ts=424393377469195 seq=235 step=16 generation=16 tokens=6 slices=6 flags=0x0
packed_slice ts=424393377469195 seq=236 step=16 generation=16 request=0x656dab14ecb437c0 index=0 rows=[0,1) tokens=1 phase=2
packed_slice ts=424393377469195 seq=237 step=16 generation=16 request=0x19da917654312ec9 index=1 rows=[1,2) tokens=1 phase=2
packed_slice ts=424393377469195 seq=238 step=16 generation=16 request=0xe29c53cd749b6f80 index=2 rows=[2,3) tokens=1 phase=2
packed_slice ts=424393377469195 seq=239 step=16 generation=16 request=0x99d1eb8a554250ae index=3 rows=[3,4) tokens=1 phase=2
packed_slice ts=424393377469195 seq=240 step=16 generation=16 request=0x43f68ab4bfd925dd index=4 rows=[4,5) tokens=1 phase=2
packed_slice ts=424393377469195 seq=241 step=16 generation=16 request=0xe0165060a6428b14 index=5 rows=[5,6) tokens=1 phase=2
end ts=424393497837110 seq=242 step=15 status=0 flags=0x0
begin ts=424393498041884 seq=243 step=17 scheduled=6 prefill=0 decode=6 queue=0 active=6 slices=6 kv_permyriad=61 flags=0x0
slice ts=424393498041884 seq=244 step=17 request=0xe29c53cd749b6f80 phase=2 tokens=1
slice ts=424393498041884 seq=245 step=17 request=0x99d1eb8a554250ae phase=2 tokens=1
slice ts=424393498041884 seq=246 step=17 request=0x43f68ab4bfd925dd phase=2 tokens=1
slice ts=424393498041884 seq=247 step=17 request=0xe0165060a6428b14 phase=2 tokens=1
slice ts=424393498041884 seq=248 step=17 request=0x19da917654312ec9 phase=2 tokens=1
slice ts=424393498041884 seq=249 step=17 request=0x656dab14ecb437c0 phase=2 tokens=1
packed_begin ts=424393498226578 seq=250 step=17 generation=17 tokens=6 slices=6 flags=0x0
packed_slice ts=424393498226578 seq=251 step=17 generation=17 request=0x656dab14ecb437c0 index=0 rows=[0,1) tokens=1 phase=2
packed_slice ts=424393498226578 seq=252 step=17 generation=17 request=0x19da917654312ec9 index=1 rows=[1,2) tokens=1 phase=2
packed_slice ts=424393498226578 seq=253 step=17 generation=17 request=0xe29c53cd749b6f80 index=2 rows=[2,3) tokens=1 phase=2
packed_slice ts=424393498226578 seq=254 step=17 generation=17 request=0x99d1eb8a554250ae index=3 rows=[3,4) tokens=1 phase=2
packed_slice ts=424393498226578 seq=255 step=17 generation=17 request=0x43f68ab4bfd925dd index=4 rows=[4,5) tokens=1 phase=2
packed_slice ts=424393498226578 seq=256 step=17 generation=17 request=0xe0165060a6428b14 index=5 rows=[5,6) tokens=1 phase=2
end ts=424393619085259 seq=257 step=16 status=0 flags=0x0
begin ts=424393619317154 seq=258 step=18 scheduled=6 prefill=0 decode=6 queue=0 active=6 slices=6 kv_permyriad=61 flags=0x0
slice ts=424393619317154 seq=259 step=18 request=0xe29c53cd749b6f80 phase=2 tokens=1
slice ts=424393619317154 seq=260 step=18 request=0x99d1eb8a554250ae phase=2 tokens=1
slice ts=424393619317154 seq=261 step=18 request=0x43f68ab4bfd925dd phase=2 tokens=1
slice ts=424393619317154 seq=262 step=18 request=0xe0165060a6428b14 phase=2 tokens=1
slice ts=424393619317154 seq=263 step=18 request=0x19da917654312ec9 phase=2 tokens=1
slice ts=424393619317154 seq=264 step=18 request=0x656dab14ecb437c0 phase=2 tokens=1
packed_begin ts=424393619565369 seq=265 step=18 generation=18 tokens=6 slices=6 flags=0x0
packed_slice ts=424393619565369 seq=266 step=18 generation=18 request=0x656dab14ecb437c0 index=0 rows=[0,1) tokens=1 phase=2
packed_slice ts=424393619565369 seq=267 step=18 generation=18 request=0x19da917654312ec9 index=1 rows=[1,2) tokens=1 phase=2
packed_slice ts=424393619565369 seq=268 step=18 generation=18 request=0xe29c53cd749b6f80 index=2 rows=[2,3) tokens=1 phase=2
packed_slice ts=424393619565369 seq=269 step=18 generation=18 request=0x99d1eb8a554250ae index=3 rows=[3,4) tokens=1 phase=2
packed_slice ts=424393619565369 seq=270 step=18 generation=18 request=0x43f68ab4bfd925dd index=4 rows=[4,5) tokens=1 phase=2
packed_slice ts=424393619565369 seq=271 step=18 generation=18 request=0xe0165060a6428b14 index=5 rows=[5,6) tokens=1 phase=2
end ts=424393740521286 seq=272 step=17 status=0 flags=0x0
begin ts=424393740712027 seq=273 step=19 scheduled=6 prefill=0 decode=6 queue=0 active=6 slices=6 kv_permyriad=64 flags=0x0
slice ts=424393740712027 seq=274 step=19 request=0xe29c53cd749b6f80 phase=2 tokens=1
slice ts=424393740712027 seq=275 step=19 request=0x99d1eb8a554250ae phase=2 tokens=1
slice ts=424393740712027 seq=276 step=19 request=0x43f68ab4bfd925dd phase=2 tokens=1
slice ts=424393740712027 seq=277 step=19 request=0xe0165060a6428b14 phase=2 tokens=1
slice ts=424393740712027 seq=278 step=19 request=0x19da917654312ec9 phase=2 tokens=1
slice ts=424393740712027 seq=279 step=19 request=0x656dab14ecb437c0 phase=2 tokens=1
packed_begin ts=424393740916977 seq=280 step=19 generation=19 tokens=6 slices=6 flags=0x0
packed_slice ts=424393740916977 seq=281 step=19 generation=19 request=0x656dab14ecb437c0 index=0 rows=[0,1) tokens=1 phase=2
packed_slice ts=424393740916977 seq=282 step=19 generation=19 request=0x19da917654312ec9 index=1 rows=[1,2) tokens=1 phase=2
packed_slice ts=424393740916977 seq=283 step=19 generation=19 request=0xe29c53cd749b6f80 index=2 rows=[2,3) tokens=1 phase=2
packed_slice ts=424393740916977 seq=284 step=19 generation=19 request=0x99d1eb8a554250ae index=3 rows=[3,4) tokens=1 phase=2
packed_slice ts=424393740916977 seq=285 step=19 generation=19 request=0x43f68ab4bfd925dd index=4 rows=[4,5) tokens=1 phase=2
packed_slice ts=424393740916977 seq=286 step=19 generation=19 request=0xe0165060a6428b14 index=5 rows=[5,6) tokens=1 phase=2
end ts=424393861692921 seq=287 step=18 status=0 flags=0x0
begin ts=424393861910735 seq=288 step=20 scheduled=5 prefill=0 decode=5 queue=0 active=6 slices=5 kv_permyriad=64 flags=0x0
slice ts=424393861910735 seq=289 step=20 request=0x99d1eb8a554250ae phase=2 tokens=1
slice ts=424393861910735 seq=290 step=20 request=0x43f68ab4bfd925dd phase=2 tokens=1
slice ts=424393861910735 seq=291 step=20 request=0xe0165060a6428b14 phase=2 tokens=1
slice ts=424393861910735 seq=292 step=20 request=0x19da917654312ec9 phase=2 tokens=1
slice ts=424393861910735 seq=293 step=20 request=0x656dab14ecb437c0 phase=2 tokens=1
packed_begin ts=424393862277594 seq=294 step=20 generation=20 tokens=5 slices=5 flags=0x0
packed_slice ts=424393862277594 seq=295 step=20 generation=20 request=0x656dab14ecb437c0 index=0 rows=[0,1) tokens=1 phase=2
packed_slice ts=424393862277594 seq=296 step=20 generation=20 request=0x19da917654312ec9 index=1 rows=[1,2) tokens=1 phase=2
packed_slice ts=424393862277594 seq=297 step=20 generation=20 request=0xe0165060a6428b14 index=2 rows=[2,3) tokens=1 phase=2
packed_slice ts=424393862277594 seq=298 step=20 generation=20 request=0x99d1eb8a554250ae index=3 rows=[3,4) tokens=1 phase=2
packed_slice ts=424393862277594 seq=299 step=20 generation=20 request=0x43f68ab4bfd925dd index=4 rows=[4,5) tokens=1 phase=2
end ts=424393982801354 seq=300 step=19 status=0 flags=0x0
begin ts=424393983061777 seq=301 step=21 scheduled=5 prefill=0 decode=5 queue=0 active=5 slices=5 kv_permyriad=45 flags=0x0
slice ts=424393983061777 seq=302 step=21 request=0x99d1eb8a554250ae phase=2 tokens=1
slice ts=424393983061777 seq=303 step=21 request=0x43f68ab4bfd925dd phase=2 tokens=1
slice ts=424393983061777 seq=304 step=21 request=0xe0165060a6428b14 phase=2 tokens=1
slice ts=424393983061777 seq=305 step=21 request=0x19da917654312ec9 phase=2 tokens=1
slice ts=424393983061777 seq=306 step=21 request=0x656dab14ecb437c0 phase=2 tokens=1
packed_begin ts=424393983275976 seq=307 step=21 generation=21 tokens=5 slices=5 flags=0x0
packed_slice ts=424393983275976 seq=308 step=21 generation=21 request=0x656dab14ecb437c0 index=0 rows=[0,1) tokens=1 phase=2
packed_slice ts=424393983275976 seq=309 step=21 generation=21 request=0x19da917654312ec9 index=1 rows=[1,2) tokens=1 phase=2
packed_slice ts=424393983275976 seq=310 step=21 generation=21 request=0xe0165060a6428b14 index=2 rows=[2,3) tokens=1 phase=2
packed_slice ts=424393983275976 seq=311 step=21 generation=21 request=0x99d1eb8a554250ae index=3 rows=[3,4) tokens=1 phase=2
packed_slice ts=424393983275976 seq=312 step=21 generation=21 request=0x43f68ab4bfd925dd index=4 rows=[4,5) tokens=1 phase=2
end ts=424394103602450 seq=313 step=20 status=0 flags=0x0
begin ts=424394103808424 seq=314 step=22 scheduled=5 prefill=0 decode=5 queue=0 active=5 slices=5 kv_permyriad=48 flags=0x0
slice ts=424394103808424 seq=315 step=22 request=0x99d1eb8a554250ae phase=2 tokens=1
slice ts=424394103808424 seq=316 step=22 request=0x43f68ab4bfd925dd phase=2 tokens=1
slice ts=424394103808424 seq=317 step=22 request=0xe0165060a6428b14 phase=2 tokens=1
slice ts=424394103808424 seq=318 step=22 request=0x19da917654312ec9 phase=2 tokens=1
slice ts=424394103808424 seq=319 step=22 request=0x656dab14ecb437c0 phase=2 tokens=1
packed_begin ts=424394103951484 seq=320 step=22 generation=22 tokens=5 slices=5 flags=0x0
packed_slice ts=424394103951484 seq=321 step=22 generation=22 request=0x656dab14ecb437c0 index=0 rows=[0,1) tokens=1 phase=2
packed_slice ts=424394103951484 seq=322 step=22 generation=22 request=0x19da917654312ec9 index=1 rows=[1,2) tokens=1 phase=2
packed_slice ts=424394103951484 seq=323 step=22 generation=22 request=0xe0165060a6428b14 index=2 rows=[2,3) tokens=1 phase=2
packed_slice ts=424394103951484 seq=324 step=22 generation=22 request=0x99d1eb8a554250ae index=3 rows=[3,4) tokens=1 phase=2
packed_slice ts=424394103951484 seq=325 step=22 generation=22 request=0x43f68ab4bfd925dd index=4 rows=[4,5) tokens=1 phase=2
end ts=424394225108574 seq=326 step=21 status=0 flags=0x0
begin ts=424394225491898 seq=327 step=23 scheduled=5 prefill=0 decode=5 queue=0 active=5 slices=5 kv_permyriad=48 flags=0x0
slice ts=424394225491898 seq=328 step=23 request=0x99d1eb8a554250ae phase=2 tokens=1
slice ts=424394225491898 seq=329 step=23 request=0x43f68ab4bfd925dd phase=2 tokens=1
slice ts=424394225491898 seq=330 step=23 request=0xe0165060a6428b14 phase=2 tokens=1
slice ts=424394225491898 seq=331 step=23 request=0x19da917654312ec9 phase=2 tokens=1
slice ts=424394225491898 seq=332 step=23 request=0x656dab14ecb437c0 phase=2 tokens=1
packed_begin ts=424394225984456 seq=333 step=23 generation=23 tokens=5 slices=5 flags=0x0
packed_slice ts=424394225984456 seq=334 step=23 generation=23 request=0x656dab14ecb437c0 index=0 rows=[0,1) tokens=1 phase=2
packed_slice ts=424394225984456 seq=335 step=23 generation=23 request=0x19da917654312ec9 index=1 rows=[1,2) tokens=1 phase=2
packed_slice ts=424394225984456 seq=336 step=23 generation=23 request=0xe0165060a6428b14 index=2 rows=[2,3) tokens=1 phase=2
packed_slice ts=424394225984456 seq=337 step=23 generation=23 request=0x99d1eb8a554250ae index=3 rows=[3,4) tokens=1 phase=2
packed_slice ts=424394225984456 seq=338 step=23 generation=23 request=0x43f68ab4bfd925dd index=4 rows=[4,5) tokens=1 phase=2
end ts=424394346070411 seq=339 step=22 status=0 flags=0x0
begin ts=424394346610795 seq=340 step=24 scheduled=4 prefill=0 decode=4 queue=0 active=5 slices=4 kv_permyriad=48 flags=0x0
slice ts=424394346610795 seq=341 step=24 request=0x43f68ab4bfd925dd phase=2 tokens=1
slice ts=424394346610795 seq=342 step=24 request=0xe0165060a6428b14 phase=2 tokens=1
slice ts=424394346610795 seq=343 step=24 request=0x19da917654312ec9 phase=2 tokens=1
slice ts=424394346610795 seq=344 step=24 request=0x656dab14ecb437c0 phase=2 tokens=1
packed_begin ts=424394347010838 seq=345 step=24 generation=24 tokens=4 slices=4 flags=0x0
packed_slice ts=424394347010838 seq=346 step=24 generation=24 request=0x656dab14ecb437c0 index=0 rows=[0,1) tokens=1 phase=2
packed_slice ts=424394347010838 seq=347 step=24 generation=24 request=0x19da917654312ec9 index=1 rows=[1,2) tokens=1 phase=2
packed_slice ts=424394347010838 seq=348 step=24 generation=24 request=0xe0165060a6428b14 index=2 rows=[2,3) tokens=1 phase=2
packed_slice ts=424394347010838 seq=349 step=24 generation=24 request=0x43f68ab4bfd925dd index=3 rows=[3,4) tokens=1 phase=2
end ts=424394466644071 seq=350 step=23 status=0 flags=0x0
begin ts=424394467026338 seq=351 step=25 scheduled=4 prefill=0 decode=4 queue=0 active=4 slices=4 kv_permyriad=36 flags=0x0
slice ts=424394467026338 seq=352 step=25 request=0x43f68ab4bfd925dd phase=2 tokens=1
slice ts=424394467026338 seq=353 step=25 request=0xe0165060a6428b14 phase=2 tokens=1
slice ts=424394467026338 seq=354 step=25 request=0x19da917654312ec9 phase=2 tokens=1
slice ts=424394467026338 seq=355 step=25 request=0x656dab14ecb437c0 phase=2 tokens=1
packed_begin ts=424394467185111 seq=356 step=25 generation=25 tokens=4 slices=4 flags=0x0
packed_slice ts=424394467185111 seq=357 step=25 generation=25 request=0x656dab14ecb437c0 index=0 rows=[0,1) tokens=1 phase=2
packed_slice ts=424394467185111 seq=358 step=25 generation=25 request=0x19da917654312ec9 index=1 rows=[1,2) tokens=1 phase=2
packed_slice ts=424394467185111 seq=359 step=25 generation=25 request=0xe0165060a6428b14 index=2 rows=[2,3) tokens=1 phase=2
packed_slice ts=424394467185111 seq=360 step=25 generation=25 request=0x43f68ab4bfd925dd index=3 rows=[3,4) tokens=1 phase=2
end ts=424394586652530 seq=361 step=24 status=0 flags=0x0
begin ts=424394586973931 seq=362 step=26 scheduled=4 prefill=0 decode=4 queue=0 active=4 slices=4 kv_permyriad=36 flags=0x0
slice ts=424394586973931 seq=363 step=26 request=0x43f68ab4bfd925dd phase=2 tokens=1
slice ts=424394586973931 seq=364 step=26 request=0xe0165060a6428b14 phase=2 tokens=1
slice ts=424394586973931 seq=365 step=26 request=0x19da917654312ec9 phase=2 tokens=1
slice ts=424394586973931 seq=366 step=26 request=0x656dab14ecb437c0 phase=2 tokens=1
packed_begin ts=424394587245939 seq=367 step=26 generation=26 tokens=4 slices=4 flags=0x0
packed_slice ts=424394587245939 seq=368 step=26 generation=26 request=0x656dab14ecb437c0 index=0 rows=[0,1) tokens=1 phase=2
packed_slice ts=424394587245939 seq=369 step=26 generation=26 request=0x19da917654312ec9 index=1 rows=[1,2) tokens=1 phase=2
packed_slice ts=424394587245939 seq=370 step=26 generation=26 request=0xe0165060a6428b14 index=2 rows=[2,3) tokens=1 phase=2
packed_slice ts=424394587245939 seq=371 step=26 generation=26 request=0x43f68ab4bfd925dd index=3 rows=[3,4) tokens=1 phase=2
end ts=424394706300403 seq=372 step=25 status=0 flags=0x0
begin ts=424394706538682 seq=373 step=27 scheduled=4 prefill=0 decode=4 queue=0 active=4 slices=4 kv_permyriad=36 flags=0x0
slice ts=424394706538682 seq=374 step=27 request=0x43f68ab4bfd925dd phase=2 tokens=1
slice ts=424394706538682 seq=375 step=27 request=0xe0165060a6428b14 phase=2 tokens=1
slice ts=424394706538682 seq=376 step=27 request=0x19da917654312ec9 phase=2 tokens=1
slice ts=424394706538682 seq=377 step=27 request=0x656dab14ecb437c0 phase=2 tokens=1
packed_begin ts=424394706667870 seq=378 step=27 generation=27 tokens=4 slices=4 flags=0x0
packed_slice ts=424394706667870 seq=379 step=27 generation=27 request=0x656dab14ecb437c0 index=0 rows=[0,1) tokens=1 phase=2
packed_slice ts=424394706667870 seq=380 step=27 generation=27 request=0x19da917654312ec9 index=1 rows=[1,2) tokens=1 phase=2
packed_slice ts=424394706667870 seq=381 step=27 generation=27 request=0xe0165060a6428b14 index=2 rows=[2,3) tokens=1 phase=2
packed_slice ts=424394706667870 seq=382 step=27 generation=27 request=0x43f68ab4bfd925dd index=3 rows=[3,4) tokens=1 phase=2
end ts=424394826457650 seq=383 step=26 status=0 flags=0x0
begin ts=424394826767003 seq=384 step=28 scheduled=3 prefill=0 decode=3 queue=0 active=4 slices=3 kv_permyriad=36 flags=0x0
slice ts=424394826767003 seq=385 step=28 request=0xe0165060a6428b14 phase=2 tokens=1
slice ts=424394826767003 seq=386 step=28 request=0x19da917654312ec9 phase=2 tokens=1
slice ts=424394826767003 seq=387 step=28 request=0x656dab14ecb437c0 phase=2 tokens=1
packed_begin ts=424394827079061 seq=388 step=28 generation=28 tokens=3 slices=3 flags=0x0
packed_slice ts=424394827079061 seq=389 step=28 generation=28 request=0x656dab14ecb437c0 index=0 rows=[0,1) tokens=1 phase=2
packed_slice ts=424394827079061 seq=390 step=28 generation=28 request=0x19da917654312ec9 index=1 rows=[1,2) tokens=1 phase=2
packed_slice ts=424394827079061 seq=391 step=28 generation=28 request=0xe0165060a6428b14 index=2 rows=[2,3) tokens=1 phase=2
end ts=424394946589649 seq=392 step=27 status=0 flags=0x0
begin ts=424394946973341 seq=393 step=29 scheduled=3 prefill=0 decode=3 queue=0 active=3 slices=3 kv_permyriad=27 flags=0x0
slice ts=424394946973341 seq=394 step=29 request=0xe0165060a6428b14 phase=2 tokens=1
slice ts=424394946973341 seq=395 step=29 request=0x19da917654312ec9 phase=2 tokens=1
slice ts=424394946973341 seq=396 step=29 request=0x656dab14ecb437c0 phase=2 tokens=1
packed_begin ts=424394947448858 seq=397 step=29 generation=29 tokens=3 slices=3 flags=0x0
packed_slice ts=424394947448858 seq=398 step=29 generation=29 request=0x656dab14ecb437c0 index=0 rows=[0,1) tokens=1 phase=2
packed_slice ts=424394947448858 seq=399 step=29 generation=29 request=0x19da917654312ec9 index=1 rows=[1,2) tokens=1 phase=2
packed_slice ts=424394947448858 seq=400 step=29 generation=29 request=0xe0165060a6428b14 index=2 rows=[2,3) tokens=1 phase=2
end ts=424395066325461 seq=401 step=28 status=0 flags=0x0
begin ts=424395066709072 seq=402 step=30 scheduled=3 prefill=0 decode=3 queue=0 active=3 slices=3 kv_permyriad=27 flags=0x0
slice ts=424395066709072 seq=403 step=30 request=0xe0165060a6428b14 phase=2 tokens=1
slice ts=424395066709072 seq=404 step=30 request=0x19da917654312ec9 phase=2 tokens=1
slice ts=424395066709072 seq=405 step=30 request=0x656dab14ecb437c0 phase=2 tokens=1
packed_begin ts=424395067183598 seq=406 step=30 generation=30 tokens=3 slices=3 flags=0x0
packed_slice ts=424395067183598 seq=407 step=30 generation=30 request=0x656dab14ecb437c0 index=0 rows=[0,1) tokens=1 phase=2
packed_slice ts=424395067183598 seq=408 step=30 generation=30 request=0x19da917654312ec9 index=1 rows=[1,2) tokens=1 phase=2
packed_slice ts=424395067183598 seq=409 step=30 generation=30 request=0xe0165060a6428b14 index=2 rows=[2,3) tokens=1 phase=2
end ts=424395185798993 seq=410 step=29 status=0 flags=0x0
begin ts=424395186127610 seq=411 step=31 scheduled=3 prefill=0 decode=3 queue=0 active=3 slices=3 kv_permyriad=27 flags=0x0
slice ts=424395186127610 seq=412 step=31 request=0xe0165060a6428b14 phase=2 tokens=1
slice ts=424395186127610 seq=413 step=31 request=0x19da917654312ec9 phase=2 tokens=1
slice ts=424395186127610 seq=414 step=31 request=0x656dab14ecb437c0 phase=2 tokens=1
packed_begin ts=424395186690890 seq=415 step=31 generation=31 tokens=3 slices=3 flags=0x0
packed_slice ts=424395186690890 seq=416 step=31 generation=31 request=0x656dab14ecb437c0 index=0 rows=[0,1) tokens=1 phase=2
packed_slice ts=424395186690890 seq=417 step=31 generation=31 request=0x19da917654312ec9 index=1 rows=[1,2) tokens=1 phase=2
packed_slice ts=424395186690890 seq=418 step=31 generation=31 request=0xe0165060a6428b14 index=2 rows=[2,3) tokens=1 phase=2
end ts=424395306186711 seq=419 step=30 status=0 flags=0x0
begin ts=424395306527649 seq=420 step=32 scheduled=2 prefill=0 decode=2 queue=0 active=3 slices=2 kv_permyriad=27 flags=0x0
slice ts=424395306527649 seq=421 step=32 request=0x19da917654312ec9 phase=2 tokens=1
slice ts=424395306527649 seq=422 step=32 request=0x656dab14ecb437c0 phase=2 tokens=1
packed_begin ts=424395306958125 seq=423 step=32 generation=32 tokens=2 slices=2 flags=0x0
packed_slice ts=424395306958125 seq=424 step=32 generation=32 request=0x656dab14ecb437c0 index=0 rows=[0,1) tokens=1 phase=2
packed_slice ts=424395306958125 seq=425 step=32 generation=32 request=0x19da917654312ec9 index=1 rows=[1,2) tokens=1 phase=2
end ts=424395425471561 seq=426 step=31 status=0 flags=0x0
begin ts=424395425733457 seq=427 step=33 scheduled=2 prefill=0 decode=2 queue=0 active=2 slices=2 kv_permyriad=18 flags=0x0
slice ts=424395425733457 seq=428 step=33 request=0x19da917654312ec9 phase=2 tokens=1
slice ts=424395425733457 seq=429 step=33 request=0x656dab14ecb437c0 phase=2 tokens=1
packed_begin ts=424395425876853 seq=430 step=33 generation=33 tokens=2 slices=2 flags=0x0
packed_slice ts=424395425876853 seq=431 step=33 generation=33 request=0x656dab14ecb437c0 index=0 rows=[0,1) tokens=1 phase=2
packed_slice ts=424395425876853 seq=432 step=33 generation=33 request=0x19da917654312ec9 index=1 rows=[1,2) tokens=1 phase=2
end ts=424395545149701 seq=433 step=32 status=0 flags=0x0
begin ts=424395545352203 seq=434 step=34 scheduled=2 prefill=0 decode=2 queue=0 active=2 slices=2 kv_permyriad=18 flags=0x0
slice ts=424395545352203 seq=435 step=34 request=0x19da917654312ec9 phase=2 tokens=1
slice ts=424395545352203 seq=436 step=34 request=0x656dab14ecb437c0 phase=2 tokens=1
packed_begin ts=424395545539761 seq=437 step=34 generation=34 tokens=2 slices=2 flags=0x0
packed_slice ts=424395545539761 seq=438 step=34 generation=34 request=0x656dab14ecb437c0 index=0 rows=[0,1) tokens=1 phase=2
packed_slice ts=424395545539761 seq=439 step=34 generation=34 request=0x19da917654312ec9 index=1 rows=[1,2) tokens=1 phase=2
end ts=424395664807393 seq=440 step=33 status=0 flags=0x0
begin ts=424395665017863 seq=441 step=35 scheduled=2 prefill=0 decode=2 queue=0 active=2 slices=2 kv_permyriad=18 flags=0x0
slice ts=424395665017863 seq=442 step=35 request=0x19da917654312ec9 phase=2 tokens=1
slice ts=424395665017863 seq=443 step=35 request=0x656dab14ecb437c0 phase=2 tokens=1
packed_begin ts=424395665190652 seq=444 step=35 generation=35 tokens=2 slices=2 flags=0x0
packed_slice ts=424395665190652 seq=445 step=35 generation=35 request=0x656dab14ecb437c0 index=0 rows=[0,1) tokens=1 phase=2
packed_slice ts=424395665190652 seq=446 step=35 generation=35 request=0x19da917654312ec9 index=1 rows=[1,2) tokens=1 phase=2
end ts=424395784821431 seq=447 step=34 status=0 flags=0x0
begin ts=424395785039053 seq=448 step=36 scheduled=2 prefill=0 decode=2 queue=0 active=2 slices=2 kv_permyriad=18 flags=0x0
slice ts=424395785039053 seq=449 step=36 request=0x19da917654312ec9 phase=2 tokens=1
slice ts=424395785039053 seq=450 step=36 request=0x656dab14ecb437c0 phase=2 tokens=1
packed_begin ts=424395785220354 seq=451 step=36 generation=36 tokens=2 slices=2 flags=0x0
packed_slice ts=424395785220354 seq=452 step=36 generation=36 request=0x656dab14ecb437c0 index=0 rows=[0,1) tokens=1 phase=2
packed_slice ts=424395785220354 seq=453 step=36 generation=36 request=0x19da917654312ec9 index=1 rows=[1,2) tokens=1 phase=2
end ts=424395904596629 seq=454 step=35 status=0 flags=0x0
begin ts=424395904815180 seq=455 step=37 scheduled=1 prefill=0 decode=1 queue=0 active=2 slices=1 kv_permyriad=18 flags=0x0
slice ts=424395904815180 seq=456 step=37 request=0x656dab14ecb437c0 phase=2 tokens=1
packed_begin ts=424395905136789 seq=457 step=37 generation=37 tokens=1 slices=1 flags=0x0
packed_slice ts=424395905136789 seq=458 step=37 generation=37 request=0x656dab14ecb437c0 index=0 rows=[0,1) tokens=1 phase=2
end ts=424396024163230 seq=459 step=36 status=0 flags=0x0
begin ts=424396024389909 seq=460 step=38 scheduled=1 prefill=0 decode=1 queue=0 active=1 slices=1 kv_permyriad=12 flags=0x0
slice ts=424396024389909 seq=461 step=38 request=0x656dab14ecb437c0 phase=2 tokens=1
packed_begin ts=424396024751199 seq=462 step=38 generation=38 tokens=1 slices=1 flags=0x0
packed_slice ts=424396024751199 seq=463 step=38 generation=38 request=0x656dab14ecb437c0 index=0 rows=[0,1) tokens=1 phase=2
end ts=424396145171953 seq=464 step=37 status=0 flags=0x0
begin ts=424396145405368 seq=465 step=39 scheduled=1 prefill=0 decode=1 queue=0 active=1 slices=1 kv_permyriad=12 flags=0x0
slice ts=424396145405368 seq=466 step=39 request=0x656dab14ecb437c0 phase=2 tokens=1
packed_begin ts=424396145619198 seq=467 step=39 generation=39 tokens=1 slices=1 flags=0x0
packed_slice ts=424396145619198 seq=468 step=39 generation=39 request=0x656dab14ecb437c0 index=0 rows=[0,1) tokens=1 phase=2
end ts=424396266812310 seq=469 step=38 status=0 flags=0x0
begin ts=424396267095678 seq=470 step=40 scheduled=1 prefill=0 decode=1 queue=0 active=1 slices=1 kv_permyriad=12 flags=0x0
slice ts=424396267095678 seq=471 step=40 request=0x656dab14ecb437c0 phase=2 tokens=1
packed_begin ts=424396267283523 seq=472 step=40 generation=40 tokens=1 slices=1 flags=0x0
packed_slice ts=424396267283523 seq=473 step=40 generation=40 request=0x656dab14ecb437c0 index=0 rows=[0,1) tokens=1 phase=2
end ts=424396386305162 seq=474 step=39 status=0 flags=0x0
end ts=424396505668359 seq=475 step=40 status=0 flags=0x0
