2026-08-14T13:07:05Z
32, 0, 4.78
2026-08-14T13:07:10Z
32, 0, 5.41
2026-08-14T13:07:15Z
33, 0, 4.98
2026-08-14T13:07:20Z
33, 0, 5.94
2026-08-14T13:07:25Z
34, 2, 11.39
2026-08-14T13:07:30Z
34, 1, 11.42
2026-08-14T13:07:35Z
34, 1, 11.42
2026-08-14T13:07:40Z
35, 2, 11.61
2026-08-14T13:07:45Z
35, 0, 11.37
2026-08-14T13:07:50Z
35, 1, 11.61
2026-08-14T13:07:55Z
35, 2, 11.65
2026-08-14T13:08:00Z
36, 2, 11.70
2026-08-14T13:08:05Z
36, 2, 11.73
2026-08-14T13:08:10Z
36, 2, 11.70
2026-08-14T13:08:15Z
36, 2, 11.71
2026-08-14T13:08:20Z
36, 1, 11.66
2026-08-14T13:08:25Z
36, 1, 11.78
2026-08-14T13:08:30Z
36, 1, 11.79
2026-08-14T13:08:35Z
36, 1, 11.82
2026-08-14T13:08:40Z
36, 1, 11.81
2026-08-14T13:08:45Z
37, 2, 11.84
2026-08-14T13:08:50Z
37, 2, 11.84
2026-08-14T13:08:55Z
37, 1, 11.75
2026-08-14T13:09:00Z
37, 2, 11.86
2026-08-14T13:09:05Z
37, 2, 11.88
2026-08-14T13:09:10Z
37, 2, 11.88
2026-08-14T13:09:15Z
37, 1, 11.89
2026-08-14T13:09:20Z
37, 1, 11.91
2026-08-14T13:09:25Z
37, 1, 11.92
2026-08-14T13:09:30Z
37, 0, 11.80
2026-08-14T13:09:35Z
37, 2, 11.95
2026-08-14T13:09:41Z
37, 2, 11.95
2026-08-14T13:09:46Z
37, 0, 11.60
2026-08-14T13:09:51Z
38, 0, 15.63
2026-08-14T13:09:56Z
38, 95, 12.51
2026-08-14T13:10:01Z
39, 95, 11.75
2026-08-14T13:10:06Z
42, 83, 34.92
2026-08-14T13:10:11Z
39, 0, 11.61
2026-08-14T13:10:16Z
42, 96, 26.15
