begin ts=805096857242797 seq=10 step=3 scheduled=70 prefill=70 decode=0 queue=0 active=1 slices=1 kv_permyriad=15 flags=0x0
slice ts=805096857242797 seq=11 step=3 request=0x4234ad9ef8620b35 phase=1 tokens=70
packed_begin ts=805096857479149 seq=12 step=3 generation=3 tokens=70 slices=1 flags=0x0
packed_slice ts=805096857479149 seq=13 step=3 generation=3 request=0x4234ad9ef8620b35 index=0 rows=[0,70) tokens=70 phase=1
begin ts=805096876555175 seq=14 step=4 scheduled=209 prefill=208 decode=1 queue=0 active=7 slices=7 kv_permyriad=64 flags=0x0
slice ts=805096876555175 seq=15 step=4 request=0x4234ad9ef8620b35 phase=2 tokens=1
slice ts=805096876555175 seq=16 step=4 request=0x55d895b3d16d071a phase=1 tokens=25
slice ts=805096876555175 seq=17 step=4 request=0x31bfc630c9e5a45f phase=1 tokens=70
slice ts=805096876555175 seq=18 step=4 request=0x025b506b73f71307 phase=1 tokens=58
slice ts=805096876555175 seq=19 step=4 request=0xc74da24c0be00a2e phase=1 tokens=24
slice ts=805096876555175 seq=20 step=4 request=0xc9999bee717da2a7 phase=1 tokens=18
slice ts=805096876555175 seq=21 step=4 request=0x6035f49009f565a2 phase=1 tokens=13
packed_begin ts=805096876875174 seq=22 step=4 generation=4 tokens=209 slices=7 flags=0x0
packed_slice ts=805096876875174 seq=23 step=4 generation=4 request=0x4234ad9ef8620b35 index=0 rows=[0,1) tokens=1 phase=2
packed_slice ts=805096876875174 seq=24 step=4 generation=4 request=0x55d895b3d16d071a index=1 rows=[1,26) tokens=25 phase=1
packed_slice ts=805096876875174 seq=25 step=4 generation=4 request=0x31bfc630c9e5a45f index=2 rows=[26,96) tokens=70 phase=1
packed_slice ts=805096876875174 seq=26 step=4 generation=4 request=0x025b506b73f71307 index=3 rows=[96,154) tokens=58 phase=1
packed_slice ts=805096876875174 seq=27 step=4 generation=4 request=0xc74da24c0be00a2e index=4 rows=[154,178) tokens=24 phase=1
packed_slice ts=805096876875174 seq=28 step=4 generation=4 request=0xc9999bee717da2a7 index=5 rows=[178,196) tokens=18 phase=1
packed_slice ts=805096876875174 seq=29 step=4 generation=4 request=0x6035f49009f565a2 index=6 rows=[196,209) tokens=13 phase=1
end ts=805097013431624 seq=30 step=3 status=0 flags=0x0
begin ts=805097013713079 seq=31 step=5 scheduled=23 prefill=16 decode=7 queue=0 active=8 slices=8 kv_permyriad=67 flags=0x0
slice ts=805097013713079 seq=32 step=5 request=0x4234ad9ef8620b35 phase=2 tokens=1
slice ts=805097013713079 seq=33 step=5 request=0x55d895b3d16d071a phase=2 tokens=1
slice ts=805097013713079 seq=34 step=5 request=0x31bfc630c9e5a45f phase=2 tokens=1
slice ts=805097013713079 seq=35 step=5 request=0x025b506b73f71307 phase=2 tokens=1
slice ts=805097013713079 seq=36 step=5 request=0xc74da24c0be00a2e phase=2 tokens=1
slice ts=805097013713079 seq=37 step=5 request=0xc9999bee717da2a7 phase=2 tokens=1
slice ts=805097013713079 seq=38 step=5 request=0x6035f49009f565a2 phase=2 tokens=1
slice ts=805097013713079 seq=39 step=5 request=0x0f5fce0cc06410c6 phase=1 tokens=16
packed_begin ts=805097013889319 seq=40 step=5 generation=5 tokens=23 slices=8 flags=0x0
packed_slice ts=805097013889319 seq=41 step=5 generation=5 request=0x4234ad9ef8620b35 index=0 rows=[0,1) tokens=1 phase=2
packed_slice ts=805097013889319 seq=42 step=5 generation=5 request=0x55d895b3d16d071a index=1 rows=[1,2) tokens=1 phase=2
packed_slice ts=805097013889319 seq=43 step=5 generation=5 request=0x31bfc630c9e5a45f index=2 rows=[2,3) tokens=1 phase=2
packed_slice ts=805097013889319 seq=44 step=5 generation=5 request=0x025b506b73f71307 index=3 rows=[3,4) tokens=1 phase=2
packed_slice ts=805097013889319 seq=45 step=5 generation=5 request=0xc74da24c0be00a2e index=4 rows=[4,5) tokens=1 phase=2
packed_slice ts=805097013889319 seq=46 step=5 generation=5 request=0xc9999bee717da2a7 index=5 rows=[5,6) tokens=1 phase=2
packed_slice ts=805097013889319 seq=47 step=5 generation=5 request=0x6035f49009f565a2 index=6 rows=[6,7) tokens=1 phase=2
packed_slice ts=805097013889319 seq=48 step=5 generation=5 request=0x0f5fce0cc06410c6 index=7 rows=[7,23) tokens=16 phase=1
end ts=805097172557597 seq=49 step=4 status=0 flags=0x0
begin ts=805097172802940 seq=50 step=6 scheduled=8 prefill=0 decode=8 queue=0 active=8 slices=8 kv_permyriad=70 flags=0x0
slice ts=805097172802940 seq=51 step=6 request=0x4234ad9ef8620b35 phase=2 tokens=1
slice ts=805097172802940 seq=52 step=6 request=0x55d895b3d16d071a phase=2 tokens=1
slice ts=805097172802940 seq=53 step=6 request=0x31bfc630c9e5a45f phase=2 tokens=1
slice ts=805097172802940 seq=54 step=6 request=0x025b506b73f71307 phase=2 tokens=1
slice ts=805097172802940 seq=55 step=6 request=0xc74da24c0be00a2e phase=2 tokens=1
slice ts=805097172802940 seq=56 step=6 request=0xc9999bee717da2a7 phase=2 tokens=1
slice ts=805097172802940 seq=57 step=6 request=0x6035f49009f565a2 phase=2 tokens=1
slice ts=805097172802940 seq=58 step=6 request=0x0f5fce0cc06410c6 phase=2 tokens=1
packed_begin ts=805097172883676 seq=59 step=6 generation=6 tokens=8 slices=8 flags=0x0
packed_slice ts=805097172883676 seq=60 step=6 generation=6 request=0x4234ad9ef8620b35 index=0 rows=[0,1) tokens=1 phase=2
packed_slice ts=805097172883676 seq=61 step=6 generation=6 request=0x55d895b3d16d071a index=1 rows=[1,2) tokens=1 phase=2
packed_slice ts=805097172883676 seq=62 step=6 generation=6 request=0x31bfc630c9e5a45f index=2 rows=[2,3) tokens=1 phase=2
packed_slice ts=805097172883676 seq=63 step=6 generation=6 request=0x025b506b73f71307 index=3 rows=[3,4) tokens=1 phase=2
packed_slice ts=805097172883676 seq=64 step=6 generation=6 request=0xc74da24c0be00a2e index=4 rows=[4,5) tokens=1 phase=2
packed_slice ts=805097172883676 seq=65 step=6 generation=6 request=0xc9999bee717da2a7 index=5 rows=[5,6) tokens=1 phase=2
packed_slice ts=805097172883676 seq=66 step=6 generation=6 request=0x6035f49009f565a2 index=6 rows=[6,7) tokens=1 phase=2
packed_slice ts=805097172883676 seq=67 step=6 generation=6 request=0x0f5fce0cc06410c6 index=7 rows=[7,8) tokens=1 phase=2
end ts=805097293573565 seq=68 step=5 status=0 flags=0x0
begin ts=805097294169004 seq=69 step=7 scheduled=8 prefill=0 decode=8 queue=0 active=8 slices=8 kv_permyriad=70 flags=0x0
slice ts=805097294169004 seq=70 step=7 request=0x4234ad9ef8620b35 phase=2 tokens=1
slice ts=805097294169004 seq=71 step=7 request=0x55d895b3d16d071a phase=2 tokens=1
slice ts=805097294169004 seq=72 step=7 request=0x31bfc630c9e5a45f phase=2 tokens=1
slice ts=805097294169004 seq=73 step=7 request=0x025b506b73f71307 phase=2 tokens=1
slice ts=805097294169004 seq=74 step=7 request=0xc74da24c0be00a2e phase=2 tokens=1
slice ts=805097294169004 seq=75 step=7 request=0xc9999bee717da2a7 phase=2 tokens=1
slice ts=805097294169004 seq=76 step=7 request=0x6035f49009f565a2 phase=2 tokens=1
slice ts=805097294169004 seq=77 step=7 request=0x0f5fce0cc06410c6 phase=2 tokens=1
packed_begin ts=805097294460860 seq=78 step=7 generation=7 tokens=8 slices=8 flags=0x0
packed_slice ts=805097294460860 seq=79 step=7 generation=7 request=0x4234ad9ef8620b35 index=0 rows=[0,1) tokens=1 phase=2
packed_slice ts=805097294460860 seq=80 step=7 generation=7 request=0x55d895b3d16d071a index=1 rows=[1,2) tokens=1 phase=2
packed_slice ts=805097294460860 seq=81 step=7 generation=7 request=0x31bfc630c9e5a45f index=2 rows=[2,3) tokens=1 phase=2
packed_slice ts=805097294460860 seq=82 step=7 generation=7 request=0x025b506b73f71307 index=3 rows=[3,4) tokens=1 phase=2
packed_slice ts=805097294460860 seq=83 step=7 generation=7 request=0xc74da24c0be00a2e index=4 rows=[4,5) tokens=1 phase=2
packed_slice ts=805097294460860 seq=84 step=7 generation=7 request=0xc9999bee717da2a7 index=5 rows=[5,6) tokens=1 phase=2
packed_slice ts=805097294460860 seq=85 step=7 generation=7 request=0x6035f49009f565a2 index=6 rows=[6,7) tokens=1 phase=2
packed_slice ts=805097294460860 seq=86 step=7 generation=7 request=0x0f5fce0cc06410c6 index=7 rows=[7,8) tokens=1 phase=2
end ts=805097416272570 seq=87 step=6 status=0 flags=0x0
begin ts=805097416761577 seq=88 step=8 scheduled=8 prefill=0 decode=8 queue=0 active=8 slices=8 kv_permyriad=73 flags=0x0
slice ts=805097416761577 seq=89 step=8 request=0x4234ad9ef8620b35 phase=2 tokens=1
slice ts=805097416761577 seq=90 step=8 request=0x55d895b3d16d071a phase=2 tokens=1
slice ts=805097416761577 seq=91 step=8 request=0x31bfc630c9e5a45f phase=2 tokens=1
slice ts=805097416761577 seq=92 step=8 request=0x025b506b73f71307 phase=2 tokens=1
slice ts=805097416761577 seq=93 step=8 request=0xc74da24c0be00a2e phase=2 tokens=1
slice ts=805097416761577 seq=94 step=8 request=0xc9999bee717da2a7 phase=2 tokens=1
slice ts=805097416761577 seq=95 step=8 request=0x6035f49009f565a2 phase=2 tokens=1
slice ts=805097416761577 seq=96 step=8 request=0x0f5fce0cc06410c6 phase=2 tokens=1
packed_begin ts=805097417087529 seq=97 step=8 generation=8 tokens=8 slices=8 flags=0x0
packed_slice ts=805097417087529 seq=98 step=8 generation=8 request=0x4234ad9ef8620b35 index=0 rows=[0,1) tokens=1 phase=2
packed_slice ts=805097417087529 seq=99 step=8 generation=8 request=0x55d895b3d16d071a index=1 rows=[1,2) tokens=1 phase=2
packed_slice ts=805097417087529 seq=100 step=8 generation=8 request=0x31bfc630c9e5a45f index=2 rows=[2,3) tokens=1 phase=2
packed_slice ts=805097417087529 seq=101 step=8 generation=8 request=0x025b506b73f71307 index=3 rows=[3,4) tokens=1 phase=2
packed_slice ts=805097417087529 seq=102 step=8 generation=8 request=0xc74da24c0be00a2e index=4 rows=[4,5) tokens=1 phase=2
packed_slice ts=805097417087529 seq=103 step=8 generation=8 request=0xc9999bee717da2a7 index=5 rows=[5,6) tokens=1 phase=2
packed_slice ts=805097417087529 seq=104 step=8 generation=8 request=0x6035f49009f565a2 index=6 rows=[6,7) tokens=1 phase=2
packed_slice ts=805097417087529 seq=105 step=8 generation=8 request=0x0f5fce0cc06410c6 index=7 rows=[7,8) tokens=1 phase=2
end ts=805097538346137 seq=106 step=7 status=0 flags=0x0
begin ts=805097538845544 seq=107 step=9 scheduled=8 prefill=0 decode=8 queue=0 active=8 slices=8 kv_permyriad=73 flags=0x0
slice ts=805097538845544 seq=108 step=9 request=0x4234ad9ef8620b35 phase=2 tokens=1
slice ts=805097538845544 seq=109 step=9 request=0x55d895b3d16d071a phase=2 tokens=1
slice ts=805097538845544 seq=110 step=9 request=0x31bfc630c9e5a45f phase=2 tokens=1
slice ts=805097538845544 seq=111 step=9 request=0x025b506b73f71307 phase=2 tokens=1
slice ts=805097538845544 seq=112 step=9 request=0xc74da24c0be00a2e phase=2 tokens=1
slice ts=805097538845544 seq=113 step=9 request=0xc9999bee717da2a7 phase=2 tokens=1
slice ts=805097538845544 seq=114 step=9 request=0x6035f49009f565a2 phase=2 tokens=1
slice ts=805097538845544 seq=115 step=9 request=0x0f5fce0cc06410c6 phase=2 tokens=1
packed_begin ts=805097539676102 seq=116 step=9 generation=9 tokens=8 slices=8 flags=0x0
packed_slice ts=805097539676102 seq=117 step=9 generation=9 request=0x4234ad9ef8620b35 index=0 rows=[0,1) tokens=1 phase=2
packed_slice ts=805097539676102 seq=118 step=9 generation=9 request=0x55d895b3d16d071a index=1 rows=[1,2) tokens=1 phase=2
packed_slice ts=805097539676102 seq=119 step=9 generation=9 request=0x31bfc630c9e5a45f index=2 rows=[2,3) tokens=1 phase=2
packed_slice ts=805097539676102 seq=120 step=9 generation=9 request=0x025b506b73f71307 index=3 rows=[3,4) tokens=1 phase=2
packed_slice ts=805097539676102 seq=121 step=9 generation=9 request=0xc74da24c0be00a2e index=4 rows=[4,5) tokens=1 phase=2
packed_slice ts=805097539676102 seq=122 step=9 generation=9 request=0xc9999bee717da2a7 index=5 rows=[5,6) tokens=1 phase=2
packed_slice ts=805097539676102 seq=123 step=9 generation=9 request=0x6035f49009f565a2 index=6 rows=[6,7) tokens=1 phase=2
packed_slice ts=805097539676102 seq=124 step=9 generation=9 request=0x0f5fce0cc06410c6 index=7 rows=[7,8) tokens=1 phase=2
end ts=805097659624936 seq=125 step=8 status=0 flags=0x0
begin ts=805097660160871 seq=126 step=10 scheduled=8 prefill=0 decode=8 queue=0 active=8 slices=8 kv_permyriad=73 flags=0x0
slice ts=805097660160871 seq=127 step=10 request=0x4234ad9ef8620b35 phase=2 tokens=1
slice ts=805097660160871 seq=128 step=10 request=0x55d895b3d16d071a phase=2 tokens=1
slice ts=805097660160871 seq=129 step=10 request=0x31bfc630c9e5a45f phase=2 tokens=1
slice ts=805097660160871 seq=130 step=10 request=0x025b506b73f71307 phase=2 tokens=1
slice ts=805097660160871 seq=131 step=10 request=0xc74da24c0be00a2e phase=2 tokens=1
slice ts=805097660160871 seq=132 step=10 request=0xc9999bee717da2a7 phase=2 tokens=1
slice ts=805097660160871 seq=133 step=10 request=0x6035f49009f565a2 phase=2 tokens=1
slice ts=805097660160871 seq=134 step=10 request=0x0f5fce0cc06410c6 phase=2 tokens=1
packed_begin ts=805097660463607 seq=135 step=10 generation=10 tokens=8 slices=8 flags=0x0
packed_slice ts=805097660463607 seq=136 step=10 generation=10 request=0x4234ad9ef8620b35 index=0 rows=[0,1) tokens=1 phase=2
packed_slice ts=805097660463607 seq=137 step=10 generation=10 request=0x55d895b3d16d071a index=1 rows=[1,2) tokens=1 phase=2
packed_slice ts=805097660463607 seq=138 step=10 generation=10 request=0x31bfc630c9e5a45f index=2 rows=[2,3) tokens=1 phase=2
packed_slice ts=805097660463607 seq=139 step=10 generation=10 request=0x025b506b73f71307 index=3 rows=[3,4) tokens=1 phase=2
packed_slice ts=805097660463607 seq=140 step=10 generation=10 request=0xc74da24c0be00a2e index=4 rows=[4,5) tokens=1 phase=2
packed_slice ts=805097660463607 seq=141 step=10 generation=10 request=0xc9999bee717da2a7 index=5 rows=[5,6) tokens=1 phase=2
packed_slice ts=805097660463607 seq=142 step=10 generation=10 request=0x6035f49009f565a2 index=6 rows=[6,7) tokens=1 phase=2
packed_slice ts=805097660463607 seq=143 step=10 generation=10 request=0x0f5fce0cc06410c6 index=7 rows=[7,8) tokens=1 phase=2
end ts=805097781488791 seq=144 step=9 status=0 flags=0x0
begin ts=805097782094246 seq=145 step=11 scheduled=7 prefill=0 decode=7 queue=0 active=8 slices=7 kv_permyriad=76 flags=0x0
slice ts=805097782094246 seq=146 step=11 request=0x55d895b3d16d071a phase=2 tokens=1
slice ts=805097782094246 seq=147 step=11 request=0x31bfc630c9e5a45f phase=2 tokens=1
slice ts=805097782094246 seq=148 step=11 request=0x025b506b73f71307 phase=2 tokens=1
slice ts=805097782094246 seq=149 step=11 request=0xc74da24c0be00a2e phase=2 tokens=1
slice ts=805097782094246 seq=150 step=11 request=0xc9999bee717da2a7 phase=2 tokens=1
slice ts=805097782094246 seq=151 step=11 request=0x6035f49009f565a2 phase=2 tokens=1
slice ts=805097782094246 seq=152 step=11 request=0x0f5fce0cc06410c6 phase=2 tokens=1
packed_begin ts=805097782945812 seq=153 step=11 generation=11 tokens=7 slices=7 flags=0x0
packed_slice ts=805097782945812 seq=154 step=11 generation=11 request=0x0f5fce0cc06410c6 index=0 rows=[0,1) tokens=1 phase=2
packed_slice ts=805097782945812 seq=155 step=11 generation=11 request=0x55d895b3d16d071a index=1 rows=[1,2) tokens=1 phase=2
packed_slice ts=805097782945812 seq=156 step=11 generation=11 request=0x31bfc630c9e5a45f index=2 rows=[2,3) tokens=1 phase=2
packed_slice ts=805097782945812 seq=157 step=11 generation=11 request=0x025b506b73f71307 index=3 rows=[3,4) tokens=1 phase=2
packed_slice ts=805097782945812 seq=158 step=11 generation=11 request=0xc74da24c0be00a2e index=4 rows=[4,5) tokens=1 phase=2
packed_slice ts=805097782945812 seq=159 step=11 generation=11 request=0xc9999bee717da2a7 index=5 rows=[5,6) tokens=1 phase=2
packed_slice ts=805097782945812 seq=160 step=11 generation=11 request=0x6035f49009f565a2 index=6 rows=[6,7) tokens=1 phase=2
end ts=805097907257294 seq=161 step=10 status=0 flags=0x0
begin ts=805097907947453 seq=162 step=12 scheduled=7 prefill=0 decode=7 queue=0 active=7 slices=7 kv_permyriad=64 flags=0x0
slice ts=805097907947453 seq=163 step=12 request=0x55d895b3d16d071a phase=2 tokens=1
slice ts=805097907947453 seq=164 step=12 request=0x31bfc630c9e5a45f phase=2 tokens=1
slice ts=805097907947453 seq=165 step=12 request=0x025b506b73f71307 phase=2 tokens=1
slice ts=805097907947453 seq=166 step=12 request=0xc74da24c0be00a2e phase=2 tokens=1
slice ts=805097907947453 seq=167 step=12 request=0xc9999bee717da2a7 phase=2 tokens=1
slice ts=805097907947453 seq=168 step=12 request=0x6035f49009f565a2 phase=2 tokens=1
slice ts=805097907947453 seq=169 step=12 request=0x0f5fce0cc06410c6 phase=2 tokens=1
packed_begin ts=805097908368108 seq=170 step=12 generation=12 tokens=7 slices=7 flags=0x0
packed_slice ts=805097908368108 seq=171 step=12 generation=12 request=0x0f5fce0cc06410c6 index=0 rows=[0,1) tokens=1 phase=2
packed_slice ts=805097908368108 seq=172 step=12 generation=12 request=0x55d895b3d16d071a index=1 rows=[1,2) tokens=1 phase=2
packed_slice ts=805097908368108 seq=173 step=12 generation=12 request=0x31bfc630c9e5a45f index=2 rows=[2,3) tokens=1 phase=2
packed_slice ts=805097908368108 seq=174 step=12 generation=12 request=0x025b506b73f71307 index=3 rows=[3,4) tokens=1 phase=2
packed_slice ts=805097908368108 seq=175 step=12 generation=12 request=0xc74da24c0be00a2e index=4 rows=[4,5) tokens=1 phase=2
packed_slice ts=805097908368108 seq=176 step=12 generation=12 request=0xc9999bee717da2a7 index=5 rows=[5,6) tokens=1 phase=2
packed_slice ts=805097908368108 seq=177 step=12 generation=12 request=0x6035f49009f565a2 index=6 rows=[6,7) tokens=1 phase=2
end ts=805098027701231 seq=178 step=11 status=0 flags=0x0
begin ts=805098028265342 seq=179 step=13 scheduled=7 prefill=0 decode=7 queue=0 active=7 slices=7 kv_permyriad=67 flags=0x0
slice ts=805098028265342 seq=180 step=13 request=0x55d895b3d16d071a phase=2 tokens=1
slice ts=805098028265342 seq=181 step=13 request=0x31bfc630c9e5a45f phase=2 tokens=1
slice ts=805098028265342 seq=182 step=13 request=0x025b506b73f71307 phase=2 tokens=1
slice ts=805098028265342 seq=183 step=13 request=0xc74da24c0be00a2e phase=2 tokens=1
slice ts=805098028265342 seq=184 step=13 request=0xc9999bee717da2a7 phase=2 tokens=1
slice ts=805098028265342 seq=185 step=13 request=0x6035f49009f565a2 phase=2 tokens=1
slice ts=805098028265342 seq=186 step=13 request=0x0f5fce0cc06410c6 phase=2 tokens=1
packed_begin ts=805098028715277 seq=187 step=13 generation=13 tokens=7 slices=7 flags=0x0
packed_slice ts=805098028715277 seq=188 step=13 generation=13 request=0x0f5fce0cc06410c6 index=0 rows=[0,1) tokens=1 phase=2
packed_slice ts=805098028715277 seq=189 step=13 generation=13 request=0x55d895b3d16d071a index=1 rows=[1,2) tokens=1 phase=2
packed_slice ts=805098028715277 seq=190 step=13 generation=13 request=0x31bfc630c9e5a45f index=2 rows=[2,3) tokens=1 phase=2
packed_slice ts=805098028715277 seq=191 step=13 generation=13 request=0x025b506b73f71307 index=3 rows=[3,4) tokens=1 phase=2
packed_slice ts=805098028715277 seq=192 step=13 generation=13 request=0xc74da24c0be00a2e index=4 rows=[4,5) tokens=1 phase=2
packed_slice ts=805098028715277 seq=193 step=13 generation=13 request=0xc9999bee717da2a7 index=5 rows=[5,6) tokens=1 phase=2
packed_slice ts=805098028715277 seq=194 step=13 generation=13 request=0x6035f49009f565a2 index=6 rows=[6,7) tokens=1 phase=2
end ts=805098149404366 seq=195 step=12 status=0 flags=0x0
begin ts=805098149971197 seq=196 step=14 scheduled=7 prefill=0 decode=7 queue=0 active=7 slices=7 kv_permyriad=67 flags=0x0
slice ts=805098149971197 seq=197 step=14 request=0x55d895b3d16d071a phase=2 tokens=1
slice ts=805098149971197 seq=198 step=14 request=0x31bfc630c9e5a45f phase=2 tokens=1
slice ts=805098149971197 seq=199 step=14 request=0x025b506b73f71307 phase=2 tokens=1
slice ts=805098149971197 seq=200 step=14 request=0xc74da24c0be00a2e phase=2 tokens=1
slice ts=805098149971197 seq=201 step=14 request=0xc9999bee717da2a7 phase=2 tokens=1
slice ts=805098149971197 seq=202 step=14 request=0x6035f49009f565a2 phase=2 tokens=1
slice ts=805098149971197 seq=203 step=14 request=0x0f5fce0cc06410c6 phase=2 tokens=1
packed_begin ts=805098150276668 seq=204 step=14 generation=14 tokens=7 slices=7 flags=0x0
packed_slice ts=805098150276668 seq=205 step=14 generation=14 request=0x0f5fce0cc06410c6 index=0 rows=[0,1) tokens=1 phase=2
packed_slice ts=805098150276668 seq=206 step=14 generation=14 request=0x55d895b3d16d071a index=1 rows=[1,2) tokens=1 phase=2
packed_slice ts=805098150276668 seq=207 step=14 generation=14 request=0x31bfc630c9e5a45f index=2 rows=[2,3) tokens=1 phase=2
packed_slice ts=805098150276668 seq=208 step=14 generation=14 request=0x025b506b73f71307 index=3 rows=[3,4) tokens=1 phase=2
packed_slice ts=805098150276668 seq=209 step=14 generation=14 request=0xc74da24c0be00a2e index=4 rows=[4,5) tokens=1 phase=2
packed_slice ts=805098150276668 seq=210 step=14 generation=14 request=0xc9999bee717da2a7 index=5 rows=[5,6) tokens=1 phase=2
packed_slice ts=805098150276668 seq=211 step=14 generation=14 request=0x6035f49009f565a2 index=6 rows=[6,7) tokens=1 phase=2
end ts=805098270792685 seq=212 step=13 status=0 flags=0x0
begin ts=805098271332828 seq=213 step=15 scheduled=7 prefill=0 decode=7 queue=0 active=7 slices=7 kv_permyriad=70 flags=0x0
slice ts=805098271332828 seq=214 step=15 request=0x55d895b3d16d071a phase=2 tokens=1
slice ts=805098271332828 seq=215 step=15 request=0x31bfc630c9e5a45f phase=2 tokens=1
slice ts=805098271332828 seq=216 step=15 request=0x025b506b73f71307 phase=2 tokens=1
slice ts=805098271332828 seq=217 step=15 request=0xc74da24c0be00a2e phase=2 tokens=1
slice ts=805098271332828 seq=218 step=15 request=0xc9999bee717da2a7 phase=2 tokens=1
slice ts=805098271332828 seq=219 step=15 request=0x6035f49009f565a2 phase=2 tokens=1
slice ts=805098271332828 seq=220 step=15 request=0x0f5fce0cc06410c6 phase=2 tokens=1
packed_begin ts=805098271707788 seq=221 step=15 generation=15 tokens=7 slices=7 flags=0x0
packed_slice ts=805098271707788 seq=222 step=15 generation=15 request=0x0f5fce0cc06410c6 index=0 rows=[0,1) tokens=1 phase=2
packed_slice ts=805098271707788 seq=223 step=15 generation=15 request=0x55d895b3d16d071a index=1 rows=[1,2) tokens=1 phase=2
packed_slice ts=805098271707788 seq=224 step=15 generation=15 request=0x31bfc630c9e5a45f index=2 rows=[2,3) tokens=1 phase=2
packed_slice ts=805098271707788 seq=225 step=15 generation=15 request=0x025b506b73f71307 index=3 rows=[3,4) tokens=1 phase=2
packed_slice ts=805098271707788 seq=226 step=15 generation=15 request=0xc74da24c0be00a2e index=4 rows=[4,5) tokens=1 phase=2
packed_slice ts=805098271707788 seq=227 step=15 generation=15 request=0xc9999bee717da2a7 index=5 rows=[5,6) tokens=1 phase=2
packed_slice ts=805098271707788 seq=228 step=15 generation=15 request=0x6035f49009f565a2 index=6 rows=[6,7) tokens=1 phase=2
end ts=805098392124797 seq=229 step=14 status=0 flags=0x0
begin ts=805098392638316 seq=230 step=16 scheduled=6 prefill=0 decode=6 queue=0 active=7 slices=6 kv_permyriad=70 flags=0x0
slice ts=805098392638316 seq=231 step=16 request=0x31bfc630c9e5a45f phase=2 tokens=1
slice ts=805098392638316 seq=232 step=16 request=0x025b506b73f71307 phase=2 tokens=1
slice ts=805098392638316 seq=233 step=16 request=0xc74da24c0be00a2e phase=2 tokens=1
slice ts=805098392638316 seq=234 step=16 request=0xc9999bee717da2a7 phase=2 tokens=1
slice ts=805098392638316 seq=235 step=16 request=0x6035f49009f565a2 phase=2 tokens=1
slice ts=805098392638316 seq=236 step=16 request=0x0f5fce0cc06410c6 phase=2 tokens=1
packed_begin ts=805098393158539 seq=237 step=16 generation=16 tokens=6 slices=6 flags=0x0
packed_slice ts=805098393158539 seq=238 step=16 generation=16 request=0x0f5fce0cc06410c6 index=0 rows=[0,1) tokens=1 phase=2
packed_slice ts=805098393158539 seq=239 step=16 generation=16 request=0x6035f49009f565a2 index=1 rows=[1,2) tokens=1 phase=2
packed_slice ts=805098393158539 seq=240 step=16 generation=16 request=0x31bfc630c9e5a45f index=2 rows=[2,3) tokens=1 phase=2
packed_slice ts=805098393158539 seq=241 step=16 generation=16 request=0x025b506b73f71307 index=3 rows=[3,4) tokens=1 phase=2
packed_slice ts=805098393158539 seq=242 step=16 generation=16 request=0xc74da24c0be00a2e index=4 rows=[4,5) tokens=1 phase=2
packed_slice ts=805098393158539 seq=243 step=16 generation=16 request=0xc9999bee717da2a7 index=5 rows=[5,6) tokens=1 phase=2
end ts=805098515373529 seq=244 step=15 status=0 flags=0x0
begin ts=805098515543000 seq=245 step=17 scheduled=6 prefill=0 decode=6 queue=0 active=6 slices=6 kv_permyriad=61 flags=0x0
slice ts=805098515543000 seq=246 step=17 request=0x31bfc630c9e5a45f phase=2 tokens=1
slice ts=805098515543000 seq=247 step=17 request=0x025b506b73f71307 phase=2 tokens=1
slice ts=805098515543000 seq=248 step=17 request=0xc74da24c0be00a2e phase=2 tokens=1
slice ts=805098515543000 seq=249 step=17 request=0xc9999bee717da2a7 phase=2 tokens=1
slice ts=805098515543000 seq=250 step=17 request=0x6035f49009f565a2 phase=2 tokens=1
slice ts=805098515543000 seq=251 step=17 request=0x0f5fce0cc06410c6 phase=2 tokens=1
packed_begin ts=805098515601768 seq=252 step=17 generation=17 tokens=6 slices=6 flags=0x0
packed_slice ts=805098515601768 seq=253 step=17 generation=17 request=0x0f5fce0cc06410c6 index=0 rows=[0,1) tokens=1 phase=2
packed_slice ts=805098515601768 seq=254 step=17 generation=17 request=0x6035f49009f565a2 index=1 rows=[1,2) tokens=1 phase=2
packed_slice ts=805098515601768 seq=255 step=17 generation=17 request=0x31bfc630c9e5a45f index=2 rows=[2,3) tokens=1 phase=2
packed_slice ts=805098515601768 seq=256 step=17 generation=17 request=0x025b506b73f71307 index=3 rows=[3,4) tokens=1 phase=2
packed_slice ts=805098515601768 seq=257 step=17 generation=17 request=0xc74da24c0be00a2e index=4 rows=[4,5) tokens=1 phase=2
packed_slice ts=805098515601768 seq=258 step=17 generation=17 request=0xc9999bee717da2a7 index=5 rows=[5,6) tokens=1 phase=2
end ts=805098636076697 seq=259 step=16 status=0 flags=0x0
begin ts=805098636556937 seq=260 step=18 scheduled=6 prefill=0 decode=6 queue=0 active=6 slices=6 kv_permyriad=61 flags=0x0
slice ts=805098636556937 seq=261 step=18 request=0x31bfc630c9e5a45f phase=2 tokens=1
slice ts=805098636556937 seq=262 step=18 request=0x025b506b73f71307 phase=2 tokens=1
slice ts=805098636556937 seq=263 step=18 request=0xc74da24c0be00a2e phase=2 tokens=1
slice ts=805098636556937 seq=264 step=18 request=0xc9999bee717da2a7 phase=2 tokens=1
slice ts=805098636556937 seq=265 step=18 request=0x6035f49009f565a2 phase=2 tokens=1
slice ts=805098636556937 seq=266 step=18 request=0x0f5fce0cc06410c6 phase=2 tokens=1
packed_begin ts=805098636955272 seq=267 step=18 generation=18 tokens=6 slices=6 flags=0x0
packed_slice ts=805098636955272 seq=268 step=18 generation=18 request=0x0f5fce0cc06410c6 index=0 rows=[0,1) tokens=1 phase=2
packed_slice ts=805098636955272 seq=269 step=18 generation=18 request=0x6035f49009f565a2 index=1 rows=[1,2) tokens=1 phase=2
packed_slice ts=805098636955272 seq=270 step=18 generation=18 request=0x31bfc630c9e5a45f index=2 rows=[2,3) tokens=1 phase=2
packed_slice ts=805098636955272 seq=271 step=18 generation=18 request=0x025b506b73f71307 index=3 rows=[3,4) tokens=1 phase=2
packed_slice ts=805098636955272 seq=272 step=18 generation=18 request=0xc74da24c0be00a2e index=4 rows=[4,5) tokens=1 phase=2
packed_slice ts=805098636955272 seq=273 step=18 generation=18 request=0xc9999bee717da2a7 index=5 rows=[5,6) tokens=1 phase=2
end ts=805098757741064 seq=274 step=17 status=0 flags=0x0
begin ts=805098758260183 seq=275 step=19 scheduled=6 prefill=0 decode=6 queue=0 active=6 slices=6 kv_permyriad=64 flags=0x0
slice ts=805098758260183 seq=276 step=19 request=0x31bfc630c9e5a45f phase=2 tokens=1
slice ts=805098758260183 seq=277 step=19 request=0x025b506b73f71307 phase=2 tokens=1
slice ts=805098758260183 seq=278 step=19 request=0xc74da24c0be00a2e phase=2 tokens=1
slice ts=805098758260183 seq=279 step=19 request=0xc9999bee717da2a7 phase=2 tokens=1
slice ts=805098758260183 seq=280 step=19 request=0x6035f49009f565a2 phase=2 tokens=1
slice ts=805098758260183 seq=281 step=19 request=0x0f5fce0cc06410c6 phase=2 tokens=1
packed_begin ts=805098758632647 seq=282 step=19 generation=19 tokens=6 slices=6 flags=0x0
packed_slice ts=805098758632647 seq=283 step=19 generation=19 request=0x0f5fce0cc06410c6 index=0 rows=[0,1) tokens=1 phase=2
packed_slice ts=805098758632647 seq=284 step=19 generation=19 request=0x6035f49009f565a2 index=1 rows=[1,2) tokens=1 phase=2
packed_slice ts=805098758632647 seq=285 step=19 generation=19 request=0x31bfc630c9e5a45f index=2 rows=[2,3) tokens=1 phase=2
packed_slice ts=805098758632647 seq=286 step=19 generation=19 request=0x025b506b73f71307 index=3 rows=[3,4) tokens=1 phase=2
packed_slice ts=805098758632647 seq=287 step=19 generation=19 request=0xc74da24c0be00a2e index=4 rows=[4,5) tokens=1 phase=2
packed_slice ts=805098758632647 seq=288 step=19 generation=19 request=0xc9999bee717da2a7 index=5 rows=[5,6) tokens=1 phase=2
end ts=805098879050552 seq=289 step=18 status=0 flags=0x0
begin ts=805098879529831 seq=290 step=20 scheduled=5 prefill=0 decode=5 queue=0 active=6 slices=5 kv_permyriad=64 flags=0x0
slice ts=805098879529831 seq=291 step=20 request=0x025b506b73f71307 phase=2 tokens=1
slice ts=805098879529831 seq=292 step=20 request=0xc74da24c0be00a2e phase=2 tokens=1
slice ts=805098879529831 seq=293 step=20 request=0xc9999bee717da2a7 phase=2 tokens=1
slice ts=805098879529831 seq=294 step=20 request=0x6035f49009f565a2 phase=2 tokens=1
slice ts=805098879529831 seq=295 step=20 request=0x0f5fce0cc06410c6 phase=2 tokens=1
packed_begin ts=805098879999270 seq=296 step=20 generation=20 tokens=5 slices=5 flags=0x0
packed_slice ts=805098879999270 seq=297 step=20 generation=20 request=0x0f5fce0cc06410c6 index=0 rows=[0,1) tokens=1 phase=2
packed_slice ts=805098879999270 seq=298 step=20 generation=20 request=0x6035f49009f565a2 index=1 rows=[1,2) tokens=1 phase=2
packed_slice ts=805098879999270 seq=299 step=20 generation=20 request=0xc9999bee717da2a7 index=2 rows=[2,3) tokens=1 phase=2
packed_slice ts=805098879999270 seq=300 step=20 generation=20 request=0x025b506b73f71307 index=3 rows=[3,4) tokens=1 phase=2
packed_slice ts=805098879999270 seq=301 step=20 generation=20 request=0xc74da24c0be00a2e index=4 rows=[4,5) tokens=1 phase=2
end ts=805099000445783 seq=302 step=19 status=0 flags=0x0
begin ts=805099001015030 seq=303 step=21 scheduled=5 prefill=0 decode=5 queue=0 active=5 slices=5 kv_permyriad=45 flags=0x0
slice ts=805099001015030 seq=304 step=21 request=0x025b506b73f71307 phase=2 tokens=1
slice ts=805099001015030 seq=305 step=21 request=0xc74da24c0be00a2e phase=2 tokens=1
slice ts=805099001015030 seq=306 step=21 request=0xc9999bee717da2a7 phase=2 tokens=1
slice ts=805099001015030 seq=307 step=21 request=0x6035f49009f565a2 phase=2 tokens=1
slice ts=805099001015030 seq=308 step=21 request=0x0f5fce0cc06410c6 phase=2 tokens=1
packed_begin ts=805099001379797 seq=309 step=21 generation=21 tokens=5 slices=5 flags=0x0
packed_slice ts=805099001379797 seq=310 step=21 generation=21 request=0x0f5fce0cc06410c6 index=0 rows=[0,1) tokens=1 phase=2
packed_slice ts=805099001379797 seq=311 step=21 generation=21 request=0x6035f49009f565a2 index=1 rows=[1,2) tokens=1 phase=2
packed_slice ts=805099001379797 seq=312 step=21 generation=21 request=0xc9999bee717da2a7 index=2 rows=[2,3) tokens=1 phase=2
packed_slice ts=805099001379797 seq=313 step=21 generation=21 request=0x025b506b73f71307 index=3 rows=[3,4) tokens=1 phase=2
packed_slice ts=805099001379797 seq=314 step=21 generation=21 request=0xc74da24c0be00a2e index=4 rows=[4,5) tokens=1 phase=2
end ts=805099122018022 seq=315 step=20 status=0 flags=0x0
begin ts=805099122480325 seq=316 step=22 scheduled=5 prefill=0 decode=5 queue=0 active=5 slices=5 kv_permyriad=48 flags=0x0
slice ts=805099122480325 seq=317 step=22 request=0x025b506b73f71307 phase=2 tokens=1
slice ts=805099122480325 seq=318 step=22 request=0xc74da24c0be00a2e phase=2 tokens=1
slice ts=805099122480325 seq=319 step=22 request=0xc9999bee717da2a7 phase=2 tokens=1
slice ts=805099122480325 seq=320 step=22 request=0x6035f49009f565a2 phase=2 tokens=1
slice ts=805099122480325 seq=321 step=22 request=0x0f5fce0cc06410c6 phase=2 tokens=1
packed_begin ts=805099123051604 seq=322 step=22 generation=22 tokens=5 slices=5 flags=0x0
packed_slice ts=805099123051604 seq=323 step=22 generation=22 request=0x0f5fce0cc06410c6 index=0 rows=[0,1) tokens=1 phase=2
packed_slice ts=805099123051604 seq=324 step=22 generation=22 request=0x6035f49009f565a2 index=1 rows=[1,2) tokens=1 phase=2
packed_slice ts=805099123051604 seq=325 step=22 generation=22 request=0xc9999bee717da2a7 index=2 rows=[2,3) tokens=1 phase=2
packed_slice ts=805099123051604 seq=326 step=22 generation=22 request=0x025b506b73f71307 index=3 rows=[3,4) tokens=1 phase=2
packed_slice ts=805099123051604 seq=327 step=22 generation=22 request=0xc74da24c0be00a2e index=4 rows=[4,5) tokens=1 phase=2
end ts=805099243607109 seq=328 step=21 status=0 flags=0x0
begin ts=805099244115732 seq=329 step=23 scheduled=5 prefill=0 decode=5 queue=0 active=5 slices=5 kv_permyriad=48 flags=0x0
slice ts=805099244115732 seq=330 step=23 request=0x025b506b73f71307 phase=2 tokens=1
slice ts=805099244115732 seq=331 step=23 request=0xc74da24c0be00a2e phase=2 tokens=1
slice ts=805099244115732 seq=332 step=23 request=0xc9999bee717da2a7 phase=2 tokens=1
slice ts=805099244115732 seq=333 step=23 request=0x6035f49009f565a2 phase=2 tokens=1
slice ts=805099244115732 seq=334 step=23 request=0x0f5fce0cc06410c6 phase=2 tokens=1
packed_begin ts=805099244397523 seq=335 step=23 generation=23 tokens=5 slices=5 flags=0x0
packed_slice ts=805099244397523 seq=336 step=23 generation=23 request=0x0f5fce0cc06410c6 index=0 rows=[0,1) tokens=1 phase=2
packed_slice ts=805099244397523 seq=337 step=23 generation=23 request=0x6035f49009f565a2 index=1 rows=[1,2) tokens=1 phase=2
packed_slice ts=805099244397523 seq=338 step=23 generation=23 request=0xc9999bee717da2a7 index=2 rows=[2,3) tokens=1 phase=2
packed_slice ts=805099244397523 seq=339 step=23 generation=23 request=0x025b506b73f71307 index=3 rows=[3,4) tokens=1 phase=2
packed_slice ts=805099244397523 seq=340 step=23 generation=23 request=0xc74da24c0be00a2e index=4 rows=[4,5) tokens=1 phase=2
end ts=805099364494549 seq=341 step=22 status=0 flags=0x0
begin ts=805099364942228 seq=342 step=24 scheduled=4 prefill=0 decode=4 queue=0 active=5 slices=4 kv_permyriad=51 flags=0x0
slice ts=805099364942228 seq=343 step=24 request=0xc74da24c0be00a2e phase=2 tokens=1
slice ts=805099364942228 seq=344 step=24 request=0xc9999bee717da2a7 phase=2 tokens=1
slice ts=805099364942228 seq=345 step=24 request=0x6035f49009f565a2 phase=2 tokens=1
slice ts=805099364942228 seq=346 step=24 request=0x0f5fce0cc06410c6 phase=2 tokens=1
packed_begin ts=805099365752114 seq=347 step=24 generation=24 tokens=4 slices=4 flags=0x0
packed_slice ts=805099365752114 seq=348 step=24 generation=24 request=0x0f5fce0cc06410c6 index=0 rows=[0,1) tokens=1 phase=2
packed_slice ts=805099365752114 seq=349 step=24 generation=24 request=0x6035f49009f565a2 index=1 rows=[1,2) tokens=1 phase=2
packed_slice ts=805099365752114 seq=350 step=24 generation=24 request=0xc9999bee717da2a7 index=2 rows=[2,3) tokens=1 phase=2
packed_slice ts=805099365752114 seq=351 step=24 generation=24 request=0xc74da24c0be00a2e index=3 rows=[3,4) tokens=1 phase=2
end ts=805099486143444 seq=352 step=23 status=0 flags=0x0
begin ts=805099486649811 seq=353 step=25 scheduled=4 prefill=0 decode=4 queue=0 active=4 slices=4 kv_permyriad=36 flags=0x0
slice ts=805099486649811 seq=354 step=25 request=0xc74da24c0be00a2e phase=2 tokens=1
slice ts=805099486649811 seq=355 step=25 request=0xc9999bee717da2a7 phase=2 tokens=1
slice ts=805099486649811 seq=356 step=25 request=0x6035f49009f565a2 phase=2 tokens=1
slice ts=805099486649811 seq=357 step=25 request=0x0f5fce0cc06410c6 phase=2 tokens=1
packed_begin ts=805099486994210 seq=358 step=25 generation=25 tokens=4 slices=4 flags=0x0
packed_slice ts=805099486994210 seq=359 step=25 generation=25 request=0x0f5fce0cc06410c6 index=0 rows=[0,1) tokens=1 phase=2
packed_slice ts=805099486994210 seq=360 step=25 generation=25 request=0x6035f49009f565a2 index=1 rows=[1,2) tokens=1 phase=2
packed_slice ts=805099486994210 seq=361 step=25 generation=25 request=0xc9999bee717da2a7 index=2 rows=[2,3) tokens=1 phase=2
packed_slice ts=805099486994210 seq=362 step=25 generation=25 request=0xc74da24c0be00a2e index=3 rows=[3,4) tokens=1 phase=2
end ts=805099606609269 seq=363 step=24 status=0 flags=0x0
begin ts=805099607031348 seq=364 step=26 scheduled=4 prefill=0 decode=4 queue=0 active=4 slices=4 kv_permyriad=36 flags=0x0
slice ts=805099607031348 seq=365 step=26 request=0xc74da24c0be00a2e phase=2 tokens=1
slice ts=805099607031348 seq=366 step=26 request=0xc9999bee717da2a7 phase=2 tokens=1
slice ts=805099607031348 seq=367 step=26 request=0x6035f49009f565a2 phase=2 tokens=1
slice ts=805099607031348 seq=368 step=26 request=0x0f5fce0cc06410c6 phase=2 tokens=1
packed_begin ts=805099607341795 seq=369 step=26 generation=26 tokens=4 slices=4 flags=0x0
packed_slice ts=805099607341795 seq=370 step=26 generation=26 request=0x0f5fce0cc06410c6 index=0 rows=[0,1) tokens=1 phase=2
packed_slice ts=805099607341795 seq=371 step=26 generation=26 request=0x6035f49009f565a2 index=1 rows=[1,2) tokens=1 phase=2
packed_slice ts=805099607341795 seq=372 step=26 generation=26 request=0xc9999bee717da2a7 index=2 rows=[2,3) tokens=1 phase=2
packed_slice ts=805099607341795 seq=373 step=26 generation=26 request=0xc74da24c0be00a2e index=3 rows=[3,4) tokens=1 phase=2
end ts=805099726802454 seq=374 step=25 status=0 flags=0x0
begin ts=805099727260949 seq=375 step=27 scheduled=4 prefill=0 decode=4 queue=0 active=4 slices=4 kv_permyriad=36 flags=0x0
slice ts=805099727260949 seq=376 step=27 request=0xc74da24c0be00a2e phase=2 tokens=1
slice ts=805099727260949 seq=377 step=27 request=0xc9999bee717da2a7 phase=2 tokens=1
slice ts=805099727260949 seq=378 step=27 request=0x6035f49009f565a2 phase=2 tokens=1
slice ts=805099727260949 seq=379 step=27 request=0x0f5fce0cc06410c6 phase=2 tokens=1
packed_begin ts=805099727546629 seq=380 step=27 generation=27 tokens=4 slices=4 flags=0x0
packed_slice ts=805099727546629 seq=381 step=27 generation=27 request=0x0f5fce0cc06410c6 index=0 rows=[0,1) tokens=1 phase=2
packed_slice ts=805099727546629 seq=382 step=27 generation=27 request=0x6035f49009f565a2 index=1 rows=[1,2) tokens=1 phase=2
packed_slice ts=805099727546629 seq=383 step=27 generation=27 request=0xc9999bee717da2a7 index=2 rows=[2,3) tokens=1 phase=2
packed_slice ts=805099727546629 seq=384 step=27 generation=27 request=0xc74da24c0be00a2e index=3 rows=[3,4) tokens=1 phase=2
end ts=805099846941512 seq=385 step=26 status=0 flags=0x0
begin ts=805099847386087 seq=386 step=28 scheduled=3 prefill=0 decode=3 queue=0 active=4 slices=3 kv_permyriad=36 flags=0x0
slice ts=805099847386087 seq=387 step=28 request=0xc9999bee717da2a7 phase=2 tokens=1
slice ts=805099847386087 seq=388 step=28 request=0x6035f49009f565a2 phase=2 tokens=1
slice ts=805099847386087 seq=389 step=28 request=0x0f5fce0cc06410c6 phase=2 tokens=1
packed_begin ts=805099848095254 seq=390 step=28 generation=28 tokens=3 slices=3 flags=0x0
packed_slice ts=805099848095254 seq=391 step=28 generation=28 request=0x0f5fce0cc06410c6 index=0 rows=[0,1) tokens=1 phase=2
packed_slice ts=805099848095254 seq=392 step=28 generation=28 request=0x6035f49009f565a2 index=1 rows=[1,2) tokens=1 phase=2
packed_slice ts=805099848095254 seq=393 step=28 generation=28 request=0xc9999bee717da2a7 index=2 rows=[2,3) tokens=1 phase=2
end ts=805099967534185 seq=394 step=27 status=0 flags=0x0
begin ts=805099968057655 seq=395 step=29 scheduled=3 prefill=0 decode=3 queue=0 active=3 slices=3 kv_permyriad=27 flags=0x0
slice ts=805099968057655 seq=396 step=29 request=0xc9999bee717da2a7 phase=2 tokens=1
slice ts=805099968057655 seq=397 step=29 request=0x6035f49009f565a2 phase=2 tokens=1
slice ts=805099968057655 seq=398 step=29 request=0x0f5fce0cc06410c6 phase=2 tokens=1
packed_begin ts=805099968648438 seq=399 step=29 generation=29 tokens=3 slices=3 flags=0x0
packed_slice ts=805099968648438 seq=400 step=29 generation=29 request=0x0f5fce0cc06410c6 index=0 rows=[0,1) tokens=1 phase=2
packed_slice ts=805099968648438 seq=401 step=29 generation=29 request=0x6035f49009f565a2 index=1 rows=[1,2) tokens=1 phase=2
packed_slice ts=805099968648438 seq=402 step=29 generation=29 request=0xc9999bee717da2a7 index=2 rows=[2,3) tokens=1 phase=2
end ts=805100088421305 seq=403 step=28 status=0 flags=0x0
begin ts=805100088855384 seq=404 step=30 scheduled=3 prefill=0 decode=3 queue=0 active=3 slices=3 kv_permyriad=27 flags=0x0
slice ts=805100088855384 seq=405 step=30 request=0xc9999bee717da2a7 phase=2 tokens=1
slice ts=805100088855384 seq=406 step=30 request=0x6035f49009f565a2 phase=2 tokens=1
slice ts=805100088855384 seq=407 step=30 request=0x0f5fce0cc06410c6 phase=2 tokens=1
packed_begin ts=805100089147271 seq=408 step=30 generation=30 tokens=3 slices=3 flags=0x0
packed_slice ts=805100089147271 seq=409 step=30 generation=30 request=0x0f5fce0cc06410c6 index=0 rows=[0,1) tokens=1 phase=2
packed_slice ts=805100089147271 seq=410 step=30 generation=30 request=0x6035f49009f565a2 index=1 rows=[1,2) tokens=1 phase=2
packed_slice ts=805100089147271 seq=411 step=30 generation=30 request=0xc9999bee717da2a7 index=2 rows=[2,3) tokens=1 phase=2
end ts=805100211706980 seq=412 step=29 status=0 flags=0x0
begin ts=805100212193203 seq=413 step=31 scheduled=3 prefill=0 decode=3 queue=0 active=3 slices=3 kv_permyriad=27 flags=0x0
slice ts=805100212193203 seq=414 step=31 request=0xc9999bee717da2a7 phase=2 tokens=1
slice ts=805100212193203 seq=415 step=31 request=0x6035f49009f565a2 phase=2 tokens=1
slice ts=805100212193203 seq=416 step=31 request=0x0f5fce0cc06410c6 phase=2 tokens=1
packed_begin ts=805100212519794 seq=417 step=31 generation=31 tokens=3 slices=3 flags=0x0
packed_slice ts=805100212519794 seq=418 step=31 generation=31 request=0x0f5fce0cc06410c6 index=0 rows=[0,1) tokens=1 phase=2
packed_slice ts=805100212519794 seq=419 step=31 generation=31 request=0x6035f49009f565a2 index=1 rows=[1,2) tokens=1 phase=2
packed_slice ts=805100212519794 seq=420 step=31 generation=31 request=0xc9999bee717da2a7 index=2 rows=[2,3) tokens=1 phase=2
end ts=805100331971637 seq=421 step=30 status=0 flags=0x0
begin ts=805100332425460 seq=422 step=32 scheduled=2 prefill=0 decode=2 queue=0 active=3 slices=2 kv_permyriad=27 flags=0x0
slice ts=805100332425460 seq=423 step=32 request=0x6035f49009f565a2 phase=2 tokens=1
slice ts=805100332425460 seq=424 step=32 request=0x0f5fce0cc06410c6 phase=2 tokens=1
packed_begin ts=805100333011747 seq=425 step=32 generation=32 tokens=2 slices=2 flags=0x0
packed_slice ts=805100333011747 seq=426 step=32 generation=32 request=0x0f5fce0cc06410c6 index=0 rows=[0,1) tokens=1 phase=2
packed_slice ts=805100333011747 seq=427 step=32 generation=32 request=0x6035f49009f565a2 index=1 rows=[1,2) tokens=1 phase=2
end ts=805100452183270 seq=428 step=31 status=0 flags=0x0
begin ts=805100452692997 seq=429 step=33 scheduled=2 prefill=0 decode=2 queue=0 active=2 slices=2 kv_permyriad=18 flags=0x0
slice ts=805100452692997 seq=430 step=33 request=0x6035f49009f565a2 phase=2 tokens=1
slice ts=805100452692997 seq=431 step=33 request=0x0f5fce0cc06410c6 phase=2 tokens=1
packed_begin ts=805100453062677 seq=432 step=33 generation=33 tokens=2 slices=2 flags=0x0
packed_slice ts=805100453062677 seq=433 step=33 generation=33 request=0x0f5fce0cc06410c6 index=0 rows=[0,1) tokens=1 phase=2
packed_slice ts=805100453062677 seq=434 step=33 generation=33 request=0x6035f49009f565a2 index=1 rows=[1,2) tokens=1 phase=2
end ts=805100572764055 seq=435 step=32 status=0 flags=0x0
begin ts=805100573173254 seq=436 step=34 scheduled=2 prefill=0 decode=2 queue=0 active=2 slices=2 kv_permyriad=18 flags=0x0
slice ts=805100573173254 seq=437 step=34 request=0x6035f49009f565a2 phase=2 tokens=1
slice ts=805100573173254 seq=438 step=34 request=0x0f5fce0cc06410c6 phase=2 tokens=1
packed_begin ts=805100573513541 seq=439 step=34 generation=34 tokens=2 slices=2 flags=0x0
packed_slice ts=805100573513541 seq=440 step=34 generation=34 request=0x0f5fce0cc06410c6 index=0 rows=[0,1) tokens=1 phase=2
packed_slice ts=805100573513541 seq=441 step=34 generation=34 request=0x6035f49009f565a2 index=1 rows=[1,2) tokens=1 phase=2
end ts=805100693059032 seq=442 step=33 status=0 flags=0x0
begin ts=805100693525367 seq=443 step=35 scheduled=2 prefill=0 decode=2 queue=0 active=2 slices=2 kv_permyriad=18 flags=0x0
slice ts=805100693525367 seq=444 step=35 request=0x6035f49009f565a2 phase=2 tokens=1
slice ts=805100693525367 seq=445 step=35 request=0x0f5fce0cc06410c6 phase=2 tokens=1
packed_begin ts=805100693793863 seq=446 step=35 generation=35 tokens=2 slices=2 flags=0x0
packed_slice ts=805100693793863 seq=447 step=35 generation=35 request=0x0f5fce0cc06410c6 index=0 rows=[0,1) tokens=1 phase=2
packed_slice ts=805100693793863 seq=448 step=35 generation=35 request=0x6035f49009f565a2 index=1 rows=[1,2) tokens=1 phase=2
end ts=805100812787754 seq=449 step=34 status=0 flags=0x0
begin ts=805100813208378 seq=450 step=36 scheduled=1 prefill=0 decode=1 queue=0 active=2 slices=1 kv_permyriad=18 flags=0x0
slice ts=805100813208378 seq=451 step=36 request=0x0f5fce0cc06410c6 phase=2 tokens=1
packed_begin ts=805100813661465 seq=452 step=36 generation=36 tokens=1 slices=1 flags=0x0
packed_slice ts=805100813661465 seq=453 step=36 generation=36 request=0x0f5fce0cc06410c6 index=0 rows=[0,1) tokens=1 phase=2
end ts=805100932884188 seq=454 step=35 status=0 flags=0x0
begin ts=805100933307467 seq=455 step=37 scheduled=1 prefill=0 decode=1 queue=0 active=1 slices=1 kv_permyriad=9 flags=0x0
slice ts=805100933307467 seq=456 step=37 request=0x0f5fce0cc06410c6 phase=2 tokens=1
packed_begin ts=805100933640810 seq=457 step=37 generation=37 tokens=1 slices=1 flags=0x0
packed_slice ts=805100933640810 seq=458 step=37 generation=37 request=0x0f5fce0cc06410c6 index=0 rows=[0,1) tokens=1 phase=2
end ts=805101052306303 seq=459 step=36 status=0 flags=0x0
begin ts=805101052679326 seq=460 step=38 scheduled=1 prefill=0 decode=1 queue=0 active=1 slices=1 kv_permyriad=12 flags=0x0
slice ts=805101052679326 seq=461 step=38 request=0x0f5fce0cc06410c6 phase=2 tokens=1
packed_begin ts=805101053038525 seq=462 step=38 generation=38 tokens=1 slices=1 flags=0x0
packed_slice ts=805101053038525 seq=463 step=38 generation=38 request=0x0f5fce0cc06410c6 index=0 rows=[0,1) tokens=1 phase=2
end ts=805101171888033 seq=464 step=37 status=0 flags=0x0
begin ts=805101172360368 seq=465 step=39 scheduled=1 prefill=0 decode=1 queue=0 active=1 slices=1 kv_permyriad=12 flags=0x0
slice ts=805101172360368 seq=466 step=39 request=0x0f5fce0cc06410c6 phase=2 tokens=1
packed_begin ts=805101172708863 seq=467 step=39 generation=39 tokens=1 slices=1 flags=0x0
packed_slice ts=805101172708863 seq=468 step=39 generation=39 request=0x0f5fce0cc06410c6 index=0 rows=[0,1) tokens=1 phase=2
end ts=805101291218276 seq=469 step=38 status=0 flags=0x0
begin ts=805101291658259 seq=470 step=40 scheduled=1 prefill=0 decode=1 queue=0 active=1 slices=1 kv_permyriad=12 flags=0x0
slice ts=805101291658259 seq=471 step=40 request=0x0f5fce0cc06410c6 phase=2 tokens=1
packed_begin ts=805101291906674 seq=472 step=40 generation=40 tokens=1 slices=1 flags=0x0
packed_slice ts=805101291906674 seq=473 step=40 generation=40 request=0x0f5fce0cc06410c6 index=0 rows=[0,1) tokens=1 phase=2
end ts=805101409359001 seq=474 step=39 status=0 flags=0x0
end ts=805101528653868 seq=475 step=40 status=0 flags=0x0
