libbpf: loading object 'kernel_trace_bpf' from buffer
[2026-08-10 02:58:30.771] [info] [bpftime_config.cpp:47] Setting BPFTIME_SHM_MEMORY_MB to: 256
[2026-08-10 02:58:30.771] [info] [syscall_context.cpp:152] Init bpftime syscall mocking..
[2026-08-10 02:58:30.771] [info] [syscall_context.cpp:153] The log will be written to: console
[2026-08-10 02:58:30.771] [info] [syscall_server_utils.cpp:45] Starting syscall server..
[2026-08-10 02:58:30.771] [info] [bpftime_config.cpp:47] Setting BPFTIME_SHM_MEMORY_MB to: 256
[2026-08-10 02:58:30][info][415643] Initialize syscall server
[2026-08-10 02:58:30][info][415643] Setting BPFTIME_SHM_MEMORY_MB to: 256
[2026-08-10 02:58:30][info][415643] Global shm constructed. shm_open_type 3 for bpftime_maps_shm
[2026-08-10 02:58:30][info][415643] Global shm initialized
[2026-08-10 02:58:30][info][415643] Initializing CUDA at syscall-server side
[2026-08-10 02:58:30][info][415643] CUDA initialized at syscall server side
[2026-08-10 02:58:30][info][415643] bpftime-syscall-server started
libbpf: elf: section(2) .symtab, size 168, link 1, flags 0, type=2
libbpf: elf: section(3) kprobe/_Z9vectorAddPKfS0_Pfi, size 368, link 0, flags 6, type=1
libbpf: sec 'kprobe/_Z9vectorAddPKfS0_Pfi': found program 'cuda__kernel_trace' at insn offset 0 (0 bytes), code size 46 insns (368 bytes)
libbpf: elf: section(4) .maps, size 32, link 0, flags 3, type=1
libbpf: elf: section(5) license, size 4, link 0, flags 3, type=1
libbpf: license of kernel_trace_bpf is GPL
libbpf: elf: section(6) .relkprobe/_Z9vectorAddPKfS0_Pfi, size 16, link 2, flags 40, type=9
libbpf: elf: section(7) .BTF, size 1215, link 0, flags 0, type=1
libbpf: elf: section(8) .BTF.ext, size 256, link 0, flags 0, type=1
libbpf: looking for externs among 7 symbols...
libbpf: collected 0 externs total
libbpf: map 'events': at sec_idx 4, offset 0.
libbpf: map 'events': found type = 1527.
libbpf: map 'events': found key [8], sz = 4.
libbpf: map 'events': found value [12], sz = 56.
libbpf: map 'events': found max_entries = 16.
libbpf: sec '.relkprobe/_Z9vectorAddPKfS0_Pfi': collecting relocation for section(3) 'kprobe/_Z9vectorAddPKfS0_Pfi'
libbpf: sec '.relkprobe/_Z9vectorAddPKfS0_Pfi': relo #0: insn #39 against 'events'
libbpf: prog 'cuda__kernel_trace': found map 0 (events, sec 4, off 0) for insn #39
libbpf: object 'kernel_trace_bp': failed (-EACCES) to open BPF FS mount at '/sys/fs/bpf', skipping optional step...
libbpf: Kernel doesn't support BTF, skipping uploading it.
[2026-08-10 02:58:30][info][415643] syscall server: Set enable_mock_after_initialized to false
[2026-08-10 02:58:31][info][415643] CUDA context for thread 415643 has been set to ca653ff74250
[2026-08-10 02:58:31][info][415643] Map events (nv_gpu_ringbuf_map_impl) has space for thread count 8192
[2026-08-10 02:58:31][info][415643] syscall server: Set enable_mock_after_initialized to true
libbpf: map 'events': created successfully, fd=16
[2026-08-10 02:58:31][info][415643] Created kprobe/kretprobe perf event handler, func_name _Z9vectorAddPKfS0_Pfi, addr 0
