[2026-08-10 03:04:26.136] [warning] [bpftime_vm_compat.hpp:251] VM factory for name: llvm already registered, overwriting
[2026-08-10 03:04:26.372] [info] [bpftime_shm_internal.cpp:1074] Registered shared memory with CUDA: addr=0xe49113e80000 size=268435456
[2026-08-10 03:04:26.372] [info] [bpftime_shm_internal.cpp:859] Global shm constructed. shm_open_type 1 for bpftime_maps_shm
[2026-08-10 03:04:26.372] [info] [bpftime_shm_internal.cpp:48] Global shm initialized
[2026-08-10 03:04:26][info][418195] bpf_attach_ctx constructed
[2026-08-10 03:04:26][info][418195] Initializing CUDA shared memory
[2026-08-10 03:04:26][info][418195] CommSharedMem host 0xe49113f7c7e8 mapped to device 0xe49113f7c7e8
[2026-08-10 03:04:26][info][418195] CUDA context created
[2026-08-10 03:04:26][info][418195] Register attach-impl defined helper bpf_get_func_arg, index 183
[2026-08-10 03:04:26][info][418195] Register attach-impl defined helper bpf_get_func_ret_id, index 184
[2026-08-10 03:04:26][info][418195] Register attach-impl defined helper bpf_get_retval, index 186
[2026-08-10 03:04:26][info][418195] Starting nv_attach_impl
[2026-08-10 03:04:26][info][418195] Parsing bundled libraries: /home/harsh4786/bpftime/build-gpu/attach/nv_attach_impl/pass/ptxpass_kprobe_entry/libptxpass_kprobe_entry.so:/home/harsh4786/bpftime/build-gpu/attach/nv_attach_impl/pass/ptxpass_kretprobe/libptxpass_kretprobe.so:/home/harsh4786/bpftime/build-gpu/attach/nv_attach_impl/pass/ptxpass_kprobe_memcapture/libptxpass_kprobe_memcapture.so
[2026-08-10 03:04:26][info][418195] Found path: /home/harsh4786/bpftime/build-gpu/attach/nv_attach_impl/pass/ptxpass_kprobe_entry/libptxpass_kprobe_entry.so, executing..
[2026-08-10 03:04:26][info][418195] Retrived config of /home/harsh4786/bpftime/build-gpu/attach/nv_attach_impl/pass/ptxpass_kprobe_entry/libptxpass_kprobe_entry.so
[2026-08-10 03:04:26][info][418195] Found path: /home/harsh4786/bpftime/build-gpu/attach/nv_attach_impl/pass/ptxpass_kretprobe/libptxpass_kretprobe.so, executing..
[2026-08-10 03:04:26][info][418195] Retrived config of /home/harsh4786/bpftime/build-gpu/attach/nv_attach_impl/pass/ptxpass_kretprobe/libptxpass_kretprobe.so
[2026-08-10 03:04:26][info][418195] Found path: /home/harsh4786/bpftime/build-gpu/attach/nv_attach_impl/pass/ptxpass_kprobe_memcapture/libptxpass_kprobe_memcapture.so, executing..
[2026-08-10 03:04:26][info][418195] Retrived config of /home/harsh4786/bpftime/build-gpu/attach/nv_attach_impl/pass/ptxpass_kprobe_memcapture/libptxpass_kprobe_memcapture.so
[2026-08-10 03:04:26][info][418195] Initializing agent..
[2026-08-10 03:04:26][info][418195] bpftime: shm epoch_seq = 8
[2026-08-10 03:04:26][info][418195] Instantiating bpf link 40 and the corresponding program cuda__kernel_tr is cuda program
[2026-08-10 03:04:26][info][418195] Skipping nv attach handler 40 since we are not handling nv handles
[2026-08-10 03:04:26][info][418195] Instantiating bpf link 40 and the corresponding program cuda__kernel_tr is cuda program
[2026-08-10 03:04:26][info][418195] Handling link to CUDA program: 40, recording it..
[2026-08-10 03:04:26][info][418195] Loaded 46 instructions (original) for cuda ebpf program
[2026-08-10 03:04:26][info][418195] Initializing nv_gpu_ringbuf_map_impl at pid 418195
[2026-08-10 03:04:26][info][418195] Mapped GPU memory for gpu ringbuf map: 251311758495072
[2026-08-10 03:04:26][info][418195] Copying map fd 16 to device, key size=4, value size=56, max ent=16, map_type = 1527, gpu_buffer = e4911417cd60
[2026-08-10 03:04:26][info][418195] Cached shared_mem_ptr at e49113f7c7e8
[2026-08-10 03:04:26][info][418195] Recorded pass /home/harsh4786/bpftime/build-gpu/attach/nv_attach_impl/pass/ptxpass_kprobe_entry/libptxpass_kprobe_entry.so for func _Z9vectorAddPKfS0_Pfi
[2026-08-10 03:04:26][info][418195] nv_attach_impl: cached 280758 host symbols
[2026-08-10 03:04:26][info][418195] nv_attach_impl: late attach bootstrap scanning fatbins..
[2026-08-10 03:04:26][info][418195] Temporary fatbin written to /tmp/bpftime-fatbin-work.Bsuxm0/temp.fatbin
[2026-08-10 03:04:26][info][418195] Extracting PTX in the fatbin...
[2026-08-10 03:04:26][info][418195] Calling cuobjdump: /usr/local/cuda-13.0/bin/cuobjdump --extract-ptx all /tmp/bpftime-fatbin-work.Bsuxm0/temp.fatbin
cuobjdump info    : No PTX file found to extract from '/tmp/bpftime-fatbin-work.Bsuxm0/temp.fatbin'. You may try with -all option.
[2026-08-10 03:04:26][info][418195] Remove extracted files..
[2026-08-10 03:04:26][info][418195] Got 0 PTX files
[2026-08-10 03:04:26][info][418195] nv_attach_impl: found 1 fatbin wrapper(s) in /home/harsh4786/gpu-observer/benchmarks/device-ebpf/exp0007-20260810T095442Z/vec_add_once-sm121
[2026-08-10 03:04:26][info][418195] Temporary fatbin written to /tmp/bpftime-fatbin-work.ACUXka/temp.fatbin
[2026-08-10 03:04:26][info][418195] Extracting PTX in the fatbin...
[2026-08-10 03:04:26][info][418195] Calling cuobjdump: /usr/local/cuda-13.0/bin/cuobjdump --extract-ptx all /tmp/bpftime-fatbin-work.ACUXka/temp.fatbin
Extracting PTX file and ptxas options    1: vec_add_once.sm_121.ptx -arch=sm_121  --generate-line-info 
[2026-08-10 03:04:26][info][418195] Remove extracted files..
[2026-08-10 03:04:26][info][418195] Got 1 PTX files
[2026-08-10 03:04:26][info][418195] Loading & patching current fatbin..
[2026-08-10 03:04:26][info][418223] Patching PTX: vec_add_once.sm_121.ptx
[2026-08-10 03:04:26][info][418223] Patching request cf0bfc4042944f9ffa7811b2a4f1702fd298e804263b5ef9aad1c185f3047a5c not found in cache, patching..
[2026-08-10 03:04:26.805] [info] [core.cpp:321] [ptxpass] kprobe_entry: matched=1, in=1230, out=4541
[2026-08-10 03:04:26][info][418195] Auto-detected GPU SM arch: sm_121 (compute capability 12.1)
[2026-08-10 03:04:26][info][418195] Compiling PTXs with sm_arch sm_121
[2026-08-10 03:04:26][info][418195] Compiler version: 13.0
[2026-08-10 03:04:26][info][418244] Start compiling patched.vec_add_once.sm_121.ptx, not found in cache
[2026-08-10 03:04:26][info][418244] Compile of patched.vec_add_once.sm_121.ptx done
[2026-08-10 03:04:26][info][418195] Loading module: patched.vec_add_once.sm_121.ptx, not found in cache
[2026-08-10 03:04:26][info][418195] Copying trampoline data to device
[2026-08-10 03:04:26][info][418195] constData symbol device_ptr=32ee00000 size=8 shared_mem_ptr=e49113f7c7e8
[2026-08-10 03:04:26][info][418195] map_info symbol device_ptr=32ee00008 size=40960
[2026-08-10 03:04:26][info][418195] Trampoline data copied
[2026-08-10 03:04:26][info][418195] Loaded module: patched.vec_add_once.sm_121.ptx
[2026-08-10 03:04:26][info][418195] nv_attach_impl: late attach bootstrap ingested 1 fatbin(s)
[2026-08-10 03:04:26][info][418195] agent ipc: listening (abstract) for pid 418195
[2026-08-10 03:04:26][info][418195] Attach successfully
[2026-08-10 03:04:26][info][418199] Exiting CUDA watcher thread
vectorAdd C[0]=0.0 C[1]=4.0 blocks=32 threads=128 status=PASS
