libbpf: loading object 'kernel_trace_bpf' from buffer
[2026-08-10 03:06:28.319] [info] [bpftime_config.cpp:47] Setting BPFTIME_SHM_MEMORY_MB to: 256
[2026-08-10 03:06:28.319] [info] [syscall_context.cpp:152] Init bpftime syscall mocking..
[2026-08-10 03:06:28.319] [info] [syscall_context.cpp:153] The log will be written to: console
[2026-08-10 03:06:28.319] [debug] fopen64 /proc/version_signature re
[2026-08-10 03:06:28.319] [debug] [syscall_context.cpp:1083] Calling mocked fopen
[2026-08-10 03:06:28.319] [info] [syscall_server_utils.cpp:45] Starting syscall server..
[2026-08-10 03:06:28.319] [info] [bpftime_config.cpp:47] Setting BPFTIME_SHM_MEMORY_MB to: 256
[2026-08-10 03:06:28][info][419223] Initialize syscall server
[2026-08-10 03:06:28][info][419223] Setting BPFTIME_SHM_MEMORY_MB to: 256
[2026-08-10 03:06:28][debug][419223] start: bpftime_shm for create or open setup for memory size 256
[2026-08-10 03:06:28][debug][419223] mmap 0
[2026-08-10 03:06:28][debug][419223] Closing fd 3
[2026-08-10 03:06:28][debug][419223] done: bpftime_shm for server setup: manager
[2026-08-10 03:06:28][debug][419223] done: bpftime_shm for server setup: syscall_pid_set
[2026-08-10 03:06:28][debug][419223] done: bpftime_shm for open_or_create setup
[2026-08-10 03:06:28][info][419223] Global shm constructed. shm_open_type 3 for bpftime_maps_shm
[2026-08-10 03:06:28][info][419223] Global shm initialized
[2026-08-10 03:06:28][info][419223] Initializing CUDA at syscall-server side
[2026-08-10 03:06:28][debug][419223] fopen /proc/sys/vm/mmap_min_addr r
[2026-08-10 03:06:28][debug][419223] fopen /proc/cpuinfo r
[2026-08-10 03:06:28][debug][419223] fopen /proc/self/maps r
[2026-08-10 03:06:28][debug][419223] fopen /proc/self/task/419224/comm wb
[2026-08-10 03:06:28][debug][419223] fopen /home/harsh4786/.nv/nvidia-application-profile-globals-rc r
[2026-08-10 03:06:28][debug][419223] fopen /home/harsh4786/.nv/nvidia-application-profiles-rc r
[2026-08-10 03:06:28][debug][419223] fopen /home/harsh4786/.nv/nvidia-application-profiles-rc.d r
[2026-08-10 03:06:28][debug][419223] fopen /etc/nvidia/nvidia-application-profiles-rc r
[2026-08-10 03:06:28][debug][419223] fopen /etc/nvidia/nvidia-application-profiles-rc.d/ r
[2026-08-10 03:06:28][debug][419223] fopen /usr/share/nvidia/nvidia-application-profiles-580.173.02-rc r
[2026-08-10 03:06:28][debug][419223] fopen /usr/share/nvidia/nvidia-application-profiles-rc r
[2026-08-10 03:06:28][debug][419223] fopen /proc/self/cmdline r
[2026-08-10 03:06:28][debug][419223] Closing fd 8
[2026-08-10 03:06:28][debug][419223] fopen /proc/driver/nvidia/params r
[2026-08-10 03:06:28][debug][419223] open /sys/devices/system/memory/block_size_bytes 0 0
[2026-08-10 03:06:28][debug][419223] Closing fd 9
[2026-08-10 03:06:28][debug][419223] ioctl 8 3221767894 281474774267312
[2026-08-10 03:06:28][debug][419223] Calling original ioctl, enable_lock=false, initializing_cuda=true
[2026-08-10 03:06:28][debug][419223] ioctl 8 3372238536 256398087952160
[2026-08-10 03:06:28][debug][419223] Calling original ioctl, enable_lock=false, initializing_cuda=true
[2026-08-10 03:06:28][debug][419223] ioctl 8 3224389163 281474774267616
[2026-08-10 03:06:28][debug][419223] Calling original ioctl, enable_lock=false, initializing_cuda=true
[2026-08-10 03:06:28][debug][419223] ioctl 8 3223340586 281474774263312
[2026-08-10 03:06:28][debug][419223] Calling original ioctl, enable_lock=false, initializing_cuda=true
[2026-08-10 03:06:28][debug][419223] ioctl 8 3222292009 281474774267648
[2026-08-10 03:06:28][debug][419223] Calling original ioctl, enable_lock=false, initializing_cuda=true
[2026-08-10 03:06:28][debug][419223] Closing fd 8
[2026-08-10 03:06:28][debug][419223] fopen /proc/driver/nvidia/params r
[2026-08-10 03:06:28][debug][419223] open /sys/devices/system/memory/block_size_bytes 0 0
[2026-08-10 03:06:28][debug][419223] Closing fd 9
[2026-08-10 03:06:28][debug][419223] ioctl 8 3221767894 281474774268768
[2026-08-10 03:06:28][debug][419223] Calling original ioctl, enable_lock=false, initializing_cuda=true
[2026-08-10 03:06:28][debug][419223] ioctl 8 3372238536 256398087952160
[2026-08-10 03:06:28][debug][419223] Calling original ioctl, enable_lock=false, initializing_cuda=true
[2026-08-10 03:06:28][debug][419223] ioctl 8 3224389163 281474774269072
[2026-08-10 03:06:28][debug][419223] Calling original ioctl, enable_lock=false, initializing_cuda=true
[2026-08-10 03:06:28][debug][419223] ioctl 8 3223340586 281474774264704
[2026-08-10 03:06:28][debug][419223] Calling original ioctl, enable_lock=false, initializing_cuda=true
[2026-08-10 03:06:28][debug][419223] ioctl 8 3223340586 281474774264704
[2026-08-10 03:06:28][debug][419223] Calling original ioctl, enable_lock=false, initializing_cuda=true
[2026-08-10 03:06:28][debug][419223] ioctl 8 3224389163 281474774269072
[2026-08-10 03:06:28][debug][419223] Calling original ioctl, enable_lock=false, initializing_cuda=true
[2026-08-10 03:06:28][debug][419223] ioctl 8 3223340586 281474774264720
[2026-08-10 03:06:28][debug][419223] Calling original ioctl, enable_lock=false, initializing_cuda=true
[2026-08-10 03:06:28][debug][419223] fopen /proc/self/status r
[2026-08-10 03:06:28][debug][419223] fopen /sys/devices/system/node/node0/cpumap r
[2026-08-10 03:06:28][debug][419223] fopen /proc/devices r
[2026-08-10 03:06:28][debug][419223] open /dev/nvidia-uvm 524290 0
[2026-08-10 03:06:28][debug][419223] open /dev/nvidia-uvm 524290 0
[2026-08-10 03:06:28][debug][419223] ioctl 9 805306369 281474774269376
[2026-08-10 03:06:28][debug][419223] Calling original ioctl, enable_lock=false, initializing_cuda=true
[2026-08-10 03:06:28][debug][419223] ioctl 10 75 281474774269376
[2026-08-10 03:06:28][debug][419223] Calling original ioctl, enable_lock=false, initializing_cuda=true
[2026-08-10 03:06:28][debug][419223] ioctl 9 39 281474774269376
[2026-08-10 03:06:28][debug][419223] Calling original ioctl, enable_lock=false, initializing_cuda=true
[2026-08-10 03:06:28][debug][419223] ioctl 8 3223340586 281474774256912
[2026-08-10 03:06:28][debug][419223] Calling original ioctl, enable_lock=false, initializing_cuda=true
[2026-08-10 03:06:28][debug][419223] ioctl 8 3223340586 281474774255040
[2026-08-10 03:06:28][debug][419223] Calling original ioctl, enable_lock=false, initializing_cuda=true
[2026-08-10 03:06:28][debug][419223] ioctl 8 3223340586 281474774256832
[2026-08-10 03:06:28][debug][419223] Calling original ioctl, enable_lock=false, initializing_cuda=true
[2026-08-10 03:06:28][debug][419223] fopen /proc/driver/nvidia/params r
[2026-08-10 03:06:28][debug][419223] ioctl 8 3223340586 281474774257296
[2026-08-10 03:06:28][debug][419223] Calling original ioctl, enable_lock=false, initializing_cuda=true
[2026-08-10 03:06:28][debug][419223] ioctl 8 3223340586 281474774254208
[2026-08-10 03:06:28][debug][419223] Calling original ioctl, enable_lock=false, initializing_cuda=true
[2026-08-10 03:06:28][debug][419223] ioctl 8 3223340586 281474774257280
[2026-08-10 03:06:28][debug][419223] Calling original ioctl, enable_lock=false, initializing_cuda=true
[2026-08-10 03:06:28][debug][419223] ioctl 8 3222292009 281474774261568
[2026-08-10 03:06:28][debug][419223] Calling original ioctl, enable_lock=false, initializing_cuda=true
[2026-08-10 03:06:28][debug][419223] ioctl 8 3223340586 281474774256928
[2026-08-10 03:06:28][debug][419223] Calling original ioctl, enable_lock=false, initializing_cuda=true
[2026-08-10 03:06:28][debug][419223] ioctl 8 3223340586 281474774256928
[2026-08-10 03:06:28][debug][419223] Calling original ioctl, enable_lock=false, initializing_cuda=true
[2026-08-10 03:06:28][debug][419223] fopen /proc/driver/nvidia/params r
[2026-08-10 03:06:28][debug][419223] ioctl 12 3221505737 281474774261408
[2026-08-10 03:06:28][debug][419223] Calling original ioctl, enable_lock=false, initializing_cuda=true
[2026-08-10 03:06:28][debug][419223] ioctl 12 3257943767 281474774260752
[2026-08-10 03:06:28][debug][419223] Calling original ioctl, enable_lock=false, initializing_cuda=true
[2026-08-10 03:06:28][debug][419223] ioctl 8 3223340586 281474774256960
[2026-08-10 03:06:28][debug][419223] Calling original ioctl, enable_lock=false, initializing_cuda=true
[2026-08-10 03:06:28][debug][419223] ioctl 8 3224389163 281474774261592
[2026-08-10 03:06:28][debug][419223] Calling original ioctl, enable_lock=false, initializing_cuda=true
[2026-08-10 03:06:28][debug][419223] ioctl 8 3223340586 281474774257296
[2026-08-10 03:06:28][debug][419223] Calling original ioctl, enable_lock=false, initializing_cuda=true
[2026-08-10 03:06:28][debug][419223] ioctl 8 3223340586 281474774256464
[2026-08-10 03:06:28][debug][419223] Calling original ioctl, enable_lock=false, initializing_cuda=true
[2026-08-10 03:06:28][debug][419223] ioctl 8 3223340586 281474774257296
[2026-08-10 03:06:28][debug][419223] Calling original ioctl, enable_lock=false, initializing_cuda=true
[2026-08-10 03:06:28][debug][419223] ioctl 8 3223340586 281474774257184
[2026-08-10 03:06:28][debug][419223] Calling original ioctl, enable_lock=false, initializing_cuda=true
[2026-08-10 03:06:28][debug][419223] ioctl 8 3223340586 281474774256928
[2026-08-10 03:06:28][debug][419223] Calling original ioctl, enable_lock=false, initializing_cuda=true
[2026-08-10 03:06:28][debug][419223] ioctl 8 3223340586 281474774256928
[2026-08-10 03:06:28][debug][419223] Calling original ioctl, enable_lock=false, initializing_cuda=true
[2026-08-10 03:06:28][debug][419223] fopen /proc/driver/nvidia/params r
[2026-08-10 03:06:28][debug][419223] ioctl 13 3221505737 281474774261408
[2026-08-10 03:06:28][debug][419223] Calling original ioctl, enable_lock=false, initializing_cuda=true
[2026-08-10 03:06:28][debug][419223] ioctl 8 3224389163 281474774261648
[2026-08-10 03:06:28][debug][419223] Calling original ioctl, enable_lock=false, initializing_cuda=true
[2026-08-10 03:06:28][debug][419223] ioctl 8 3224389163 281474774261648
[2026-08-10 03:06:28][debug][419223] Calling original ioctl, enable_lock=false, initializing_cuda=true
[2026-08-10 03:06:28][debug][419223] ioctl 8 3223340586 281474774256256
[2026-08-10 03:06:28][debug][419223] Calling original ioctl, enable_lock=false, initializing_cuda=true
[2026-08-10 03:06:28][debug][419223] ioctl 8 3223340586 281474774256176
[2026-08-10 03:06:28][debug][419223] Calling original ioctl, enable_lock=false, initializing_cuda=true
[2026-08-10 03:06:28][debug][419223] ioctl 8 3223340586 281474774257024
[2026-08-10 03:06:28][debug][419223] Calling original ioctl, enable_lock=false, initializing_cuda=true
[2026-08-10 03:06:28][debug][419223] ioctl 8 3223340586 281474774254544
[2026-08-10 03:06:28][debug][419223] Calling original ioctl, enable_lock=false, initializing_cuda=true
[2026-08-10 03:06:28][debug][419223] ioctl 8 3223340586 281474774252496
[2026-08-10 03:06:28][debug][419223] Calling original ioctl, enable_lock=false, initializing_cuda=true
[2026-08-10 03:06:28][debug][419223] ioctl 8 3223340586 281474774253488
[2026-08-10 03:06:28][debug][419223] Calling original ioctl, enable_lock=false, initializing_cuda=true
[2026-08-10 03:06:28][debug][419223] ioctl 8 3223340586 281474774256224
[2026-08-10 03:06:28][debug][419223] Calling original ioctl, enable_lock=false, initializing_cuda=true
[2026-08-10 03:06:28][debug][419223] ioctl 8 3223340586 281474774256720
[2026-08-10 03:06:28][debug][419223] Calling original ioctl, enable_lock=false, initializing_cuda=true
[2026-08-10 03:06:28][debug][419223] ioctl 8 3223340586 281474774255952
[2026-08-10 03:06:28][debug][419223] Calling original ioctl, enable_lock=false, initializing_cuda=true
[2026-08-10 03:06:28][debug][419223] ioctl 8 3223340586 281474774255952
[2026-08-10 03:06:28][debug][419223] Calling original ioctl, enable_lock=false, initializing_cuda=true
[2026-08-10 03:06:28][debug][419223] ioctl 8 3223340586 281474774255952
[2026-08-10 03:06:28][debug][419223] Calling original ioctl, enable_lock=false, initializing_cuda=true
[2026-08-10 03:06:28][debug][419223] ioctl 8 3223340586 281474774255952
[2026-08-10 03:06:28][debug][419223] Calling original ioctl, enable_lock=false, initializing_cuda=true
[2026-08-10 03:06:28][debug][419223] ioctl 8 3223340586 281474774255952
[2026-08-10 03:06:28][debug][419223] Calling original ioctl, enable_lock=false, initializing_cuda=true
[2026-08-10 03:06:28][debug][419223] ioctl 8 3223340586 281474774255248
[2026-08-10 03:06:28][debug][419223] Calling original ioctl, enable_lock=false, initializing_cuda=true
[2026-08-10 03:06:28][debug][419223] ioctl 8 3223340586 281474774255680
[2026-08-10 03:06:28][debug][419223] Calling original ioctl, enable_lock=false, initializing_cuda=true
[2026-08-10 03:06:28][debug][419223] ioctl 8 3223340586 281474774256352
[2026-08-10 03:06:28][debug][419223] Calling original ioctl, enable_lock=false, initializing_cuda=true
[2026-08-10 03:06:28][debug][419223] ioctl 8 3223340586 281474774256720
[2026-08-10 03:06:28][debug][419223] Calling original ioctl, enable_lock=false, initializing_cuda=true
[2026-08-10 03:06:28][debug][419223] ioctl 8 3223340586 281474774256720
[2026-08-10 03:06:28][debug][419223] Calling original ioctl, enable_lock=false, initializing_cuda=true
[2026-08-10 03:06:28][debug][419223] ioctl 8 3223340586 281474774256672
[2026-08-10 03:06:28][debug][419223] Calling original ioctl, enable_lock=false, initializing_cuda=true
[2026-08-10 03:06:28][debug][419223] ioctl 14 3221505737 281474774261056
[2026-08-10 03:06:28][debug][419223] Calling original ioctl, enable_lock=false, initializing_cuda=true
[2026-08-10 03:06:28][debug][419223] ioctl 14 3222292174 281474774261056
[2026-08-10 03:06:28][debug][419223] Calling original ioctl, enable_lock=false, initializing_cuda=true
[2026-08-10 03:06:28][debug][419223] ioctl 8 3223340586 281474774255952
[2026-08-10 03:06:28][debug][419223] Calling original ioctl, enable_lock=false, initializing_cuda=true
[2026-08-10 03:06:28][debug][419223] ioctl 8 3223340586 281474774256464
[2026-08-10 03:06:28][debug][419223] Calling original ioctl, enable_lock=false, initializing_cuda=true
[2026-08-10 03:06:28][debug][419223] ioctl 8 3223340586 281474774256464
[2026-08-10 03:06:28][debug][419223] Calling original ioctl, enable_lock=false, initializing_cuda=true
[2026-08-10 03:06:28][debug][419223] ioctl 8 3223340586 281474774256464
[2026-08-10 03:06:28][debug][419223] Calling original ioctl, enable_lock=false, initializing_cuda=true
[2026-08-10 03:06:28][debug][419223] ioctl 8 3223340586 281474774256464
[2026-08-10 03:06:28][debug][419223] Calling original ioctl, enable_lock=false, initializing_cuda=true
[2026-08-10 03:06:28][debug][419223] ioctl 8 3223340586 281474774256464
[2026-08-10 03:06:28][debug][419223] Calling original ioctl, enable_lock=false, initializing_cuda=true
[2026-08-10 03:06:28][debug][419223] ioctl 8 3223340586 281474774256448
[2026-08-10 03:06:28][debug][419223] Calling original ioctl, enable_lock=false, initializing_cuda=true
[2026-08-10 03:06:28][debug][419223] ioctl 8 3223340586 281474774256336
[2026-08-10 03:06:28][debug][419223] Calling original ioctl, enable_lock=false, initializing_cuda=true
[2026-08-10 03:06:28][debug][419223] ioctl 8 3223340586 281474774256464
[2026-08-10 03:06:28][debug][419223] Calling original ioctl, enable_lock=false, initializing_cuda=true
[2026-08-10 03:06:28][debug][419223] ioctl 8 3223340586 281474774242160
[2026-08-10 03:06:28][debug][419223] Calling original ioctl, enable_lock=false, initializing_cuda=true
[2026-08-10 03:06:28][debug][419223] ioctl 8 3223340586 281474774249488
[2026-08-10 03:06:28][debug][419223] Calling original ioctl, enable_lock=false, initializing_cuda=true
[2026-08-10 03:06:28][debug][419223] ioctl 8 3223340586 281474774256800
[2026-08-10 03:06:28][debug][419223] Calling original ioctl, enable_lock=false, initializing_cuda=true
[2026-08-10 03:06:28][debug][419223] ioctl 8 3223340586 281474774255760
[2026-08-10 03:06:28][debug][419223] Calling original ioctl, enable_lock=false, initializing_cuda=true
[2026-08-10 03:06:28][debug][419223] ioctl 8 3224389163 281474774260992
[2026-08-10 03:06:28][debug][419223] Calling original ioctl, enable_lock=false, initializing_cuda=true
[2026-08-10 03:06:28][debug][419223] ioctl 8 3223340586 281474774256400
[2026-08-10 03:06:28][debug][419223] Calling original ioctl, enable_lock=false, initializing_cuda=true
[2026-08-10 03:06:28][debug][419223] ioctl 8 3224913486 281474774260960
[2026-08-10 03:06:28][debug][419223] Calling original ioctl, enable_lock=false, initializing_cuda=true
[2026-08-10 03:06:28][debug][419223] mmap64 0
[2026-08-10 03:06:28][debug][419223] Closing fd 15
[2026-08-10 03:06:28][debug][419223] ioctl 8 3224389163 281474774260992
[2026-08-10 03:06:28][debug][419223] Calling original ioctl, enable_lock=false, initializing_cuda=true
[2026-08-10 03:06:28][debug][419223] ioctl 8 3223340586 281474774256400
[2026-08-10 03:06:28][debug][419223] Calling original ioctl, enable_lock=false, initializing_cuda=true
[2026-08-10 03:06:28][debug][419223] ioctl 8 3224913486 281474774260960
[2026-08-10 03:06:28][debug][419223] Calling original ioctl, enable_lock=false, initializing_cuda=true
[2026-08-10 03:06:28][debug][419223] mmap64 0
[2026-08-10 03:06:28][debug][419223] Closing fd 15
[2026-08-10 03:06:28][debug][419223] ioctl 8 3224389163 281474774261152
[2026-08-10 03:06:28][debug][419223] Calling original ioctl, enable_lock=false, initializing_cuda=true
[2026-08-10 03:06:28][debug][419223] ioctl 8 3223340586 281474774256432
[2026-08-10 03:06:28][debug][419223] Calling original ioctl, enable_lock=false, initializing_cuda=true
[2026-08-10 03:06:28][debug][419223] ioctl 8 3224913486 281474774260992
[2026-08-10 03:06:28][debug][419223] Calling original ioctl, enable_lock=false, initializing_cuda=true
[2026-08-10 03:06:28][debug][419223] mmap64 0
[2026-08-10 03:06:28][debug][419223] Closing fd 15
[2026-08-10 03:06:28][debug][419223] ioctl 8 3223340586 281474774256688
[2026-08-10 03:06:28][debug][419223] Calling original ioctl, enable_lock=false, initializing_cuda=true
[2026-08-10 03:06:28][debug][419223] ioctl 8 3224389163 281474774261048
[2026-08-10 03:06:28][debug][419223] Calling original ioctl, enable_lock=false, initializing_cuda=true
[2026-08-10 03:06:28][debug][419223] ioctl 8 3224389163 281474774261048
[2026-08-10 03:06:28][debug][419223] Calling original ioctl, enable_lock=false, initializing_cuda=true
[2026-08-10 03:06:28][debug][419223] ioctl 8 3223340586 281474774256752
[2026-08-10 03:06:28][debug][419223] Calling original ioctl, enable_lock=false, initializing_cuda=true
[2026-08-10 03:06:28][debug][419223] ioctl 8 3223340586 281474774256592
[2026-08-10 03:06:28][debug][419223] Calling original ioctl, enable_lock=false, initializing_cuda=true
[2026-08-10 03:06:28][debug][419223] ioctl 8 3223340586 281474774256576
[2026-08-10 03:06:28][debug][419223] Calling original ioctl, enable_lock=false, initializing_cuda=true
[2026-08-10 03:06:28][debug][419223] ioctl 8 3223340586 281474774256848
[2026-08-10 03:06:28][debug][419223] Calling original ioctl, enable_lock=false, initializing_cuda=true
[2026-08-10 03:06:28][debug][419223] ioctl 8 3223340586 281474774256512
[2026-08-10 03:06:28][debug][419223] Calling original ioctl, enable_lock=false, initializing_cuda=true
[2026-08-10 03:06:28][debug][419223] fopen /sys/bus/pci/devices/000f:01:00.0/numa_node r
[2026-08-10 03:06:28][debug][419223] mmap 0
[2026-08-10 03:06:28][debug][419223] ioctl 8 3223340586 281474774261824
[2026-08-10 03:06:28][debug][419223] Calling original ioctl, enable_lock=false, initializing_cuda=true
[2026-08-10 03:06:28][debug][419223] ioctl 8 3223340586 281474774261824
[2026-08-10 03:06:28][debug][419223] Calling original ioctl, enable_lock=false, initializing_cuda=true
[2026-08-10 03:06:28][debug][419223] ioctl 8 3223340586 281474774257648
[2026-08-10 03:06:28][debug][419223] Calling original ioctl, enable_lock=false, initializing_cuda=true
[2026-08-10 03:06:28][debug][419223] ioctl 8 3223340586 281474774257648
[2026-08-10 03:06:28][debug][419223] Calling original ioctl, enable_lock=false, initializing_cuda=true
[2026-08-10 03:06:28][debug][419223] ioctl 8 3223340586 281474774259984
[2026-08-10 03:06:28][debug][419223] Calling original ioctl, enable_lock=false, initializing_cuda=true
[2026-08-10 03:06:28][debug][419223] ioctl 9 37 281474774268216
[2026-08-10 03:06:28][debug][419223] Calling original ioctl, enable_lock=false, initializing_cuda=true
[2026-08-10 03:06:28][debug][419223] ioctl 9 70 281474774268328
[2026-08-10 03:06:28][debug][419223] Calling original ioctl, enable_lock=false, initializing_cuda=true
[2026-08-10 03:06:28][debug][419223] ioctl 9 23 281474774269424
[2026-08-10 03:06:28][debug][419223] Calling original ioctl, enable_lock=false, initializing_cuda=true
[2026-08-10 03:06:28][debug][419223] ioctl 8 3224389163 281474774268768
[2026-08-10 03:06:28][debug][419223] Calling original ioctl, enable_lock=false, initializing_cuda=true
[2026-08-10 03:06:28][debug][419223] mmap 200000000
[2026-08-10 03:06:28][debug][419223] mmap 0
[2026-08-10 03:06:28][info][419223] CUDA initialized at syscall server side
[2026-08-10 03:06:28][debug][419223] Set environment variable BPFTIME_USED
[2026-08-10 03:06:28][info][419223] bpftime-syscall-server started
[2026-08-10 03:06:28][debug][419223] Unmocked file path: /proc/version_signature
libbpf: elf: section(2) .symtab, size 168, link 1, flags 0, type=2
libbpf: elf: section(3) kprobe/_Z9vectorAddPKfS0_Pfi, size 368, link 0, flags 6, type=1
libbpf: sec 'kprobe/_Z9vectorAddPKfS0_Pfi': found program 'cuda__kernel_trace' at insn offset 0 (0 bytes), code size 46 insns (368 bytes)
libbpf: elf: section(4) .maps, size 32, link 0, flags 3, type=1
libbpf: elf: section(5) license, size 4, link 0, flags 3, type=1
libbpf: license of kernel_trace_bpf is GPL
libbpf: elf: section(6) .relkprobe/_Z9vectorAddPKfS0_Pfi, size 16, link 2, flags 40, type=9
libbpf: elf: section(7) .BTF, size 1215, link 0, flags 0, type=1
libbpf: elf: section(8) .BTF.ext, size 256, link 0, flags 0, type=1
libbpf: looking for externs among 7 symbols...
libbpf: collected 0 externs total
[2026-08-10 03:06:28][debug][419223] SYS_MEMFD_CREATE name=libbpf-placeholder-fd flags=9
[2026-08-10 03:06:28][debug][419223] Calling mocked memfd_create libbpf-placeholder-fd, 9
[2026-08-10 03:06:28][debug][419223] open /dev/null 0 9
[2026-08-10 03:06:28][debug][419223] Calling mocked open
[2026-08-10 03:06:28][debug][419223] Unmocked file path: /dev/null
[2026-08-10 03:06:28][debug][419223] Handler at fd 16 set to type 6
[2026-08-10 03:06:28][debug][419223] Created memfd handler at 16, name libbpf-placeholder-fd, flags 9
libbpf: map 'events': at sec_idx 4, offset 0.
libbpf: map 'events': found type = 1527.
libbpf: map 'events': found key [8], sz = 4.
libbpf: map 'events': found value [12], sz = 56.
libbpf: map 'events': found max_entries = 16.
libbpf: sec '.relkprobe/_Z9vectorAddPKfS0_Pfi': collecting relocation for section(3) 'kprobe/_Z9vectorAddPKfS0_Pfi'
libbpf: sec '.relkprobe/_Z9vectorAddPKfS0_Pfi': relo #0: insn #39 against 'events'
libbpf: prog 'cuda__kernel_trace': found map 0 (events, sec 4, off 0) for insn #39
libbpf: object 'kernel_trace_bp': failed (-EACCES) to open BPF FS mount at '/sys/fs/bpf', skipping optional step...
[2026-08-10 03:06:28][debug][419223] SYS_BPF 5 281474774272416 148 149 687194767493 10
[2026-08-10 03:06:28][debug][419223] Loading program `` license `GPL` prog_type `1` attach_type 4092529040 map_type 1
[2026-08-10 03:06:28][debug][419223] open /dev/null 0 281474774272400
[2026-08-10 03:06:28][debug][419223] Calling mocked open
[2026-08-10 03:06:28][debug][419223] Unmocked file path: /dev/null
[2026-08-10 03:06:28][debug][419223] Set handler fd 17 to bpf_prog_handler, name , prog_type 1, insn_cnt 2
[2026-08-10 03:06:28][debug][419223] Handler at fd 17 set to type 3
[2026-08-10 03:06:28][debug][419223] Loaded program `` id=17
[2026-08-10 03:06:28][debug][419223] Closing fd 17
[2026-08-10 03:06:28][debug][419223] Calling mocked close
[2026-08-10 03:06:28][debug][419223] Destroying prog ehandler 17
[2026-08-10 03:06:28][debug][419223] SYS_BPF 5 281474774272480 152 0 0 281474774273016
[2026-08-10 03:06:28][debug][419223] Loading program `` license `GPL` prog_type `1` attach_type 4092529776 map_type 1
[2026-08-10 03:06:28][debug][419223] open /dev/null 0 281474774273136
[2026-08-10 03:06:28][debug][419223] Calling mocked open
[2026-08-10 03:06:28][debug][419223] Unmocked file path: /dev/null
[2026-08-10 03:06:28][debug][419223] Set handler fd 17 to bpf_prog_handler, name , prog_type 1, insn_cnt 2
[2026-08-10 03:06:28][debug][419223] Handler at fd 17 set to type 3
[2026-08-10 03:06:28][debug][419223] Loaded program `` id=17
[2026-08-10 03:06:28][debug][419223] Closing fd 17
[2026-08-10 03:06:28][debug][419223] Calling mocked close
[2026-08-10 03:06:28][debug][419223] Destroying prog ehandler 17
[2026-08-10 03:06:28][debug][419223] SYS_BPF 18 281474774272080 40 281474774272400 201113574707985 6989718565027735808
[2026-08-10 03:06:28][debug][419223] SYS_BPF 18 281474774272144 40 281474774272464 201113574732157 1734439936
[2026-08-10 03:06:28][debug][419223] SYS_BPF 18 281474774272176 40 281474774272496 201113574710317 1953392896
libbpf: Kernel doesn't support BTF, skipping uploading it.
[2026-08-10 03:06:28][debug][419223] SYS_BPF 5 281474774272288 148 281474774272336 183 256398239174656
[2026-08-10 03:06:28][debug][419223] Loading program `libbpf_nametest` license `GPL` prog_type `1` attach_type 4092528912 map_type 1
[2026-08-10 03:06:28][debug][419223] open /dev/null 0 281474774272272
[2026-08-10 03:06:28][debug][419223] Calling mocked open
[2026-08-10 03:06:28][debug][419223] Unmocked file path: /dev/null
[2026-08-10 03:06:28][debug][419223] Set handler fd 17 to bpf_prog_handler, name libbpf_nametest, prog_type 1, insn_cnt 2
[2026-08-10 03:06:28][debug][419223] Handler at fd 17 set to type 3
[2026-08-10 03:06:28][debug][419223] Loaded program `libbpf_nametest` id=17
[2026-08-10 03:06:28][debug][419223] Closing fd 17
[2026-08-10 03:06:28][debug][419223] Calling mocked close
[2026-08-10 03:06:28][debug][419223] Destroying prog ehandler 17
[2026-08-10 03:06:28][debug][419223] SYS_BPF 0 281474774272288 80 0 281474774272536 281474774272592
[2026-08-10 03:06:28][debug][419223] Creating map type=1527, name=events, key_size=4, value_size=56
[2026-08-10 03:06:28][debug][419223] open /dev/null 0 281474774272316
[2026-08-10 03:06:28][debug][419223] Calling mocked open
[2026-08-10 03:06:28][debug][419223] Unmocked file path: /dev/null
[2026-08-10 03:06:28][debug][419223] Create map with type 1527
[2026-08-10 03:06:28][debug][419223] Handler at fd 17 set to type 1
[2026-08-10 03:06:28][info][419223] syscall server: Set enable_mock_after_initialized to false
[2026-08-10 03:06:28][debug][419223] ioctl 8 3223340586 281474774260912
[2026-08-10 03:06:28][debug][419223] Calling original ioctl, enable_lock=true, initializing_cuda=false
[2026-08-10 03:06:28][debug][419223] ioctl 8 3223340586 281474774260912
[2026-08-10 03:06:28][debug][419223] Calling original ioctl, enable_lock=true, initializing_cuda=false
[2026-08-10 03:06:28][debug][419223] ioctl 8 3223340586 281474774260976
[2026-08-10 03:06:28][debug][419223] Calling original ioctl, enable_lock=true, initializing_cuda=false
[2026-08-10 03:06:28][debug][419223] ioctl 9 25 281474774265248
[2026-08-10 03:06:28][debug][419223] Calling original ioctl, enable_lock=true, initializing_cuda=false
[2026-08-10 03:06:28][debug][419223] mmap 0
[2026-08-10 03:06:28][debug][419223] ioctl 8 3224389163 281474774262400
[2026-08-10 03:06:28][debug][419223] Calling original ioctl, enable_lock=true, initializing_cuda=false
[2026-08-10 03:06:28][debug][419223] ioctl 9 73 281474774261576
[2026-08-10 03:06:28][debug][419223] Calling original ioctl, enable_lock=true, initializing_cuda=false
[2026-08-10 03:06:28][debug][419223] ioctl 9 33 281474774252336
[2026-08-10 03:06:28][debug][419223] Calling original ioctl, enable_lock=true, initializing_cuda=false
[2026-08-10 03:06:28][debug][419223] mmap 320000000
[2026-08-10 03:06:28][debug][419223] ioctl 8 3224389163 281474774262048
[2026-08-10 03:06:28][debug][419223] Calling original ioctl, enable_lock=true, initializing_cuda=false
[2026-08-10 03:06:28][debug][419223] ioctl 9 73 281474774261224
[2026-08-10 03:06:28][debug][419223] Calling original ioctl, enable_lock=true, initializing_cuda=false
[2026-08-10 03:06:28][debug][419223] ioctl 9 33 281474774251984
[2026-08-10 03:06:28][debug][419223] Calling original ioctl, enable_lock=true, initializing_cuda=false
[2026-08-10 03:06:28][debug][419223] ioctl 8 3224389163 281474774262048
[2026-08-10 03:06:28][debug][419223] Calling original ioctl, enable_lock=true, initializing_cuda=false
[2026-08-10 03:06:28][debug][419223] ioctl 9 73 281474774261224
[2026-08-10 03:06:28][debug][419223] Calling original ioctl, enable_lock=true, initializing_cuda=false
[2026-08-10 03:06:28][debug][419223] ioctl 9 33 281474774251984
[2026-08-10 03:06:28][debug][419223] Calling original ioctl, enable_lock=true, initializing_cuda=false
[2026-08-10 03:06:28][debug][419223] ioctl 8 3224389163 281474774262544
[2026-08-10 03:06:28][debug][419223] Calling original ioctl, enable_lock=true, initializing_cuda=false
[2026-08-10 03:06:28][debug][419223] ioctl 9 73 281474774261720
[2026-08-10 03:06:28][debug][419223] Calling original ioctl, enable_lock=true, initializing_cuda=false
[2026-08-10 03:06:28][debug][419223] ioctl 9 33 281474774252480
[2026-08-10 03:06:28][debug][419223] Calling original ioctl, enable_lock=true, initializing_cuda=false
[2026-08-10 03:06:28][debug][419223] ioctl 8 3224389163 281474774264256
[2026-08-10 03:06:28][debug][419223] Calling original ioctl, enable_lock=true, initializing_cuda=false
[2026-08-10 03:06:28][debug][419223] ioctl 8 3224389163 281474774264256
[2026-08-10 03:06:28][debug][419223] Calling original ioctl, enable_lock=true, initializing_cuda=false
[2026-08-10 03:06:28][debug][419223] mmap 200200000
[2026-08-10 03:06:28][debug][419223] ioctl 12 3224913447 281474774260352
[2026-08-10 03:06:28][debug][419223] Calling original ioctl, enable_lock=true, initializing_cuda=false
[2026-08-10 03:06:28][debug][419223] ioctl 9 73 281474774259512
[2026-08-10 03:06:28][debug][419223] Calling original ioctl, enable_lock=true, initializing_cuda=false
[2026-08-10 03:06:28][debug][419223] ioctl 9 33 281474774250272
[2026-08-10 03:06:28][debug][419223] Calling original ioctl, enable_lock=true, initializing_cuda=false
[2026-08-10 03:06:28][debug][419223] mmap 200400000
[2026-08-10 03:06:28][debug][419223] ioctl 12 3224913447 281474774259856
[2026-08-10 03:06:28][debug][419223] Calling original ioctl, enable_lock=true, initializing_cuda=false
[2026-08-10 03:06:28][debug][419223] ioctl 9 73 281474774259016
[2026-08-10 03:06:28][debug][419223] Calling original ioctl, enable_lock=true, initializing_cuda=false
[2026-08-10 03:06:28][debug][419223] ioctl 9 33 281474774249776
[2026-08-10 03:06:28][debug][419223] Calling original ioctl, enable_lock=true, initializing_cuda=false
[2026-08-10 03:06:28][debug][419223] ioctl 8 3224389163 281474774260752
[2026-08-10 03:06:28][debug][419223] Calling original ioctl, enable_lock=true, initializing_cuda=false
[2026-08-10 03:06:28][debug][419223] ioctl 8 3223340586 281474774256512
[2026-08-10 03:06:28][debug][419223] Calling original ioctl, enable_lock=true, initializing_cuda=false
[2026-08-10 03:06:28][debug][419223] ioctl 8 3224913486 281474774261072
[2026-08-10 03:06:28][debug][419223] Calling original ioctl, enable_lock=true, initializing_cuda=false
[2026-08-10 03:06:28][debug][419223] mmap64 e92f32ddf000
[2026-08-10 03:06:28][debug][419223] Calling mocked mmap64
[2026-08-10 03:06:28][debug][419223] Calling original mmap64: addr=0xe92f32ddf000, length=4096, prot=3, flags=17, fd=19, offset=0
[2026-08-10 03:06:28][debug][419223] Closing fd 19
[2026-08-10 03:06:28][debug][419223] ioctl 8 3224389163 281474774260816
[2026-08-10 03:06:28][debug][419223] Calling original ioctl, enable_lock=true, initializing_cuda=false
[2026-08-10 03:06:28][debug][419223] ioctl 8 3223340586 281474774256576
[2026-08-10 03:06:28][debug][419223] Calling original ioctl, enable_lock=true, initializing_cuda=false
[2026-08-10 03:06:28][debug][419223] ioctl 8 3224913486 281474774261136
[2026-08-10 03:06:28][debug][419223] Calling original ioctl, enable_lock=true, initializing_cuda=false
[2026-08-10 03:06:28][debug][419223] mmap64 200800000
[2026-08-10 03:06:28][debug][419223] Calling mocked mmap64
[2026-08-10 03:06:28][debug][419223] Calling original mmap64: addr=0x200800000, length=2097152, prot=3, flags=17, fd=19, offset=0
[2026-08-10 03:06:28][debug][419223] Closing fd 19
[2026-08-10 03:06:28][debug][419223] ioctl 9 73 281474774259992
[2026-08-10 03:06:28][debug][419223] Calling original ioctl, enable_lock=true, initializing_cuda=false
[2026-08-10 03:06:28][debug][419223] ioctl 9 33 281474774250752
[2026-08-10 03:06:28][debug][419223] Calling original ioctl, enable_lock=true, initializing_cuda=false
[2026-08-10 03:06:28][debug][419223] ioctl 8 3224389163 281474774262736
[2026-08-10 03:06:28][debug][419223] Calling original ioctl, enable_lock=true, initializing_cuda=false
[2026-08-10 03:06:28][debug][419223] ioctl 8 3223340586 281474774258784
[2026-08-10 03:06:28][debug][419223] Calling original ioctl, enable_lock=true, initializing_cuda=false
[2026-08-10 03:06:28][debug][419223] ioctl 8 3224389163 281474774263024
[2026-08-10 03:06:28][debug][419223] Calling original ioctl, enable_lock=true, initializing_cuda=false
[2026-08-10 03:06:28][debug][419223] ioctl 8 3223340586 281474774258704
[2026-08-10 03:06:28][debug][419223] Calling original ioctl, enable_lock=true, initializing_cuda=false
[2026-08-10 03:06:28][debug][419223] ioctl 8 3224389163 281474774263024
[2026-08-10 03:06:28][debug][419223] Calling original ioctl, enable_lock=true, initializing_cuda=false
[2026-08-10 03:06:28][debug][419223] ioctl 8 3223340586 281474774258704
[2026-08-10 03:06:28][debug][419223] Calling original ioctl, enable_lock=true, initializing_cuda=false
[2026-08-10 03:06:28][debug][419223] ioctl 8 3223340586 281474774258800
[2026-08-10 03:06:28][debug][419223] Calling original ioctl, enable_lock=true, initializing_cuda=false
[2026-08-10 03:06:28][debug][419223] ioctl 8 3223340586 281474774258800
[2026-08-10 03:06:28][debug][419223] Calling original ioctl, enable_lock=true, initializing_cuda=false
[2026-08-10 03:06:28][debug][419223] ioctl 8 3224389163 281474774261360
[2026-08-10 03:06:28][debug][419223] Calling original ioctl, enable_lock=true, initializing_cuda=false
[2026-08-10 03:06:28][debug][419223] ioctl 8 3223340586 281474774257120
[2026-08-10 03:06:28][debug][419223] Calling original ioctl, enable_lock=true, initializing_cuda=false
[2026-08-10 03:06:28][debug][419223] ioctl 8 3224913486 281474774261680
[2026-08-10 03:06:28][debug][419223] Calling original ioctl, enable_lock=true, initializing_cuda=false
[2026-08-10 03:06:28][debug][419223] mmap64 201a00000
[2026-08-10 03:06:28][debug][419223] Calling mocked mmap64
[2026-08-10 03:06:28][debug][419223] Calling original mmap64: addr=0x201a00000, length=2097152, prot=3, flags=17, fd=19, offset=0
[2026-08-10 03:06:28][debug][419223] Closing fd 19
[2026-08-10 03:06:28][debug][419223] ioctl 9 73 281474774260536
[2026-08-10 03:06:28][debug][419223] Calling original ioctl, enable_lock=true, initializing_cuda=false
[2026-08-10 03:06:28][debug][419223] ioctl 9 33 281474774251296
[2026-08-10 03:06:28][debug][419223] Calling original ioctl, enable_lock=true, initializing_cuda=false
[2026-08-10 03:06:28][debug][419223] mmap 201c00000
[2026-08-10 03:06:28][debug][419223] ioctl 12 3224913447 281474774259856
[2026-08-10 03:06:28][debug][419223] Calling original ioctl, enable_lock=true, initializing_cuda=false
[2026-08-10 03:06:28][debug][419223] ioctl 9 73 281474774259016
[2026-08-10 03:06:28][debug][419223] Calling original ioctl, enable_lock=true, initializing_cuda=false
[2026-08-10 03:06:28][debug][419223] ioctl 9 33 281474774249776
[2026-08-10 03:06:28][debug][419223] Calling original ioctl, enable_lock=true, initializing_cuda=false
[2026-08-10 03:06:28][debug][419223] ioctl 8 3224389163 281474774260752
[2026-08-10 03:06:28][debug][419223] Calling original ioctl, enable_lock=true, initializing_cuda=false
[2026-08-10 03:06:28][debug][419223] ioctl 8 3223340586 281474774256512
[2026-08-10 03:06:28][debug][419223] Calling original ioctl, enable_lock=true, initializing_cuda=false
[2026-08-10 03:06:28][debug][419223] ioctl 8 3224913486 281474774261072
[2026-08-10 03:06:28][debug][419223] Calling original ioctl, enable_lock=true, initializing_cuda=false
[2026-08-10 03:06:28][debug][419223] mmap64 e92f32de0000
[2026-08-10 03:06:28][debug][419223] Calling mocked mmap64
[2026-08-10 03:06:28][debug][419223] Calling original mmap64: addr=0xe92f32de0000, length=4096, prot=3, flags=17, fd=19, offset=0
[2026-08-10 03:06:28][debug][419223] Closing fd 19
[2026-08-10 03:06:28][debug][419223] ioctl 8 3224389163 281474774262736
[2026-08-10 03:06:28][debug][419223] Calling original ioctl, enable_lock=true, initializing_cuda=false
[2026-08-10 03:06:28][debug][419223] ioctl 8 3223340586 281474774258784
[2026-08-10 03:06:28][debug][419223] Calling original ioctl, enable_lock=true, initializing_cuda=false
[2026-08-10 03:06:28][debug][419223] ioctl 8 3224389163 281474774263024
[2026-08-10 03:06:28][debug][419223] Calling original ioctl, enable_lock=true, initializing_cuda=false
[2026-08-10 03:06:28][debug][419223] ioctl 8 3223340586 281474774258704
[2026-08-10 03:06:28][debug][419223] Calling original ioctl, enable_lock=true, initializing_cuda=false
[2026-08-10 03:06:28][debug][419223] ioctl 8 3223340586 281474774258800
[2026-08-10 03:06:28][debug][419223] Calling original ioctl, enable_lock=true, initializing_cuda=false
[2026-08-10 03:06:28][debug][419223] ioctl 8 3223340586 281474774258800
[2026-08-10 03:06:28][debug][419223] Calling original ioctl, enable_lock=true, initializing_cuda=false
[2026-08-10 03:06:28][debug][419223] mmap 202000000
[2026-08-10 03:06:28][debug][419223] ioctl 12 3224913447 281474774259856
[2026-08-10 03:06:28][debug][419223] Calling original ioctl, enable_lock=true, initializing_cuda=false
[2026-08-10 03:06:28][debug][419223] ioctl 9 73 281474774259016
[2026-08-10 03:06:28][debug][419223] Calling original ioctl, enable_lock=true, initializing_cuda=false
[2026-08-10 03:06:28][debug][419223] ioctl 9 33 281474774249776
[2026-08-10 03:06:28][debug][419223] Calling original ioctl, enable_lock=true, initializing_cuda=false
[2026-08-10 03:06:28][debug][419223] ioctl 8 3224389163 281474774260752
[2026-08-10 03:06:28][debug][419223] Calling original ioctl, enable_lock=true, initializing_cuda=false
[2026-08-10 03:06:28][debug][419223] ioctl 8 3223340586 281474774256512
[2026-08-10 03:06:28][debug][419223] Calling original ioctl, enable_lock=true, initializing_cuda=false
[2026-08-10 03:06:28][debug][419223] ioctl 8 3224913486 281474774261072
[2026-08-10 03:06:28][debug][419223] Calling original ioctl, enable_lock=true, initializing_cuda=false
[2026-08-10 03:06:28][debug][419223] mmap64 e92f32de1000
[2026-08-10 03:06:28][debug][419223] Calling mocked mmap64
[2026-08-10 03:06:28][debug][419223] Calling original mmap64: addr=0xe92f32de1000, length=4096, prot=3, flags=17, fd=19, offset=0
[2026-08-10 03:06:28][debug][419223] Closing fd 19
[2026-08-10 03:06:28][debug][419223] ioctl 8 3224389163 281474774262736
[2026-08-10 03:06:28][debug][419223] Calling original ioctl, enable_lock=true, initializing_cuda=false
[2026-08-10 03:06:28][debug][419223] ioctl 8 3223340586 281474774258784
[2026-08-10 03:06:28][debug][419223] Calling original ioctl, enable_lock=true, initializing_cuda=false
[2026-08-10 03:06:28][debug][419223] ioctl 8 3224389163 281474774263024
[2026-08-10 03:06:28][debug][419223] Calling original ioctl, enable_lock=true, initializing_cuda=false
[2026-08-10 03:06:28][debug][419223] ioctl 8 3223340586 281474774258704
[2026-08-10 03:06:28][debug][419223] Calling original ioctl, enable_lock=true, initializing_cuda=false
[2026-08-10 03:06:28][debug][419223] ioctl 8 3224389163 281474774263024
[2026-08-10 03:06:28][debug][419223] Calling original ioctl, enable_lock=true, initializing_cuda=false
[2026-08-10 03:06:28][debug][419223] ioctl 8 3223340586 281474774258704
[2026-08-10 03:06:28][debug][419223] Calling original ioctl, enable_lock=true, initializing_cuda=false
[2026-08-10 03:06:28][debug][419223] ioctl 8 3223340586 281474774258800
[2026-08-10 03:06:28][debug][419223] Calling original ioctl, enable_lock=true, initializing_cuda=false
[2026-08-10 03:06:28][debug][419223] ioctl 8 3223340586 281474774258800
[2026-08-10 03:06:28][debug][419223] Calling original ioctl, enable_lock=true, initializing_cuda=false
[2026-08-10 03:06:28][debug][419223] mmap 202400000
[2026-08-10 03:06:28][debug][419223] ioctl 12 3224913447 281474774259856
[2026-08-10 03:06:28][debug][419223] Calling original ioctl, enable_lock=true, initializing_cuda=false
[2026-08-10 03:06:28][debug][419223] ioctl 9 73 281474774259016
[2026-08-10 03:06:28][debug][419223] Calling original ioctl, enable_lock=true, initializing_cuda=false
[2026-08-10 03:06:28][debug][419223] ioctl 9 33 281474774249776
[2026-08-10 03:06:28][debug][419223] Calling original ioctl, enable_lock=true, initializing_cuda=false
[2026-08-10 03:06:28][debug][419223] ioctl 8 3224389163 281474774260752
[2026-08-10 03:06:28][debug][419223] Calling original ioctl, enable_lock=true, initializing_cuda=false
[2026-08-10 03:06:28][debug][419223] ioctl 8 3223340586 281474774256512
[2026-08-10 03:06:28][debug][419223] Calling original ioctl, enable_lock=true, initializing_cuda=false
[2026-08-10 03:06:28][debug][419223] ioctl 8 3224913486 281474774261072
[2026-08-10 03:06:28][debug][419223] Calling original ioctl, enable_lock=true, initializing_cuda=false
[2026-08-10 03:06:28][debug][419223] mmap64 e92f32de2000
[2026-08-10 03:06:28][debug][419223] Calling mocked mmap64
[2026-08-10 03:06:28][debug][419223] Calling original mmap64: addr=0xe92f32de2000, length=4096, prot=3, flags=17, fd=19, offset=0
[2026-08-10 03:06:28][debug][419223] Closing fd 19
[2026-08-10 03:06:28][debug][419223] ioctl 8 3224389163 281474774262736
[2026-08-10 03:06:28][debug][419223] Calling original ioctl, enable_lock=true, initializing_cuda=false
[2026-08-10 03:06:28][debug][419223] ioctl 8 3223340586 281474774258784
[2026-08-10 03:06:28][debug][419223] Calling original ioctl, enable_lock=true, initializing_cuda=false
[2026-08-10 03:06:28][debug][419223] ioctl 8 3224389163 281474774263024
[2026-08-10 03:06:28][debug][419223] Calling original ioctl, enable_lock=true, initializing_cuda=false
[2026-08-10 03:06:28][debug][419223] ioctl 8 3223340586 281474774258704
[2026-08-10 03:06:28][debug][419223] Calling original ioctl, enable_lock=true, initializing_cuda=false
[2026-08-10 03:06:28][debug][419223] ioctl 8 3223340586 281474774258800
[2026-08-10 03:06:28][debug][419223] Calling original ioctl, enable_lock=true, initializing_cuda=false
[2026-08-10 03:06:28][debug][419223] ioctl 8 3223340586 281474774258800
[2026-08-10 03:06:28][debug][419223] Calling original ioctl, enable_lock=true, initializing_cuda=false
[2026-08-10 03:06:28][debug][419223] mmap 202800000
[2026-08-10 03:06:28][debug][419223] ioctl 12 3224913447 281474774259856
[2026-08-10 03:06:28][debug][419223] Calling original ioctl, enable_lock=true, initializing_cuda=false
[2026-08-10 03:06:28][debug][419223] ioctl 9 73 281474774259016
[2026-08-10 03:06:28][debug][419223] Calling original ioctl, enable_lock=true, initializing_cuda=false
[2026-08-10 03:06:28][debug][419223] ioctl 9 33 281474774249776
[2026-08-10 03:06:28][debug][419223] Calling original ioctl, enable_lock=true, initializing_cuda=false
[2026-08-10 03:06:28][debug][419223] ioctl 8 3224389163 281474774260752
[2026-08-10 03:06:28][debug][419223] Calling original ioctl, enable_lock=true, initializing_cuda=false
[2026-08-10 03:06:28][debug][419223] ioctl 8 3223340586 281474774256512
[2026-08-10 03:06:28][debug][419223] Calling original ioctl, enable_lock=true, initializing_cuda=false
[2026-08-10 03:06:28][debug][419223] ioctl 8 3224913486 281474774261072
[2026-08-10 03:06:28][debug][419223] Calling original ioctl, enable_lock=true, initializing_cuda=false
[2026-08-10 03:06:28][debug][419223] mmap64 e92f32de3000
[2026-08-10 03:06:28][debug][419223] Calling mocked mmap64
[2026-08-10 03:06:28][debug][419223] Calling original mmap64: addr=0xe92f32de3000, length=4096, prot=3, flags=17, fd=19, offset=0
[2026-08-10 03:06:28][debug][419223] Closing fd 19
[2026-08-10 03:06:28][debug][419223] ioctl 8 3224389163 281474774262736
[2026-08-10 03:06:28][debug][419223] Calling original ioctl, enable_lock=true, initializing_cuda=false
[2026-08-10 03:06:28][debug][419223] ioctl 8 3223340586 281474774258784
[2026-08-10 03:06:28][debug][419223] Calling original ioctl, enable_lock=true, initializing_cuda=false
[2026-08-10 03:06:28][debug][419223] ioctl 8 3224389163 281474774263024
[2026-08-10 03:06:28][debug][419223] Calling original ioctl, enable_lock=true, initializing_cuda=false
[2026-08-10 03:06:28][debug][419223] ioctl 8 3223340586 281474774258704
[2026-08-10 03:06:28][debug][419223] Calling original ioctl, enable_lock=true, initializing_cuda=false
[2026-08-10 03:06:28][debug][419223] ioctl 8 3224389163 281474774263024
[2026-08-10 03:06:28][debug][419223] Calling original ioctl, enable_lock=true, initializing_cuda=false
[2026-08-10 03:06:28][debug][419223] ioctl 8 3223340586 281474774258704
[2026-08-10 03:06:28][debug][419223] Calling original ioctl, enable_lock=true, initializing_cuda=false
[2026-08-10 03:06:28][debug][419223] ioctl 8 3223340586 281474774258800
[2026-08-10 03:06:28][debug][419223] Calling original ioctl, enable_lock=true, initializing_cuda=false
[2026-08-10 03:06:28][debug][419223] ioctl 8 3223340586 281474774258800
[2026-08-10 03:06:28][debug][419223] Calling original ioctl, enable_lock=true, initializing_cuda=false
[2026-08-10 03:06:28][debug][419223] mmap 202c00000
[2026-08-10 03:06:28][debug][419223] ioctl 12 3224913447 281474774259856
[2026-08-10 03:06:28][debug][419223] Calling original ioctl, enable_lock=true, initializing_cuda=false
[2026-08-10 03:06:28][debug][419223] ioctl 9 73 281474774259016
[2026-08-10 03:06:28][debug][419223] Calling original ioctl, enable_lock=true, initializing_cuda=false
[2026-08-10 03:06:28][debug][419223] ioctl 9 33 281474774249776
[2026-08-10 03:06:28][debug][419223] Calling original ioctl, enable_lock=true, initializing_cuda=false
[2026-08-10 03:06:28][debug][419223] ioctl 8 3224389163 281474774260752
[2026-08-10 03:06:28][debug][419223] Calling original ioctl, enable_lock=true, initializing_cuda=false
[2026-08-10 03:06:28][debug][419223] ioctl 8 3223340586 281474774256512
[2026-08-10 03:06:28][debug][419223] Calling original ioctl, enable_lock=true, initializing_cuda=false
[2026-08-10 03:06:28][debug][419223] ioctl 8 3224913486 281474774261072
[2026-08-10 03:06:28][debug][419223] Calling original ioctl, enable_lock=true, initializing_cuda=false
[2026-08-10 03:06:28][debug][419223] mmap64 e92f32de4000
[2026-08-10 03:06:28][debug][419223] Calling mocked mmap64
[2026-08-10 03:06:28][debug][419223] Calling original mmap64: addr=0xe92f32de4000, length=4096, prot=3, flags=17, fd=19, offset=0
[2026-08-10 03:06:28][debug][419223] Closing fd 19
[2026-08-10 03:06:28][debug][419223] ioctl 8 3224389163 281474774262736
[2026-08-10 03:06:28][debug][419223] Calling original ioctl, enable_lock=true, initializing_cuda=false
[2026-08-10 03:06:28][debug][419223] ioctl 8 3223340586 281474774258784
[2026-08-10 03:06:28][debug][419223] Calling original ioctl, enable_lock=true, initializing_cuda=false
[2026-08-10 03:06:28][debug][419223] ioctl 8 3224389163 281474774263024
[2026-08-10 03:06:28][debug][419223] Calling original ioctl, enable_lock=true, initializing_cuda=false
[2026-08-10 03:06:28][debug][419223] ioctl 8 3223340586 281474774258704
[2026-08-10 03:06:28][debug][419223] Calling original ioctl, enable_lock=true, initializing_cuda=false
[2026-08-10 03:06:28][debug][419223] ioctl 8 3223340586 281474774258800
[2026-08-10 03:06:28][debug][419223] Calling original ioctl, enable_lock=true, initializing_cuda=false
[2026-08-10 03:06:28][debug][419223] ioctl 8 3223340586 281474774258800
[2026-08-10 03:06:28][debug][419223] Calling original ioctl, enable_lock=true, initializing_cuda=false
[2026-08-10 03:06:28][debug][419223] mmap 203000000
[2026-08-10 03:06:28][debug][419223] ioctl 12 3224913447 281474774259856
[2026-08-10 03:06:28][debug][419223] Calling original ioctl, enable_lock=true, initializing_cuda=false
[2026-08-10 03:06:28][debug][419223] ioctl 9 73 281474774259016
[2026-08-10 03:06:28][debug][419223] Calling original ioctl, enable_lock=true, initializing_cuda=false
[2026-08-10 03:06:28][debug][419223] ioctl 9 33 281474774249776
[2026-08-10 03:06:28][debug][419223] Calling original ioctl, enable_lock=true, initializing_cuda=false
[2026-08-10 03:06:28][debug][419223] ioctl 8 3224389163 281474774260752
[2026-08-10 03:06:28][debug][419223] Calling original ioctl, enable_lock=true, initializing_cuda=false
[2026-08-10 03:06:28][debug][419223] ioctl 8 3223340586 281474774256512
[2026-08-10 03:06:28][debug][419223] Calling original ioctl, enable_lock=true, initializing_cuda=false
[2026-08-10 03:06:28][debug][419223] ioctl 8 3224913486 281474774261072
[2026-08-10 03:06:28][debug][419223] Calling original ioctl, enable_lock=true, initializing_cuda=false
[2026-08-10 03:06:28][debug][419223] mmap64 e92f32de5000
[2026-08-10 03:06:28][debug][419223] Calling mocked mmap64
[2026-08-10 03:06:28][debug][419223] Calling original mmap64: addr=0xe92f32de5000, length=4096, prot=3, flags=17, fd=19, offset=0
[2026-08-10 03:06:28][debug][419223] Closing fd 19
[2026-08-10 03:06:28][debug][419223] ioctl 8 3224389163 281474774262736
[2026-08-10 03:06:28][debug][419223] Calling original ioctl, enable_lock=true, initializing_cuda=false
[2026-08-10 03:06:28][debug][419223] ioctl 8 3223340586 281474774258784
[2026-08-10 03:06:28][debug][419223] Calling original ioctl, enable_lock=true, initializing_cuda=false
[2026-08-10 03:06:28][debug][419223] ioctl 8 3224389163 281474774263024
[2026-08-10 03:06:28][debug][419223] Calling original ioctl, enable_lock=true, initializing_cuda=false
[2026-08-10 03:06:28][debug][419223] ioctl 8 3223340586 281474774258704
[2026-08-10 03:06:28][debug][419223] Calling original ioctl, enable_lock=true, initializing_cuda=false
[2026-08-10 03:06:28][debug][419223] ioctl 8 3224389163 281474774263024
[2026-08-10 03:06:28][debug][419223] Calling original ioctl, enable_lock=true, initializing_cuda=false
[2026-08-10 03:06:28][debug][419223] ioctl 8 3223340586 281474774258704
[2026-08-10 03:06:28][debug][419223] Calling original ioctl, enable_lock=true, initializing_cuda=false
[2026-08-10 03:06:28][debug][419223] ioctl 8 3223340586 281474774258800
[2026-08-10 03:06:28][debug][419223] Calling original ioctl, enable_lock=true, initializing_cuda=false
[2026-08-10 03:06:28][debug][419223] ioctl 8 3223340586 281474774258800
[2026-08-10 03:06:28][debug][419223] Calling original ioctl, enable_lock=true, initializing_cuda=false
[2026-08-10 03:06:28][debug][419223] mmap 203400000
[2026-08-10 03:06:28][debug][419223] ioctl 12 3224913447 281474774259856
[2026-08-10 03:06:28][debug][419223] Calling original ioctl, enable_lock=true, initializing_cuda=false
[2026-08-10 03:06:28][debug][419223] ioctl 9 73 281474774259016
[2026-08-10 03:06:28][debug][419223] Calling original ioctl, enable_lock=true, initializing_cuda=false
[2026-08-10 03:06:28][debug][419223] ioctl 9 33 281474774249776
[2026-08-10 03:06:28][debug][419223] Calling original ioctl, enable_lock=true, initializing_cuda=false
[2026-08-10 03:06:28][debug][419223] ioctl 8 3224389163 281474774260752
[2026-08-10 03:06:28][debug][419223] Calling original ioctl, enable_lock=true, initializing_cuda=false
[2026-08-10 03:06:28][debug][419223] ioctl 8 3223340586 281474774256512
[2026-08-10 03:06:28][debug][419223] Calling original ioctl, enable_lock=true, initializing_cuda=false
[2026-08-10 03:06:28][debug][419223] ioctl 8 3224913486 281474774261072
[2026-08-10 03:06:28][debug][419223] Calling original ioctl, enable_lock=true, initializing_cuda=false
[2026-08-10 03:06:28][debug][419223] mmap64 e92f32de6000
[2026-08-10 03:06:28][debug][419223] Calling mocked mmap64
[2026-08-10 03:06:28][debug][419223] Calling original mmap64: addr=0xe92f32de6000, length=4096, prot=3, flags=17, fd=19, offset=0
[2026-08-10 03:06:28][debug][419223] Closing fd 19
[2026-08-10 03:06:28][debug][419223] ioctl 8 3224389163 281474774262736
[2026-08-10 03:06:28][debug][419223] Calling original ioctl, enable_lock=true, initializing_cuda=false
[2026-08-10 03:06:28][debug][419223] ioctl 8 3223340586 281474774258784
[2026-08-10 03:06:28][debug][419223] Calling original ioctl, enable_lock=true, initializing_cuda=false
[2026-08-10 03:06:28][debug][419223] ioctl 8 3224389163 281474774263024
[2026-08-10 03:06:28][debug][419223] Calling original ioctl, enable_lock=true, initializing_cuda=false
[2026-08-10 03:06:28][debug][419223] ioctl 8 3223340586 281474774258704
[2026-08-10 03:06:28][debug][419223] Calling original ioctl, enable_lock=true, initializing_cuda=false
[2026-08-10 03:06:28][debug][419223] ioctl 8 3223340586 281474774258800
[2026-08-10 03:06:28][debug][419223] Calling original ioctl, enable_lock=true, initializing_cuda=false
[2026-08-10 03:06:28][debug][419223] ioctl 8 3223340586 281474774258800
[2026-08-10 03:06:28][debug][419223] Calling original ioctl, enable_lock=true, initializing_cuda=false
[2026-08-10 03:06:28][debug][419223] ioctl 9 27 281474774264736
[2026-08-10 03:06:28][debug][419223] Calling original ioctl, enable_lock=true, initializing_cuda=false
[2026-08-10 03:06:28][debug][419223] ioctl 9 27 281474774264736
[2026-08-10 03:06:28][debug][419223] Calling original ioctl, enable_lock=true, initializing_cuda=false
[2026-08-10 03:06:28][debug][419223] ioctl 9 27 281474774264736
[2026-08-10 03:06:28][debug][419223] Calling original ioctl, enable_lock=true, initializing_cuda=false
[2026-08-10 03:06:28][debug][419223] ioctl 9 27 281474774264736
[2026-08-10 03:06:28][debug][419223] Calling original ioctl, enable_lock=true, initializing_cuda=false
[2026-08-10 03:06:28][debug][419223] ioctl 9 27 281474774264736
[2026-08-10 03:06:28][debug][419223] Calling original ioctl, enable_lock=true, initializing_cuda=false
[2026-08-10 03:06:28][debug][419223] ioctl 9 27 281474774264736
[2026-08-10 03:06:28][debug][419223] Calling original ioctl, enable_lock=true, initializing_cuda=false
[2026-08-10 03:06:28][debug][419223] ioctl 9 27 281474774264736
[2026-08-10 03:06:28][debug][419223] Calling original ioctl, enable_lock=true, initializing_cuda=false
[2026-08-10 03:06:28][debug][419223] ioctl 9 27 281474774264736
[2026-08-10 03:06:28][debug][419223] Calling original ioctl, enable_lock=true, initializing_cuda=false
[2026-08-10 03:06:28][debug][419223] ioctl 8 3223340586 281474774260416
[2026-08-10 03:06:28][debug][419223] Calling original ioctl, enable_lock=true, initializing_cuda=false
[2026-08-10 03:06:28][debug][419223] ioctl 19 3221505737 281474774264512
[2026-08-10 03:06:28][debug][419223] Calling original ioctl, enable_lock=true, initializing_cuda=false
[2026-08-10 03:06:28][debug][419223] ioctl 19 3222292174 281474774264512
[2026-08-10 03:06:28][debug][419223] Calling original ioctl, enable_lock=true, initializing_cuda=false
[2026-08-10 03:06:28][debug][419223] ioctl 19 3224389163 281474774264464
[2026-08-10 03:06:28][debug][419223] Calling original ioctl, enable_lock=true, initializing_cuda=false
[2026-08-10 03:06:28][debug][419223] ioctl 8 3224389163 281474774264256
[2026-08-10 03:06:28][debug][419223] Calling original ioctl, enable_lock=true, initializing_cuda=false
[2026-08-10 03:06:28][debug][419223] mmap 203800000
[2026-08-10 03:06:28][debug][419223] ioctl 12 3224913447 281474774259856
[2026-08-10 03:06:28][debug][419223] Calling original ioctl, enable_lock=true, initializing_cuda=false
[2026-08-10 03:06:28][debug][419223] ioctl 9 73 281474774259016
[2026-08-10 03:06:28][debug][419223] Calling original ioctl, enable_lock=true, initializing_cuda=false
[2026-08-10 03:06:28][debug][419223] ioctl 9 33 281474774249776
[2026-08-10 03:06:28][debug][419223] Calling original ioctl, enable_lock=true, initializing_cuda=false
[2026-08-10 03:06:28][debug][419223] ioctl 8 3224389163 281474774260752
[2026-08-10 03:06:28][debug][419223] Calling original ioctl, enable_lock=true, initializing_cuda=false
[2026-08-10 03:06:28][debug][419223] ioctl 8 3223340586 281474774256512
[2026-08-10 03:06:28][debug][419223] Calling original ioctl, enable_lock=true, initializing_cuda=false
[2026-08-10 03:06:28][debug][419223] ioctl 8 3224913486 281474774261072
[2026-08-10 03:06:28][debug][419223] Calling original ioctl, enable_lock=true, initializing_cuda=false
[2026-08-10 03:06:28][debug][419223] mmap64 e92f32de7000
[2026-08-10 03:06:28][debug][419223] Calling mocked mmap64
[2026-08-10 03:06:28][debug][419223] Calling original mmap64: addr=0xe92f32de7000, length=4096, prot=3, flags=17, fd=21, offset=0
[2026-08-10 03:06:28][debug][419223] Closing fd 21
[2026-08-10 03:06:28][debug][419223] ioctl 8 3224389163 281474774262736
[2026-08-10 03:06:28][debug][419223] Calling original ioctl, enable_lock=true, initializing_cuda=false
[2026-08-10 03:06:28][debug][419223] ioctl 8 3223340586 281474774258784
[2026-08-10 03:06:28][debug][419223] Calling original ioctl, enable_lock=true, initializing_cuda=false
[2026-08-10 03:06:28][debug][419223] ioctl 8 3224389163 281474774263024
[2026-08-10 03:06:28][debug][419223] Calling original ioctl, enable_lock=true, initializing_cuda=false
[2026-08-10 03:06:28][debug][419223] ioctl 8 3223340586 281474774258704
[2026-08-10 03:06:28][debug][419223] Calling original ioctl, enable_lock=true, initializing_cuda=false
[2026-08-10 03:06:28][debug][419223] ioctl 8 3223340586 281474774258800
[2026-08-10 03:06:28][debug][419223] Calling original ioctl, enable_lock=true, initializing_cuda=false
[2026-08-10 03:06:28][debug][419223] ioctl 8 3224389163 281474774260752
[2026-08-10 03:06:28][debug][419223] Calling original ioctl, enable_lock=true, initializing_cuda=false
[2026-08-10 03:06:28][debug][419223] ioctl 8 3223340586 281474774256512
[2026-08-10 03:06:28][debug][419223] Calling original ioctl, enable_lock=true, initializing_cuda=false
[2026-08-10 03:06:28][debug][419223] ioctl 8 3224913486 281474774261072
[2026-08-10 03:06:28][debug][419223] Calling original ioctl, enable_lock=true, initializing_cuda=false
[2026-08-10 03:06:28][debug][419223] mmap64 e92f32de8000
[2026-08-10 03:06:28][debug][419223] Calling mocked mmap64
[2026-08-10 03:06:28][debug][419223] Calling original mmap64: addr=0xe92f32de8000, length=4096, prot=3, flags=17, fd=21, offset=0
[2026-08-10 03:06:28][debug][419223] Closing fd 21
[2026-08-10 03:06:28][debug][419223] ioctl 8 3224389163 281474774262736
[2026-08-10 03:06:28][debug][419223] Calling original ioctl, enable_lock=true, initializing_cuda=false
[2026-08-10 03:06:28][debug][419223] ioctl 8 3223340586 281474774258784
[2026-08-10 03:06:28][debug][419223] Calling original ioctl, enable_lock=true, initializing_cuda=false
[2026-08-10 03:06:28][debug][419223] ioctl 8 3224389163 281474774263024
[2026-08-10 03:06:28][debug][419223] Calling original ioctl, enable_lock=true, initializing_cuda=false
[2026-08-10 03:06:28][debug][419223] ioctl 8 3223340586 281474774258704
[2026-08-10 03:06:28][debug][419223] Calling original ioctl, enable_lock=true, initializing_cuda=false
[2026-08-10 03:06:28][debug][419223] ioctl 8 3223340586 281474774258800
[2026-08-10 03:06:28][debug][419223] Calling original ioctl, enable_lock=true, initializing_cuda=false
[2026-08-10 03:06:28][debug][419223] mmap 203a00000
[2026-08-10 03:06:28][debug][419223] ioctl 12 3224913447 281474774259856
[2026-08-10 03:06:28][debug][419223] Calling original ioctl, enable_lock=true, initializing_cuda=false
[2026-08-10 03:06:28][debug][419223] ioctl 9 73 281474774259016
[2026-08-10 03:06:28][debug][419223] Calling original ioctl, enable_lock=true, initializing_cuda=false
[2026-08-10 03:06:28][debug][419223] ioctl 9 33 281474774249776
[2026-08-10 03:06:28][debug][419223] Calling original ioctl, enable_lock=true, initializing_cuda=false
[2026-08-10 03:06:28][debug][419223] ioctl 8 3224389163 281474774260752
[2026-08-10 03:06:28][debug][419223] Calling original ioctl, enable_lock=true, initializing_cuda=false
[2026-08-10 03:06:28][debug][419223] ioctl 8 3223340586 281474774256512
[2026-08-10 03:06:28][debug][419223] Calling original ioctl, enable_lock=true, initializing_cuda=false
[2026-08-10 03:06:28][debug][419223] ioctl 8 3224913486 281474774261072
[2026-08-10 03:06:28][debug][419223] Calling original ioctl, enable_lock=true, initializing_cuda=false
[2026-08-10 03:06:28][debug][419223] mmap64 e92f32de9000
[2026-08-10 03:06:28][debug][419223] Calling mocked mmap64
[2026-08-10 03:06:28][debug][419223] Calling original mmap64: addr=0xe92f32de9000, length=4096, prot=3, flags=17, fd=21, offset=0
[2026-08-10 03:06:28][debug][419223] Closing fd 21
[2026-08-10 03:06:28][debug][419223] ioctl 8 3224389163 281474774262736
[2026-08-10 03:06:28][debug][419223] Calling original ioctl, enable_lock=true, initializing_cuda=false
[2026-08-10 03:06:28][debug][419223] ioctl 8 3223340586 281474774258784
[2026-08-10 03:06:28][debug][419223] Calling original ioctl, enable_lock=true, initializing_cuda=false
[2026-08-10 03:06:28][debug][419223] ioctl 8 3224389163 281474774263024
[2026-08-10 03:06:28][debug][419223] Calling original ioctl, enable_lock=true, initializing_cuda=false
[2026-08-10 03:06:28][debug][419223] ioctl 8 3223340586 281474774258704
[2026-08-10 03:06:28][debug][419223] Calling original ioctl, enable_lock=true, initializing_cuda=false
[2026-08-10 03:06:28][debug][419223] ioctl 8 3223340586 281474774258800
[2026-08-10 03:06:28][debug][419223] Calling original ioctl, enable_lock=true, initializing_cuda=false
[2026-08-10 03:06:28][debug][419223] ioctl 8 3224389163 281474774260752
[2026-08-10 03:06:28][debug][419223] Calling original ioctl, enable_lock=true, initializing_cuda=false
[2026-08-10 03:06:28][debug][419223] ioctl 8 3223340586 281474774256512
[2026-08-10 03:06:28][debug][419223] Calling original ioctl, enable_lock=true, initializing_cuda=false
[2026-08-10 03:06:28][debug][419223] ioctl 8 3224913486 281474774261072
[2026-08-10 03:06:28][debug][419223] Calling original ioctl, enable_lock=true, initializing_cuda=false
[2026-08-10 03:06:28][debug][419223] mmap64 e92f32dea000
[2026-08-10 03:06:28][debug][419223] Calling mocked mmap64
[2026-08-10 03:06:28][debug][419223] Calling original mmap64: addr=0xe92f32dea000, length=4096, prot=3, flags=17, fd=21, offset=0
[2026-08-10 03:06:28][debug][419223] Closing fd 21
[2026-08-10 03:06:28][debug][419223] ioctl 8 3224389163 281474774262736
[2026-08-10 03:06:28][debug][419223] Calling original ioctl, enable_lock=true, initializing_cuda=false
[2026-08-10 03:06:28][debug][419223] ioctl 8 3223340586 281474774258784
[2026-08-10 03:06:28][debug][419223] Calling original ioctl, enable_lock=true, initializing_cuda=false
[2026-08-10 03:06:28][debug][419223] ioctl 8 3224389163 281474774263024
[2026-08-10 03:06:28][debug][419223] Calling original ioctl, enable_lock=true, initializing_cuda=false
[2026-08-10 03:06:28][debug][419223] ioctl 8 3223340586 281474774258704
[2026-08-10 03:06:28][debug][419223] Calling original ioctl, enable_lock=true, initializing_cuda=false
[2026-08-10 03:06:28][debug][419223] ioctl 8 3223340586 281474774258800
[2026-08-10 03:06:28][debug][419223] Calling original ioctl, enable_lock=true, initializing_cuda=false
[2026-08-10 03:06:28][debug][419223] ioctl 9 27 281474774264736
[2026-08-10 03:06:28][debug][419223] Calling original ioctl, enable_lock=true, initializing_cuda=false
[2026-08-10 03:06:28][debug][419223] ioctl 9 27 281474774264736
[2026-08-10 03:06:28][debug][419223] Calling original ioctl, enable_lock=true, initializing_cuda=false
[2026-08-10 03:06:28][debug][419223] ioctl 9 27 281474774264736
[2026-08-10 03:06:28][debug][419223] Calling original ioctl, enable_lock=true, initializing_cuda=false
[2026-08-10 03:06:28][debug][419223] ioctl 9 27 281474774264736
[2026-08-10 03:06:28][debug][419223] Calling original ioctl, enable_lock=true, initializing_cuda=false
[2026-08-10 03:06:28][debug][419223] ioctl 8 3223340586 281474774260416
[2026-08-10 03:06:28][debug][419223] Calling original ioctl, enable_lock=true, initializing_cuda=false
[2026-08-10 03:06:28][debug][419223] ioctl 21 3221505737 281474774264512
[2026-08-10 03:06:28][debug][419223] Calling original ioctl, enable_lock=true, initializing_cuda=false
[2026-08-10 03:06:28][debug][419223] ioctl 21 3222292174 281474774264512
[2026-08-10 03:06:28][debug][419223] Calling original ioctl, enable_lock=true, initializing_cuda=false
[2026-08-10 03:06:28][debug][419223] ioctl 21 3224389163 281474774264464
[2026-08-10 03:06:28][debug][419223] Calling original ioctl, enable_lock=true, initializing_cuda=false
[2026-08-10 03:06:28][debug][419223] ioctl 8 3224389163 281474774262160
[2026-08-10 03:06:28][debug][419223] Calling original ioctl, enable_lock=true, initializing_cuda=false
[2026-08-10 03:06:28][debug][419223] ioctl 9 73 281474774261336
[2026-08-10 03:06:28][debug][419223] Calling original ioctl, enable_lock=true, initializing_cuda=false
[2026-08-10 03:06:28][debug][419223] ioctl 9 33 281474774252096
[2026-08-10 03:06:28][debug][419223] Calling original ioctl, enable_lock=true, initializing_cuda=false
[2026-08-10 03:06:28][debug][419223] ioctl 9 68 281474774252608
[2026-08-10 03:06:28][debug][419223] Calling original ioctl, enable_lock=true, initializing_cuda=false
[2026-08-10 03:06:28][debug][419223] mmap 203c00000
[2026-08-10 03:06:28][debug][419223] ioctl 9 72 281474774252408
[2026-08-10 03:06:28][debug][419223] Calling original ioctl, enable_lock=true, initializing_cuda=false
[2026-08-10 03:06:28][debug][419223] ioctl 9 23 281474774265136
[2026-08-10 03:06:28][debug][419223] Calling original ioctl, enable_lock=true, initializing_cuda=false
[2026-08-10 03:06:28][debug][419223] ioctl 9 23 281474774265136
[2026-08-10 03:06:28][debug][419223] Calling original ioctl, enable_lock=true, initializing_cuda=false
[2026-08-10 03:06:28][debug][419223] ioctl 9 23 281474774265136
[2026-08-10 03:06:28][debug][419223] Calling original ioctl, enable_lock=true, initializing_cuda=false
[2026-08-10 03:06:28][debug][419223] ioctl 9 23 281474774265136
[2026-08-10 03:06:28][debug][419223] Calling original ioctl, enable_lock=true, initializing_cuda=false
[2026-08-10 03:06:28][debug][419223] ioctl 8 3224389163 281474774262160
[2026-08-10 03:06:28][debug][419223] Calling original ioctl, enable_lock=true, initializing_cuda=false
[2026-08-10 03:06:28][debug][419223] ioctl 9 73 281474774261336
[2026-08-10 03:06:28][debug][419223] Calling original ioctl, enable_lock=true, initializing_cuda=false
[2026-08-10 03:06:28][debug][419223] ioctl 9 33 281474774252096
[2026-08-10 03:06:28][debug][419223] Calling original ioctl, enable_lock=true, initializing_cuda=false
[2026-08-10 03:06:28][debug][419223] ioctl 9 23 281474774265136
[2026-08-10 03:06:28][debug][419223] Calling original ioctl, enable_lock=true, initializing_cuda=false
[2026-08-10 03:06:28][debug][419223] ioctl 9 23 281474774265136
[2026-08-10 03:06:28][debug][419223] Calling original ioctl, enable_lock=true, initializing_cuda=false
[2026-08-10 03:06:28][debug][419223] ioctl 9 23 281474774265136
[2026-08-10 03:06:28][debug][419223] Calling original ioctl, enable_lock=true, initializing_cuda=false
[2026-08-10 03:06:28][debug][419223] mmap 324600000
[2026-08-10 03:06:28][debug][419223] ioctl 12 3224913447 281474774261728
[2026-08-10 03:06:28][debug][419223] Calling original ioctl, enable_lock=true, initializing_cuda=false
[2026-08-10 03:06:28][debug][419223] ioctl 9 73 281474774260888
[2026-08-10 03:06:28][debug][419223] Calling original ioctl, enable_lock=true, initializing_cuda=false
[2026-08-10 03:06:28][debug][419223] ioctl 9 33 281474774251648
[2026-08-10 03:06:28][debug][419223] Calling original ioctl, enable_lock=true, initializing_cuda=false
[2026-08-10 03:06:28][debug][419223] mmap 324800000
[2026-08-10 03:06:28][debug][419223] ioctl 12 3224913447 281474774261728
[2026-08-10 03:06:28][debug][419223] Calling original ioctl, enable_lock=true, initializing_cuda=false
[2026-08-10 03:06:28][debug][419223] ioctl 9 73 281474774260888
[2026-08-10 03:06:28][debug][419223] Calling original ioctl, enable_lock=true, initializing_cuda=false
[2026-08-10 03:06:28][debug][419223] ioctl 9 33 281474774251648
[2026-08-10 03:06:28][debug][419223] Calling original ioctl, enable_lock=true, initializing_cuda=false
[2026-08-10 03:06:28][debug][419223] mmap 324a00000
[2026-08-10 03:06:28][debug][419223] ioctl 12 3224913447 281474774261728
[2026-08-10 03:06:28][debug][419223] Calling original ioctl, enable_lock=true, initializing_cuda=false
[2026-08-10 03:06:28][debug][419223] ioctl 9 73 281474774260888
[2026-08-10 03:06:28][debug][419223] Calling original ioctl, enable_lock=true, initializing_cuda=false
[2026-08-10 03:06:28][debug][419223] ioctl 9 33 281474774251648
[2026-08-10 03:06:28][debug][419223] Calling original ioctl, enable_lock=true, initializing_cuda=false
[2026-08-10 03:06:28][debug][419223] mmap 324c00000
[2026-08-10 03:06:28][debug][419223] ioctl 12 3224913447 281474774261728
[2026-08-10 03:06:28][debug][419223] Calling original ioctl, enable_lock=true, initializing_cuda=false
[2026-08-10 03:06:28][debug][419223] ioctl 9 73 281474774260888
[2026-08-10 03:06:28][debug][419223] Calling original ioctl, enable_lock=true, initializing_cuda=false
[2026-08-10 03:06:28][debug][419223] ioctl 9 33 281474774251648
[2026-08-10 03:06:28][debug][419223] Calling original ioctl, enable_lock=true, initializing_cuda=false
[2026-08-10 03:06:28][debug][419223] ioctl 8 3224389163 281474774262480
[2026-08-10 03:06:28][debug][419223] Calling original ioctl, enable_lock=true, initializing_cuda=false
[2026-08-10 03:06:28][debug][419223] ioctl 9 73 281474774261656
[2026-08-10 03:06:28][debug][419223] Calling original ioctl, enable_lock=true, initializing_cuda=false
[2026-08-10 03:06:28][debug][419223] ioctl 9 33 281474774252416
[2026-08-10 03:06:28][debug][419223] Calling original ioctl, enable_lock=true, initializing_cuda=false
[2026-08-10 03:06:28][debug][419223] ioctl 8 3224389163 281474774262480
[2026-08-10 03:06:28][debug][419223] Calling original ioctl, enable_lock=true, initializing_cuda=false
[2026-08-10 03:06:28][debug][419223] ioctl 9 73 281474774261656
[2026-08-10 03:06:28][debug][419223] Calling original ioctl, enable_lock=true, initializing_cuda=false
[2026-08-10 03:06:28][debug][419223] ioctl 9 33 281474774252416
[2026-08-10 03:06:28][debug][419223] Calling original ioctl, enable_lock=true, initializing_cuda=false
[2026-08-10 03:06:28][debug][419223] mmap 324e00000
[2026-08-10 03:06:28][debug][419223] ioctl 12 3224913447 281474774261824
[2026-08-10 03:06:28][debug][419223] Calling original ioctl, enable_lock=true, initializing_cuda=false
[2026-08-10 03:06:28][debug][419223] ioctl 9 73 281474774260984
[2026-08-10 03:06:28][debug][419223] Calling original ioctl, enable_lock=true, initializing_cuda=false
[2026-08-10 03:06:28][debug][419223] ioctl 9 33 281474774251744
[2026-08-10 03:06:28][debug][419223] Calling original ioctl, enable_lock=true, initializing_cuda=false
[2026-08-10 03:06:28][debug][419223] ioctl 8 3224389163 281474774261808
[2026-08-10 03:06:28][debug][419223] Calling original ioctl, enable_lock=true, initializing_cuda=false
[2026-08-10 03:06:28][debug][419223] ioctl 9 73 281474774260984
[2026-08-10 03:06:28][debug][419223] Calling original ioctl, enable_lock=true, initializing_cuda=false
[2026-08-10 03:06:28][debug][419223] ioctl 9 33 281474774251744
[2026-08-10 03:06:28][debug][419223] Calling original ioctl, enable_lock=true, initializing_cuda=false
[2026-08-10 03:06:28][debug][419223] ioctl 9 65 281474774262152
[2026-08-10 03:06:28][debug][419223] Calling original ioctl, enable_lock=true, initializing_cuda=false
[2026-08-10 03:06:28][debug][419223] mmap 0
[2026-08-10 03:06:28][debug][419223] ioctl 12 3224913447 281474774263008
[2026-08-10 03:06:28][debug][419223] Calling original ioctl, enable_lock=true, initializing_cuda=false
[2026-08-10 03:06:28][debug][419223] ioctl 9 73 281474774262168
[2026-08-10 03:06:28][debug][419223] Calling original ioctl, enable_lock=true, initializing_cuda=false
[2026-08-10 03:06:28][debug][419223] ioctl 9 33 281474774252928
[2026-08-10 03:06:28][debug][419223] Calling original ioctl, enable_lock=true, initializing_cuda=false
[2026-08-10 03:06:28][debug][419223] ioctl 8 3224389163 281474774262992
[2026-08-10 03:06:28][debug][419223] Calling original ioctl, enable_lock=true, initializing_cuda=false
[2026-08-10 03:06:28][debug][419223] ioctl 9 73 281474774262168
[2026-08-10 03:06:28][debug][419223] Calling original ioctl, enable_lock=true, initializing_cuda=false
[2026-08-10 03:06:28][debug][419223] ioctl 9 33 281474774252928
[2026-08-10 03:06:28][debug][419223] Calling original ioctl, enable_lock=true, initializing_cuda=false
[2026-08-10 03:06:28][debug][419223] ioctl 8 3224389163 281474774262384
[2026-08-10 03:06:28][debug][419223] Calling original ioctl, enable_lock=true, initializing_cuda=false
[2026-08-10 03:06:28][debug][419223] ioctl 8 3223340586 281474774258144
[2026-08-10 03:06:28][debug][419223] Calling original ioctl, enable_lock=true, initializing_cuda=false
[2026-08-10 03:06:28][debug][419223] ioctl 8 3224913486 281474774262704
[2026-08-10 03:06:28][debug][419223] Calling original ioctl, enable_lock=true, initializing_cuda=false
[2026-08-10 03:06:28][debug][419223] mmap64 325400000
[2026-08-10 03:06:28][debug][419223] Calling mocked mmap64
[2026-08-10 03:06:28][debug][419223] Calling original mmap64: addr=0x325400000, length=2097152, prot=3, flags=17, fd=24, offset=0
[2026-08-10 03:06:28][debug][419223] Closing fd 24
[2026-08-10 03:06:28][debug][419223] ioctl 9 73 281474774261560
[2026-08-10 03:06:28][debug][419223] Calling original ioctl, enable_lock=true, initializing_cuda=false
[2026-08-10 03:06:28][debug][419223] ioctl 9 33 281474774252320
[2026-08-10 03:06:28][debug][419223] Calling original ioctl, enable_lock=true, initializing_cuda=false
[2026-08-10 03:06:28][debug][419223] ioctl 8 3224389163 281474774259888
[2026-08-10 03:06:28][debug][419223] Calling original ioctl, enable_lock=true, initializing_cuda=false
[2026-08-10 03:06:28][debug][419223] ioctl 8 3223340586 281474774255648
[2026-08-10 03:06:28][debug][419223] Calling original ioctl, enable_lock=true, initializing_cuda=false
[2026-08-10 03:06:28][debug][419223] ioctl 8 3224913486 281474774260208
[2026-08-10 03:06:28][debug][419223] Calling original ioctl, enable_lock=true, initializing_cuda=false
[2026-08-10 03:06:28][debug][419223] mmap64 325600000
[2026-08-10 03:06:28][debug][419223] Calling mocked mmap64
[2026-08-10 03:06:28][debug][419223] Calling original mmap64: addr=0x325600000, length=2097152, prot=3, flags=17, fd=24, offset=0
[2026-08-10 03:06:28][debug][419223] Closing fd 24
[2026-08-10 03:06:28][debug][419223] ioctl 9 73 281474774259064
[2026-08-10 03:06:28][debug][419223] Calling original ioctl, enable_lock=true, initializing_cuda=false
[2026-08-10 03:06:28][debug][419223] ioctl 9 33 281474774249824
[2026-08-10 03:06:28][debug][419223] Calling original ioctl, enable_lock=true, initializing_cuda=false
[2026-08-10 03:06:28][debug][419223] ioctl 8 3224389163 281474774259824
[2026-08-10 03:06:28][debug][419223] Calling original ioctl, enable_lock=true, initializing_cuda=false
[2026-08-10 03:06:28][debug][419223] ioctl 8 3223340586 281474774255584
[2026-08-10 03:06:28][debug][419223] Calling original ioctl, enable_lock=true, initializing_cuda=false
[2026-08-10 03:06:28][debug][419223] ioctl 8 3224913486 281474774260144
[2026-08-10 03:06:28][debug][419223] Calling original ioctl, enable_lock=true, initializing_cuda=false
[2026-08-10 03:06:28][debug][419223] mmap64 325800000
[2026-08-10 03:06:28][debug][419223] Calling mocked mmap64
[2026-08-10 03:06:28][debug][419223] Calling original mmap64: addr=0x325800000, length=2097152, prot=3, flags=17, fd=24, offset=0
[2026-08-10 03:06:28][debug][419223] Closing fd 24
[2026-08-10 03:06:28][debug][419223] ioctl 9 73 281474774259000
[2026-08-10 03:06:28][debug][419223] Calling original ioctl, enable_lock=true, initializing_cuda=false
[2026-08-10 03:06:28][debug][419223] ioctl 9 33 281474774249760
[2026-08-10 03:06:28][debug][419223] Calling original ioctl, enable_lock=true, initializing_cuda=false
[2026-08-10 03:06:28][debug][419223] ioctl 8 3224389163 281474774259824
[2026-08-10 03:06:28][debug][419223] Calling original ioctl, enable_lock=true, initializing_cuda=false
[2026-08-10 03:06:28][debug][419223] ioctl 8 3223340586 281474774255584
[2026-08-10 03:06:28][debug][419223] Calling original ioctl, enable_lock=true, initializing_cuda=false
[2026-08-10 03:06:28][debug][419223] ioctl 8 3224913486 281474774260144
[2026-08-10 03:06:28][debug][419223] Calling original ioctl, enable_lock=true, initializing_cuda=false
[2026-08-10 03:06:28][debug][419223] mmap64 325a00000
[2026-08-10 03:06:28][debug][419223] Calling mocked mmap64
[2026-08-10 03:06:28][debug][419223] Calling original mmap64: addr=0x325a00000, length=2097152, prot=3, flags=17, fd=24, offset=0
[2026-08-10 03:06:28][debug][419223] Closing fd 24
[2026-08-10 03:06:28][debug][419223] ioctl 9 73 281474774259000
[2026-08-10 03:06:28][debug][419223] Calling original ioctl, enable_lock=true, initializing_cuda=false
[2026-08-10 03:06:28][debug][419223] ioctl 9 33 281474774249760
[2026-08-10 03:06:28][debug][419223] Calling original ioctl, enable_lock=true, initializing_cuda=false
[2026-08-10 03:06:28][debug][419223] mmap 325c00000
[2026-08-10 03:06:28][debug][419223] ioctl 12 3224913447 281474774262384
[2026-08-10 03:06:28][debug][419223] Calling original ioctl, enable_lock=true, initializing_cuda=false
[2026-08-10 03:06:28][debug][419223] ioctl 9 73 281474774261544
[2026-08-10 03:06:28][debug][419223] Calling original ioctl, enable_lock=true, initializing_cuda=false
[2026-08-10 03:06:28][debug][419223] ioctl 9 33 281474774252304
[2026-08-10 03:06:28][debug][419223] Calling original ioctl, enable_lock=true, initializing_cuda=false
[2026-08-10 03:06:28][debug][419223] ioctl 8 3224389163 281474774265248
[2026-08-10 03:06:28][debug][419223] Calling original ioctl, enable_lock=true, initializing_cuda=false
[2026-08-10 03:06:28][debug][419223] ioctl 8 3224389163 281474774261952
[2026-08-10 03:06:28][debug][419223] Calling original ioctl, enable_lock=true, initializing_cuda=false
[2026-08-10 03:06:28][debug][419223] ioctl 8 3223340586 281474774257712
[2026-08-10 03:06:28][debug][419223] Calling original ioctl, enable_lock=true, initializing_cuda=false
[2026-08-10 03:06:28][debug][419223] ioctl 8 3224913486 281474774262272
[2026-08-10 03:06:28][debug][419223] Calling original ioctl, enable_lock=true, initializing_cuda=false
[2026-08-10 03:06:28][debug][419223] mmap64 325e00000
[2026-08-10 03:06:28][debug][419223] Calling mocked mmap64
[2026-08-10 03:06:28][debug][419223] Calling original mmap64: addr=0x325e00000, length=6209536, prot=3, flags=17, fd=24, offset=0
[2026-08-10 03:06:28][debug][419223] Closing fd 24
[2026-08-10 03:06:28][debug][419223] ioctl 9 73 281474774261128
[2026-08-10 03:06:28][debug][419223] Calling original ioctl, enable_lock=true, initializing_cuda=false
[2026-08-10 03:06:28][debug][419223] ioctl 9 33 281474774251888
[2026-08-10 03:06:28][debug][419223] Calling original ioctl, enable_lock=true, initializing_cuda=false
[2026-08-10 03:06:28][debug][419223] ioctl 8 3224389163 281474774261888
[2026-08-10 03:06:28][debug][419223] Calling original ioctl, enable_lock=true, initializing_cuda=false
[2026-08-10 03:06:28][debug][419223] ioctl 9 73 281474774261064
[2026-08-10 03:06:28][debug][419223] Calling original ioctl, enable_lock=true, initializing_cuda=false
[2026-08-10 03:06:28][debug][419223] ioctl 9 33 281474774251824
[2026-08-10 03:06:28][debug][419223] Calling original ioctl, enable_lock=true, initializing_cuda=false
[2026-08-10 03:06:28][debug][419223] ioctl 8 3224389163 281474774262288
[2026-08-10 03:06:28][debug][419223] Calling original ioctl, enable_lock=true, initializing_cuda=false
[2026-08-10 03:06:28][debug][419223] ioctl 9 73 281474774261464
[2026-08-10 03:06:28][debug][419223] Calling original ioctl, enable_lock=true, initializing_cuda=false
[2026-08-10 03:06:28][debug][419223] ioctl 9 33 281474774252224
[2026-08-10 03:06:28][debug][419223] Calling original ioctl, enable_lock=true, initializing_cuda=false
[2026-08-10 03:06:28][debug][419223] ioctl 8 3224389163 281474774262288
[2026-08-10 03:06:28][debug][419223] Calling original ioctl, enable_lock=true, initializing_cuda=false
[2026-08-10 03:06:28][debug][419223] ioctl 9 73 281474774261464
[2026-08-10 03:06:28][debug][419223] Calling original ioctl, enable_lock=true, initializing_cuda=false
[2026-08-10 03:06:28][debug][419223] ioctl 9 33 281474774252224
[2026-08-10 03:06:28][debug][419223] Calling original ioctl, enable_lock=true, initializing_cuda=false
[2026-08-10 03:06:28][debug][419223] ioctl 24 3221505737 281474774264928
[2026-08-10 03:06:28][debug][419223] Calling original ioctl, enable_lock=true, initializing_cuda=false
[2026-08-10 03:06:28][debug][419223] ioctl 24 3222292174 281474774264928
[2026-08-10 03:06:28][debug][419223] Calling original ioctl, enable_lock=true, initializing_cuda=false
[2026-08-10 03:06:28][debug][419223] ioctl 24 3224389163 281474774264880
[2026-08-10 03:06:28][debug][419223] Calling original ioctl, enable_lock=true, initializing_cuda=false
[2026-08-10 03:06:28][debug][419223] ioctl 26 3221505737 281474774264928
[2026-08-10 03:06:28][debug][419223] Calling original ioctl, enable_lock=true, initializing_cuda=false
[2026-08-10 03:06:28][debug][419223] ioctl 26 3222292174 281474774264928
[2026-08-10 03:06:28][debug][419223] Calling original ioctl, enable_lock=true, initializing_cuda=false
[2026-08-10 03:06:28][debug][419223] ioctl 26 3224389163 281474774264880
[2026-08-10 03:06:28][debug][419223] Calling original ioctl, enable_lock=true, initializing_cuda=false
[2026-08-10 03:06:28][debug][419223] ioctl 28 3221505737 281474774264928
[2026-08-10 03:06:28][debug][419223] Calling original ioctl, enable_lock=true, initializing_cuda=false
[2026-08-10 03:06:28][debug][419223] ioctl 28 3222292174 281474774264928
[2026-08-10 03:06:28][debug][419223] Calling original ioctl, enable_lock=true, initializing_cuda=false
[2026-08-10 03:06:28][debug][419223] ioctl 28 3224389163 281474774264880
[2026-08-10 03:06:28][debug][419223] Calling original ioctl, enable_lock=true, initializing_cuda=false
[2026-08-10 03:06:28][debug][419223] ioctl 30 3221505737 281474774264928
[2026-08-10 03:06:28][debug][419223] Calling original ioctl, enable_lock=true, initializing_cuda=false
[2026-08-10 03:06:28][debug][419223] ioctl 30 3222292174 281474774264928
[2026-08-10 03:06:28][debug][419223] Calling original ioctl, enable_lock=true, initializing_cuda=false
[2026-08-10 03:06:28][debug][419223] ioctl 30 3224389163 281474774264880
[2026-08-10 03:06:28][debug][419223] Calling original ioctl, enable_lock=true, initializing_cuda=false
[2026-08-10 03:06:28][debug][419223] ioctl 8 3223340586 281474774260672
[2026-08-10 03:06:28][debug][419223] Calling original ioctl, enable_lock=true, initializing_cuda=false
[2026-08-10 03:06:28][debug][419223] ioctl 8 3223340586 281474774260816
[2026-08-10 03:06:28][debug][419223] Calling original ioctl, enable_lock=true, initializing_cuda=false
[2026-08-10 03:06:28][debug][419223] ioctl 8 3223340586 281474774260992
[2026-08-10 03:06:28][debug][419223] Calling original ioctl, enable_lock=true, initializing_cuda=false
[2026-08-10 03:06:28][debug][419223] ioctl 8 3224389163 281474774262272
[2026-08-10 03:06:28][debug][419223] Calling original ioctl, enable_lock=true, initializing_cuda=false
[2026-08-10 03:06:28][debug][419223] ioctl 9 73 281474774261448
[2026-08-10 03:06:28][debug][419223] Calling original ioctl, enable_lock=true, initializing_cuda=false
[2026-08-10 03:06:28][debug][419223] ioctl 9 33 281474774252208
[2026-08-10 03:06:28][debug][419223] Calling original ioctl, enable_lock=true, initializing_cuda=false
[2026-08-10 03:06:28][debug][419223] ioctl 8 3223340586 281474774260992
[2026-08-10 03:06:28][debug][419223] Calling original ioctl, enable_lock=true, initializing_cuda=false
[2026-08-10 03:06:28][debug][419223] fopen /proc/self/task/419228/comm wb
[2026-08-10 03:06:28][info][419223] CUDA context for thread 419223 has been set to b6e9672d22d0
[2026-08-10 03:06:28][info][419223] Map events (nv_gpu_ringbuf_map_impl) has space for thread count 8192
[2026-08-10 03:06:28][info][419223] syscall server: Set enable_mock_after_initialized to true
[2026-08-10 03:06:28][debug][419223] Created map 17, type=1527, name=events, key_size=4, value_size=56
[2026-08-10 03:06:28][debug][419223] SYS_DUP3 oldfd=17 newfd=16 flags=524288
[2026-08-10 03:06:28][debug][419223] Calling mocked dup3 17, 16
[2026-08-10 03:06:28][debug][419223] Dup to fd 16, destroying old handler
[2026-08-10 03:06:28][debug][419223] Create map with type 1527
[2026-08-10 03:06:28][debug][419223] Handler at fd 16 set to type 1
[2026-08-10 03:06:28][debug][419223] Closing fd 17
[2026-08-10 03:06:28][debug][419223] Calling mocked close
libbpf: map 'events': created successfully, fd=16
[2026-08-10 03:06:28][debug][419223] SYS_BPF 5 281474774270608 152 0 0 281474774271024
[2026-08-10 03:06:28][debug][419223] Loading program `cuda__kernel_tr` license `GPL` prog_type `2` attach_type 1731149424 map_type 2
[2026-08-10 03:06:28][debug][419223] open /dev/null 0 201113574784624
[2026-08-10 03:06:28][debug][419223] Calling mocked open
[2026-08-10 03:06:28][debug][419223] Unmocked file path: /dev/null
[2026-08-10 03:06:28][debug][419223] Set handler fd 17 to bpf_prog_handler, name cuda__kernel_tr, prog_type 2, insn_cnt 46
[2026-08-10 03:06:28][debug][419223] Handler at fd 17 set to type 3
[2026-08-10 03:06:28][debug][419223] Loaded program `cuda__kernel_tr` id=17
[2026-08-10 03:06:28][debug][419223] fopen64 /sys/bus/event_source/devices/kprobe/type re
[2026-08-10 03:06:28][debug][419223] Calling mocked fopen
[2026-08-10 03:06:28][debug][419223] /sys/bus/event_source/devices/kprobe/type is kprobe type file
[2026-08-10 03:06:28][debug][419223] fopen /tmp/bpftime-mock.Iy1Zqm r
[2026-08-10 03:06:28][debug][419223] Calling mocked fopen
[2026-08-10 03:06:28][debug][419223] Unmocked file path: /tmp/bpftime-mock.Iy1Zqm
[2026-08-10 03:06:28][debug][419223] Created fake fd 34, replacement fp b6e9672b6100, written 1 bytes
[2026-08-10 03:06:28][debug][419223] fopen64 /sys/bus/event_source/devices/kprobe/type re
[2026-08-10 03:06:28][debug][419223] Calling mocked fopen
[2026-08-10 03:06:28][debug][419223] /sys/bus/event_source/devices/kprobe/type is kprobe type file
[2026-08-10 03:06:28][debug][419223] fopen /tmp/bpftime-mock.FwWLYt r
[2026-08-10 03:06:28][debug][419223] Calling mocked fopen
[2026-08-10 03:06:28][debug][419223] Unmocked file path: /tmp/bpftime-mock.FwWLYt
[2026-08-10 03:06:28][debug][419223] Created fake fd 35, replacement fp b6e9672b6100, written 1 bytes
[2026-08-10 03:06:28][debug][419223] SYS_PERF_EVENT_OPEN 281474774272480 4294967295 0 4294967295 8 136
[2026-08-10 03:06:28][debug][419223] fopen /sys/bus/event_source/devices/uprobe/type re
[2026-08-10 03:06:28][debug][419223] Calling mocked fopen
[2026-08-10 03:06:28][debug][419223] /sys/bus/event_source/devices/uprobe/type is uprobe type file
[2026-08-10 03:06:28][debug][419223] fopen /tmp/bpftime-mock.ostSqh r
[2026-08-10 03:06:28][debug][419223] Calling mocked fopen
[2026-08-10 03:06:28][debug][419223] Unmocked file path: /tmp/bpftime-mock.ostSqh
[2026-08-10 03:06:28][debug][419223] Created fake fd 36, replacement fp b6e9672b6100, written 1 bytes
[2026-08-10 03:06:28][debug][419223] fopen /sys/bus/event_source/devices/kprobe/type re
[2026-08-10 03:06:28][debug][419223] Calling mocked fopen
[2026-08-10 03:06:28][debug][419223] /sys/bus/event_source/devices/kprobe/type is kprobe type file
[2026-08-10 03:06:28][debug][419223] fopen /tmp/bpftime-mock.U4uHuZ r
[2026-08-10 03:06:28][debug][419223] Calling mocked fopen
[2026-08-10 03:06:28][debug][419223] Unmocked file path: /tmp/bpftime-mock.U4uHuZ
[2026-08-10 03:06:28][debug][419223] Created fake fd 37, replacement fp b6e9672b6100, written 1 bytes
[2026-08-10 03:06:28][debug][419223] fopen /sys/bus/event_source/devices/kprobe/format/retprobe re
[2026-08-10 03:06:28][debug][419223] Calling mocked fopen
[2026-08-10 03:06:28][debug][419223] /sys/bus/event_source/devices/kprobe/format/retprobe is kretprobe bit file
[2026-08-10 03:06:28][debug][419223] fopen /tmp/bpftime-mock.CDfMew r
[2026-08-10 03:06:28][debug][419223] Calling mocked fopen
[2026-08-10 03:06:28][debug][419223] Unmocked file path: /tmp/bpftime-mock.CDfMew
[2026-08-10 03:06:28][debug][419223] Created fake fd 38, replacement fp b6e9672b6100, written 8 bytes
[2026-08-10 03:06:28][debug][419223] Creating kprobe func_name=_Z9vectorAddPKfS0_Pfi addr=0 retprobe=false ref_ctr_off=0 attr->config=0
[2026-08-10 03:06:28][debug][419223] open /dev/null 0 201113583723632
[2026-08-10 03:06:28][debug][419223] Calling mocked open
[2026-08-10 03:06:28][debug][419223] Unmocked file path: /dev/null
[2026-08-10 03:06:28][debug][419223] Set fd 39 to kprobe, func_name=_Z9vectorAddPKfS0_Pfi,addr=0,retprobe=false,ref_ctr_off=0
[2026-08-10 03:06:28][info][419223] Created kprobe/kretprobe perf event handler, func_name _Z9vectorAddPKfS0_Pfi, addr 0
[2026-08-10 03:06:28][debug][419223] Handler at fd 39 set to type 4
[2026-08-10 03:06:28][debug][419223] Created kprobe 39
[2026-08-10 03:06:28][debug][419223] SYS_BPF 5 281474774271840 152 0 0 281474774272224
[2026-08-10 03:06:28][debug][419223] Loading program `` license `GPL` prog_type `5` attach_type 4092528984 map_type 5
[2026-08-10 03:06:28][debug][419223] open /dev/null 0 281474774272344
[2026-08-10 03:06:28][debug][419223] Calling mocked open
[2026-08-10 03:06:28][debug][419223] Unmocked file path: /dev/null
[2026-08-10 03:06:28][debug][419223] Set handler fd 40 to bpf_prog_handler, name , prog_type 5, insn_cnt 2
[2026-08-10 03:06:28][debug][419223] Handler at fd 40 set to type 3
[2026-08-10 03:06:28][debug][419223] Loaded program `` id=40
[2026-08-10 03:06:28][debug][419223] SYS_BPF 28 281474774271856 64 256398239263568 0 0
[2026-08-10 03:06:28][debug][419223] Creating link 40 -> -1, attach type 41
[2026-08-10 03:06:28][debug][419223] add_bpf_link: rejecting expected libbpf perf-link probe with target_fd -1
[2026-08-10 03:06:28][debug][419223] Created link -1
[2026-08-10 03:06:28][debug][419223] Closing fd 40
[2026-08-10 03:06:28][debug][419223] Calling mocked close
[2026-08-10 03:06:28][debug][419223] Destroying prog ehandler 40
[2026-08-10 03:06:28][debug][419223] SYS_BPF 28 281474774272224 64 0 0 0
[2026-08-10 03:06:28][debug][419223] Creating link 17 -> 39, attach type 41
[2026-08-10 03:06:28][debug][419223] open /dev/null 0 256397711769952
[2026-08-10 03:06:28][debug][419223] Calling mocked open
[2026-08-10 03:06:28][debug][419223] Unmocked file path: /dev/null
[2026-08-10 03:06:28][debug][419223] Handler at fd 40 set to type 2
[2026-08-10 03:06:28][debug][419223] Created link 40
[2026-08-10 03:06:28][debug][419223] ioctl 39 9216 0
[2026-08-10 03:06:28][debug][419223] Calling mocked ioctl..
[2026-08-10 03:06:28][debug][419223] Enabling perf event 39
[2026-08-10 03:06:42][debug][419223] ioctl 39 9217 0
[2026-08-10 03:06:42][debug][419223] Calling mocked ioctl..
[2026-08-10 03:06:42][debug][419223] Disabling perf event 39
[2026-08-10 03:06:42][debug][419223] Closing fd 39
[2026-08-10 03:06:42][debug][419223] Calling mocked close
[2026-08-10 03:06:42][debug][419223] Destroying perf event handler 39
[2026-08-10 03:06:42][debug][419223] Remove link handler with id 40, prog id 17, due to the removal of perf event 39
[2026-08-10 03:06:42][debug][419223] Closing fd 40
[2026-08-10 03:06:42][debug][419223] Calling mocked close
[2026-08-10 03:06:42][debug][419223] Closing fd 16
[2026-08-10 03:06:42][debug][419223] Calling mocked close
[2026-08-10 03:06:42][debug][419223] Closing fd 17
[2026-08-10 03:06:42][debug][419223] Calling mocked close
[2026-08-10 03:06:42][debug][419223] Destroying prog ehandler 17
[2026-08-10 03:06:42][debug][419223] munmap e9313e880000 268435456
