make: Entering directory '/home/harsh4786/gpu_ext-v0.0.21/extension'
Skipping sched_ext apps; set SCX_INCLUDE_DIR to a kernel tools/sched_ext include tree and ensure ../vmlinux/arm64/scx/vmlinux.h exists: sched_gpu_baseline sched_gpu_minimal sched_gpu_serving sched_gpu_xcoord sched_gpu_xcoord_noad sched_gpu_coord 
make ARCH= CROSS_COMPILE= OUTPUT=/home/harsh4786/gpu_ext-v0.0.21/extension/.output/bpftool/ -C /home/harsh4786/gpu_ext-v0.0.21/bpftool/src bootstrap
make[1]: Entering directory '/home/harsh4786/gpu_ext-v0.0.21/bpftool/src'
Makefile.feature:32: Probing: feature-clang-bpf-co-re
Makefile.feature:33: printf '%s\n' 'struct s { int i; } __attribute__((preserve_access_index)); struct s foo = {};' | clang -g -target bpf -S -o - -x c -  | grep -q BTF_KIND_VAR && (echo 1 && >&2 echo result: 1) || (echo 0 && >&2 echo result: 0)
result: 1
Makefile.feature:52: Probing: feature-libbfd
Makefile.feature:53: printf '%b\n' '#include <bfd.h>\n' 'int main(void) {' '	bfd_demangle(0, 0, 0);' '	return 0;' '}' | cc -Wno-unused-command-line-argument -Wall -Werror -x c -DPACKAGE='"bpftool"' - -lbfd -ldl -o /dev/null >/dev/null && (echo 1 && >&2 echo result: 1) || (echo 0 && >&2 echo result: 0)
<stdin>:1:10: fatal error: bfd.h: No such file or directory
compilation terminated.
result: 0
Makefile.feature:56: Probing: feature-libbfd-liberty
Makefile.feature:57: printf '%b\n' '#include <bfd.h>\n' 'int main(void) {' '	bfd_demangle(0, 0, 0);' '	return 0;' '}' | cc -Wno-unused-command-line-argument -Wall -Werror -x c -DPACKAGE='"bpftool"' - -lbfd -ldl -liberty -o /dev/null >/dev/null && (echo 1 && >&2 echo result: 1) || (echo 0 && >&2 echo result: 0)
<stdin>:1:10: fatal error: bfd.h: No such file or directory
compilation terminated.
result: 0
Makefile.feature:60: Probing: feature-libbfd-liberty-z
Makefile.feature:61: printf '%b\n' '#include <bfd.h>\n' 'int main(void) {' '	bfd_demangle(0, 0, 0);' '	return 0;' '}' | cc -Wno-unused-command-line-argument -Wall -Werror -x c -DPACKAGE='"bpftool"' - -lbfd -ldl -liberty -lz -o /dev/null >/dev/null && (echo 1 && >&2 echo result: 1) || (echo 0 && >&2 echo result: 0)
<stdin>:1:10: fatal error: bfd.h: No such file or directory
compilation terminated.
result: 0
Makefile.feature:84: Probing: feature-disassembler-four-args
Makefile.feature:85: printf '%b\n' '#include <dis-asm.h>\n' 'int main(void) {' '	disassembler((enum bfd_architecture)0, 0, 0, NULL);' '	return 0;' '}' | cc -Wno-unused-command-line-argument -Wall -Werror -x c -DPACKAGE='"bpftool"' - -lbfd -lopcodes -S -o - >/dev/null && (echo 1 && >&2 echo result: 1) || (echo 0 && >&2 echo result: 0)
<stdin>:1:10: fatal error: dis-asm.h: No such file or directory
compilation terminated.
result: 0
Makefile.feature:98: Probing: feature-disassembler-styled
Makefile.feature:99: printf '%b\n' '#include <dis-asm.h>\n' 'int main(void) {' '	init_disassemble_info(NULL, 0, NULL, NULL);' '	return 0;' '}' | cc -Wno-unused-command-line-argument -Wall -Werror -x c -DPACKAGE='"bpftool"' - -lbfd -lopcodes -S -o - >/dev/null && (echo 1 && >&2 echo result: 1) || (echo 0 && >&2 echo result: 0)
<stdin>:1:10: fatal error: dis-asm.h: No such file or directory
compilation terminated.
result: 0
Makefile.feature:118: Probing: feature-libcap
Makefile.feature:119: printf '%b\n' '#include <sys/capability.h>\n' 'int main(void) {' '	cap_free(0);' '	return 0;' '}' | cc -Wno-unused-command-line-argument -Wall -Werror -x c - -lcap -S -o - >/dev/null && (echo 1 && >&2 echo result: 1) || (echo 0 && >&2 echo result: 0)
<stdin>:1:10: fatal error: sys/capability.h: No such file or directory
compilation terminated.
result: 0
Makefile.feature:156: Probing: feature-llvm
Makefile.feature:157: printf '%b\n' '#include <llvm-c/Core.h>\n' '#include <llvm-c/TargetMachine.h>\n' 'int main(void) {' '	char *triple = LLVMNormalizeTargetTriple("");' '	LLVMDisposeMessage(triple);' '	return 0;' '}' | cc -Wno-unused-command-line-argument -I/usr/lib/llvm-18/include  -D_GNU_SOURCE -D__STDC_CONSTANT_MACROS -D__STDC_FORMAT_MACROS -D__STDC_LIMIT_MACROS  -L/usr/lib/llvm-18/lib  -Wall -Werror -x c - -lLLVM-18 -o /dev/null >/dev/null && (echo 1 && >&2 echo result: 1) || (echo 0 && >&2 echo result: 0)
result: 1
...                        libbfd: [ [31mOFF[m ]
...               clang-bpf-co-re: [ [32mon[m  ]
...                          llvm: [ [32mon[m  ]
...                        libcap: [ [31mOFF[m ]
mkdir -p /home/harsh4786/gpu_ext-v0.0.21/extension/.output/bpftool/bootstrap/libbpf/include/bpf
install -m 644 -t /home/harsh4786/gpu_ext-v0.0.21/extension/.output/bpftool/bootstrap/libbpf/include/bpf /home/harsh4786/gpu_ext-v0.0.21/bpftool/libbpf/src/hashmap.h
install -m 644 -t /home/harsh4786/gpu_ext-v0.0.21/extension/.output/bpftool/bootstrap/libbpf/include/bpf /home/harsh4786/gpu_ext-v0.0.21/bpftool/libbpf/src/relo_core.h
install -m 644 -t /home/harsh4786/gpu_ext-v0.0.21/extension/.output/bpftool/bootstrap/libbpf/include/bpf /home/harsh4786/gpu_ext-v0.0.21/bpftool/libbpf/src/libbpf_internal.h
mkdir -p /home/harsh4786/gpu_ext-v0.0.21/extension/.output/bpftool/bootstrap/
mkdir -p /home/harsh4786/gpu_ext-v0.0.21/extension/.output/bpftool/bootstrap/libbpf/
make -C /home/harsh4786/gpu_ext-v0.0.21/bpftool/libbpf/src OBJDIR=/home/harsh4786/gpu_ext-v0.0.21/extension/.output/bpftool/bootstrap/libbpf \
	DESTDIR="" PREFIX=/home/harsh4786/gpu_ext-v0.0.21/extension/.output/bpftool/bootstrap/libbpf \
	ARCH= CROSS_COMPILE= CC="gcc" LD="ld" AR="ar" /home/harsh4786/gpu_ext-v0.0.21/extension/.output/bpftool/bootstrap/libbpf/libbpf.a install_headers
make[2]: Entering directory '/home/harsh4786/gpu_ext-v0.0.21/bpftool/libbpf/src'
mkdir -p /home/harsh4786/gpu_ext-v0.0.21/extension/.output/bpftool/bootstrap/libbpf/staticobjs
gcc -I. -I../include -I../include/uapi -g -O2 -Werror -Wall -std=gnu89 -D_LARGEFILE64_SOURCE -D_FILE_OFFSET_BITS=64 -Wno-unknown-warning-option -Wno-format-overflow   -c bpf.c -o /home/harsh4786/gpu_ext-v0.0.21/extension/.output/bpftool/bootstrap/libbpf/staticobjs/bpf.o
gcc -I. -I../include -I../include/uapi -g -O2 -Werror -Wall -std=gnu89 -D_LARGEFILE64_SOURCE -D_FILE_OFFSET_BITS=64 -Wno-unknown-warning-option -Wno-format-overflow   -c btf.c -o /home/harsh4786/gpu_ext-v0.0.21/extension/.output/bpftool/bootstrap/libbpf/staticobjs/btf.o
gcc -I. -I../include -I../include/uapi -g -O2 -Werror -Wall -std=gnu89 -D_LARGEFILE64_SOURCE -D_FILE_OFFSET_BITS=64 -Wno-unknown-warning-option -Wno-format-overflow   -c libbpf.c -o /home/harsh4786/gpu_ext-v0.0.21/extension/.output/bpftool/bootstrap/libbpf/staticobjs/libbpf.o
gcc -I. -I../include -I../include/uapi -g -O2 -Werror -Wall -std=gnu89 -D_LARGEFILE64_SOURCE -D_FILE_OFFSET_BITS=64 -Wno-unknown-warning-option -Wno-format-overflow   -c libbpf_errno.c -o /home/harsh4786/gpu_ext-v0.0.21/extension/.output/bpftool/bootstrap/libbpf/staticobjs/libbpf_errno.o
gcc -I. -I../include -I../include/uapi -g -O2 -Werror -Wall -std=gnu89 -D_LARGEFILE64_SOURCE -D_FILE_OFFSET_BITS=64 -Wno-unknown-warning-option -Wno-format-overflow   -c netlink.c -o /home/harsh4786/gpu_ext-v0.0.21/extension/.output/bpftool/bootstrap/libbpf/staticobjs/netlink.o
gcc -I. -I../include -I../include/uapi -g -O2 -Werror -Wall -std=gnu89 -D_LARGEFILE64_SOURCE -D_FILE_OFFSET_BITS=64 -Wno-unknown-warning-option -Wno-format-overflow   -c nlattr.c -o /home/harsh4786/gpu_ext-v0.0.21/extension/.output/bpftool/bootstrap/libbpf/staticobjs/nlattr.o
gcc -I. -I../include -I../include/uapi -g -O2 -Werror -Wall -std=gnu89 -D_LARGEFILE64_SOURCE -D_FILE_OFFSET_BITS=64 -Wno-unknown-warning-option -Wno-format-overflow   -c str_error.c -o /home/harsh4786/gpu_ext-v0.0.21/extension/.output/bpftool/bootstrap/libbpf/staticobjs/str_error.o
gcc -I. -I../include -I../include/uapi -g -O2 -Werror -Wall -std=gnu89 -D_LARGEFILE64_SOURCE -D_FILE_OFFSET_BITS=64 -Wno-unknown-warning-option -Wno-format-overflow   -c libbpf_probes.c -o /home/harsh4786/gpu_ext-v0.0.21/extension/.output/bpftool/bootstrap/libbpf/staticobjs/libbpf_probes.o
gcc -I. -I../include -I../include/uapi -g -O2 -Werror -Wall -std=gnu89 -D_LARGEFILE64_SOURCE -D_FILE_OFFSET_BITS=64 -Wno-unknown-warning-option -Wno-format-overflow   -c bpf_prog_linfo.c -o /home/harsh4786/gpu_ext-v0.0.21/extension/.output/bpftool/bootstrap/libbpf/staticobjs/bpf_prog_linfo.o
gcc -I. -I../include -I../include/uapi -g -O2 -Werror -Wall -std=gnu89 -D_LARGEFILE64_SOURCE -D_FILE_OFFSET_BITS=64 -Wno-unknown-warning-option -Wno-format-overflow   -c btf_dump.c -o /home/harsh4786/gpu_ext-v0.0.21/extension/.output/bpftool/bootstrap/libbpf/staticobjs/btf_dump.o
gcc -I. -I../include -I../include/uapi -g -O2 -Werror -Wall -std=gnu89 -D_LARGEFILE64_SOURCE -D_FILE_OFFSET_BITS=64 -Wno-unknown-warning-option -Wno-format-overflow   -c hashmap.c -o /home/harsh4786/gpu_ext-v0.0.21/extension/.output/bpftool/bootstrap/libbpf/staticobjs/hashmap.o
gcc -I. -I../include -I../include/uapi -g -O2 -Werror -Wall -std=gnu89 -D_LARGEFILE64_SOURCE -D_FILE_OFFSET_BITS=64 -Wno-unknown-warning-option -Wno-format-overflow   -c ringbuf.c -o /home/harsh4786/gpu_ext-v0.0.21/extension/.output/bpftool/bootstrap/libbpf/staticobjs/ringbuf.o
gcc -I. -I../include -I../include/uapi -g -O2 -Werror -Wall -std=gnu89 -D_LARGEFILE64_SOURCE -D_FILE_OFFSET_BITS=64 -Wno-unknown-warning-option -Wno-format-overflow   -c strset.c -o /home/harsh4786/gpu_ext-v0.0.21/extension/.output/bpftool/bootstrap/libbpf/staticobjs/strset.o
gcc -I. -I../include -I../include/uapi -g -O2 -Werror -Wall -std=gnu89 -D_LARGEFILE64_SOURCE -D_FILE_OFFSET_BITS=64 -Wno-unknown-warning-option -Wno-format-overflow   -c linker.c -o /home/harsh4786/gpu_ext-v0.0.21/extension/.output/bpftool/bootstrap/libbpf/staticobjs/linker.o
gcc -I. -I../include -I../include/uapi -g -O2 -Werror -Wall -std=gnu89 -D_LARGEFILE64_SOURCE -D_FILE_OFFSET_BITS=64 -Wno-unknown-warning-option -Wno-format-overflow   -c gen_loader.c -o /home/harsh4786/gpu_ext-v0.0.21/extension/.output/bpftool/bootstrap/libbpf/staticobjs/gen_loader.o
gcc -I. -I../include -I../include/uapi -g -O2 -Werror -Wall -std=gnu89 -D_LARGEFILE64_SOURCE -D_FILE_OFFSET_BITS=64 -Wno-unknown-warning-option -Wno-format-overflow   -c relo_core.c -o /home/harsh4786/gpu_ext-v0.0.21/extension/.output/bpftool/bootstrap/libbpf/staticobjs/relo_core.o
gcc -I. -I../include -I../include/uapi -g -O2 -Werror -Wall -std=gnu89 -D_LARGEFILE64_SOURCE -D_FILE_OFFSET_BITS=64 -Wno-unknown-warning-option -Wno-format-overflow   -c usdt.c -o /home/harsh4786/gpu_ext-v0.0.21/extension/.output/bpftool/bootstrap/libbpf/staticobjs/usdt.o
gcc -I. -I../include -I../include/uapi -g -O2 -Werror -Wall -std=gnu89 -D_LARGEFILE64_SOURCE -D_FILE_OFFSET_BITS=64 -Wno-unknown-warning-option -Wno-format-overflow   -c zip.c -o /home/harsh4786/gpu_ext-v0.0.21/extension/.output/bpftool/bootstrap/libbpf/staticobjs/zip.o
gcc -I. -I../include -I../include/uapi -g -O2 -Werror -Wall -std=gnu89 -D_LARGEFILE64_SOURCE -D_FILE_OFFSET_BITS=64 -Wno-unknown-warning-option -Wno-format-overflow   -c elf.c -o /home/harsh4786/gpu_ext-v0.0.21/extension/.output/bpftool/bootstrap/libbpf/staticobjs/elf.o
gcc -I. -I../include -I../include/uapi -g -O2 -Werror -Wall -std=gnu89 -D_LARGEFILE64_SOURCE -D_FILE_OFFSET_BITS=64 -Wno-unknown-warning-option -Wno-format-overflow   -c features.c -o /home/harsh4786/gpu_ext-v0.0.21/extension/.output/bpftool/bootstrap/libbpf/staticobjs/features.o
gcc -I. -I../include -I../include/uapi -g -O2 -Werror -Wall -std=gnu89 -D_LARGEFILE64_SOURCE -D_FILE_OFFSET_BITS=64 -Wno-unknown-warning-option -Wno-format-overflow   -c btf_iter.c -o /home/harsh4786/gpu_ext-v0.0.21/extension/.output/bpftool/bootstrap/libbpf/staticobjs/btf_iter.o
gcc -I. -I../include -I../include/uapi -g -O2 -Werror -Wall -std=gnu89 -D_LARGEFILE64_SOURCE -D_FILE_OFFSET_BITS=64 -Wno-unknown-warning-option -Wno-format-overflow   -c btf_relocate.c -o /home/harsh4786/gpu_ext-v0.0.21/extension/.output/bpftool/bootstrap/libbpf/staticobjs/btf_relocate.o
ar rcs /home/harsh4786/gpu_ext-v0.0.21/extension/.output/bpftool/bootstrap/libbpf/libbpf.a /home/harsh4786/gpu_ext-v0.0.21/extension/.output/bpftool/bootstrap/libbpf/staticobjs/bpf.o /home/harsh4786/gpu_ext-v0.0.21/extension/.output/bpftool/bootstrap/libbpf/staticobjs/btf.o /home/harsh4786/gpu_ext-v0.0.21/extension/.output/bpftool/bootstrap/libbpf/staticobjs/libbpf.o /home/harsh4786/gpu_ext-v0.0.21/extension/.output/bpftool/bootstrap/libbpf/staticobjs/libbpf_errno.o /home/harsh4786/gpu_ext-v0.0.21/extension/.output/bpftool/bootstrap/libbpf/staticobjs/netlink.o /home/harsh4786/gpu_ext-v0.0.21/extension/.output/bpftool/bootstrap/libbpf/staticobjs/nlattr.o /home/harsh4786/gpu_ext-v0.0.21/extension/.output/bpftool/bootstrap/libbpf/staticobjs/str_error.o /home/harsh4786/gpu_ext-v0.0.21/extension/.output/bpftool/bootstrap/libbpf/staticobjs/libbpf_probes.o /home/harsh4786/gpu_ext-v0.0.21/extension/.output/bpftool/bootstrap/libbpf/staticobjs/bpf_prog_linfo.o /home/harsh4786/gpu_ext-v0.0.21/extension/.output/bpftool/bootstrap/libbpf/staticobjs/btf_dump.o /home/harsh4786/gpu_ext-v0.0.21/extension/.output/bpftool/bootstrap/libbpf/staticobjs/hashmap.o /home/harsh4786/gpu_ext-v0.0.21/extension/.output/bpftool/bootstrap/libbpf/staticobjs/ringbuf.o /home/harsh4786/gpu_ext-v0.0.21/extension/.output/bpftool/bootstrap/libbpf/staticobjs/strset.o /home/harsh4786/gpu_ext-v0.0.21/extension/.output/bpftool/bootstrap/libbpf/staticobjs/linker.o /home/harsh4786/gpu_ext-v0.0.21/extension/.output/bpftool/bootstrap/libbpf/staticobjs/gen_loader.o /home/harsh4786/gpu_ext-v0.0.21/extension/.output/bpftool/bootstrap/libbpf/staticobjs/relo_core.o /home/harsh4786/gpu_ext-v0.0.21/extension/.output/bpftool/bootstrap/libbpf/staticobjs/usdt.o /home/harsh4786/gpu_ext-v0.0.21/extension/.output/bpftool/bootstrap/libbpf/staticobjs/zip.o /home/harsh4786/gpu_ext-v0.0.21/extension/.output/bpftool/bootstrap/libbpf/staticobjs/elf.o /home/harsh4786/gpu_ext-v0.0.21/extension/.output/bpftool/bootstrap/libbpf/staticobjs/features.o /home/harsh4786/gpu_ext-v0.0.21/extension/.output/bpftool/bootstrap/libbpf/staticobjs/btf_iter.o /home/harsh4786/gpu_ext-v0.0.21/extension/.output/bpftool/bootstrap/libbpf/staticobjs/btf_relocate.o
if [ ! -d '/home/harsh4786/gpu_ext-v0.0.21/extension/.output/bpftool/bootstrap/libbpf/include/bpf' ]; then install -d -m 755 '/home/harsh4786/gpu_ext-v0.0.21/extension/.output/bpftool/bootstrap/libbpf/include/bpf'; fi;
install -m 644 bpf.h libbpf.h btf.h libbpf_common.h libbpf_legacy.h bpf_helpers.h bpf_helper_defs.h bpf_tracing.h bpf_endian.h bpf_core_read.h skel_internal.h libbpf_version.h usdt.bpf.h '/home/harsh4786/gpu_ext-v0.0.21/extension/.output/bpftool/bootstrap/libbpf/include/bpf'
make[2]: Leaving directory '/home/harsh4786/gpu_ext-v0.0.21/bpftool/libbpf/src'
gcc  -O2 -W -Wall -Wextra -Wformat-signedness -Wno-unused-parameter -Wno-missing-field-initializers -Wbad-function-cast -Wdeclaration-after-statement -Wformat-security -Wformat-y2k -Winit-self -Wmissing-declarations -Wmissing-prototypes -Wold-style-definition -Wpacked -Wredundant-decls -Wshadow -Wstrict-prototypes -Wswitch-default -Wundef -Wwrite-strings -DPACKAGE='"bpftool"' -D__EXPORTED_HEADERS__ -I/home/harsh4786/gpu_ext-v0.0.21/extension/.output/bpftool/ -I/home/harsh4786/gpu_ext-v0.0.21/extension/.output/bpftool/bootstrap/libbpf/include -I/home/harsh4786/gpu_ext-v0.0.21/bpftool/src/kernel/bpf/ -I/home/harsh4786/gpu_ext-v0.0.21/bpftool/include -I/home/harsh4786/gpu_ext-v0.0.21/bpftool/include/uapi -c -MMD main.c -o /home/harsh4786/gpu_ext-v0.0.21/extension/.output/bpftool/bootstrap/main.o
gcc  -O2 -W -Wall -Wextra -Wformat-signedness -Wno-unused-parameter -Wno-missing-field-initializers -Wbad-function-cast -Wdeclaration-after-statement -Wformat-security -Wformat-y2k -Winit-self -Wmissing-declarations -Wmissing-prototypes -Wold-style-definition -Wpacked -Wredundant-decls -Wshadow -Wstrict-prototypes -Wswitch-default -Wundef -Wwrite-strings -DPACKAGE='"bpftool"' -D__EXPORTED_HEADERS__ -I/home/harsh4786/gpu_ext-v0.0.21/extension/.output/bpftool/ -I/home/harsh4786/gpu_ext-v0.0.21/extension/.output/bpftool/bootstrap/libbpf/include -I/home/harsh4786/gpu_ext-v0.0.21/bpftool/src/kernel/bpf/ -I/home/harsh4786/gpu_ext-v0.0.21/bpftool/include -I/home/harsh4786/gpu_ext-v0.0.21/bpftool/include/uapi -c -MMD common.c -o /home/harsh4786/gpu_ext-v0.0.21/extension/.output/bpftool/bootstrap/common.o
gcc  -O2 -W -Wall -Wextra -Wformat-signedness -Wno-unused-parameter -Wno-missing-field-initializers -Wbad-function-cast -Wdeclaration-after-statement -Wformat-security -Wformat-y2k -Winit-self -Wmissing-declarations -Wmissing-prototypes -Wold-style-definition -Wpacked -Wredundant-decls -Wshadow -Wstrict-prototypes -Wswitch-default -Wundef -Wwrite-strings -DPACKAGE='"bpftool"' -D__EXPORTED_HEADERS__ -I/home/harsh4786/gpu_ext-v0.0.21/extension/.output/bpftool/ -I/home/harsh4786/gpu_ext-v0.0.21/extension/.output/bpftool/bootstrap/libbpf/include -I/home/harsh4786/gpu_ext-v0.0.21/bpftool/src/kernel/bpf/ -I/home/harsh4786/gpu_ext-v0.0.21/bpftool/include -I/home/harsh4786/gpu_ext-v0.0.21/bpftool/include/uapi -c -MMD json_writer.c -o /home/harsh4786/gpu_ext-v0.0.21/extension/.output/bpftool/bootstrap/json_writer.o
gcc  -O2 -W -Wall -Wextra -Wformat-signedness -Wno-unused-parameter -Wno-missing-field-initializers -Wbad-function-cast -Wdeclaration-after-statement -Wformat-security -Wformat-y2k -Winit-self -Wmissing-declarations -Wmissing-prototypes -Wold-style-definition -Wpacked -Wredundant-decls -Wshadow -Wstrict-prototypes -Wswitch-default -Wundef -Wwrite-strings -DPACKAGE='"bpftool"' -D__EXPORTED_HEADERS__ -I/home/harsh4786/gpu_ext-v0.0.21/extension/.output/bpftool/ -I/home/harsh4786/gpu_ext-v0.0.21/extension/.output/bpftool/bootstrap/libbpf/include -I/home/harsh4786/gpu_ext-v0.0.21/bpftool/src/kernel/bpf/ -I/home/harsh4786/gpu_ext-v0.0.21/bpftool/include -I/home/harsh4786/gpu_ext-v0.0.21/bpftool/include/uapi -c -MMD gen.c -o /home/harsh4786/gpu_ext-v0.0.21/extension/.output/bpftool/bootstrap/gen.o
gcc  -O2 -W -Wall -Wextra -Wformat-signedness -Wno-unused-parameter -Wno-missing-field-initializers -Wbad-function-cast -Wdeclaration-after-statement -Wformat-security -Wformat-y2k -Winit-self -Wmissing-declarations -Wmissing-prototypes -Wold-style-definition -Wpacked -Wredundant-decls -Wshadow -Wstrict-prototypes -Wswitch-default -Wundef -Wwrite-strings -DPACKAGE='"bpftool"' -D__EXPORTED_HEADERS__ -I/home/harsh4786/gpu_ext-v0.0.21/extension/.output/bpftool/ -I/home/harsh4786/gpu_ext-v0.0.21/extension/.output/bpftool/bootstrap/libbpf/include -I/home/harsh4786/gpu_ext-v0.0.21/bpftool/src/kernel/bpf/ -I/home/harsh4786/gpu_ext-v0.0.21/bpftool/include -I/home/harsh4786/gpu_ext-v0.0.21/bpftool/include/uapi -c -MMD btf.c -o /home/harsh4786/gpu_ext-v0.0.21/extension/.output/bpftool/bootstrap/btf.o
gcc  -O2 -W -Wall -Wextra -Wformat-signedness -Wno-unused-parameter -Wno-missing-field-initializers -Wbad-function-cast -Wdeclaration-after-statement -Wformat-security -Wformat-y2k -Winit-self -Wmissing-declarations -Wmissing-prototypes -Wold-style-definition -Wpacked -Wredundant-decls -Wshadow -Wstrict-prototypes -Wswitch-default -Wundef -Wwrite-strings -DPACKAGE='"bpftool"' -D__EXPORTED_HEADERS__ -I/home/harsh4786/gpu_ext-v0.0.21/extension/.output/bpftool/ -I/home/harsh4786/gpu_ext-v0.0.21/extension/.output/bpftool/bootstrap/libbpf/include -I/home/harsh4786/gpu_ext-v0.0.21/bpftool/src/kernel/bpf/ -I/home/harsh4786/gpu_ext-v0.0.21/bpftool/include -I/home/harsh4786/gpu_ext-v0.0.21/bpftool/include/uapi  /home/harsh4786/gpu_ext-v0.0.21/extension/.output/bpftool/bootstrap/main.o /home/harsh4786/gpu_ext-v0.0.21/extension/.output/bpftool/bootstrap/common.o /home/harsh4786/gpu_ext-v0.0.21/extension/.output/bpftool/bootstrap/json_writer.o /home/harsh4786/gpu_ext-v0.0.21/extension/.output/bpftool/bootstrap/gen.o /home/harsh4786/gpu_ext-v0.0.21/extension/.output/bpftool/bootstrap/btf.o /home/harsh4786/gpu_ext-v0.0.21/extension/.output/bpftool/bootstrap/libbpf/libbpf.a -lelf -lz -o /home/harsh4786/gpu_ext-v0.0.21/extension/.output/bpftool/bootstrap/bpftool
make[1]: Leaving directory '/home/harsh4786/gpu_ext-v0.0.21/bpftool/src'
clang -g -O2 -target bpf -D__TARGET_ARCH_arm64		      \
	     -I.output -I../libbpf/include/uapi -I../vmlinux/arm64/ -I/usr/local/cuda/include -idirafter /usr/lib/llvm-18/lib/clang/18/include -idirafter /usr/local/include -idirafter /usr/include/aarch64-linux-gnu -idirafter /usr/include		      \
	     -c chunk_trace.bpf.c -o .output/chunk_trace.tmp.bpf.o
/home/harsh4786/gpu_ext-v0.0.21/extension/.output/bpftool/bootstrap/bpftool gen object .output/chunk_trace.bpf.o .output/chunk_trace.tmp.bpf.o
/home/harsh4786/gpu_ext-v0.0.21/extension/.output/bpftool/bootstrap/bpftool gen skeleton .output/chunk_trace.bpf.o > .output/chunk_trace.skel.h
cc -g -Wall -I.output -I../libbpf/include/uapi -I../vmlinux/arm64/ -I/usr/local/cuda/include -c chunk_trace.c -o .output/chunk_trace.o
chunk_trace.c:107:13: warning: ‘print_stats’ defined but not used [-Wunused-function]
  107 | static void print_stats(struct chunk_trace_bpf *skel)
      |             ^~~~~~~~~~~
chunk_trace.c:42:14: warning: ‘get_time_ns’ defined but not used [-Wunused-function]
   42 | static __u64 get_time_ns(void)
      |              ^~~~~~~~~~~
cc -g -Wall .output/chunk_trace.o /home/harsh4786/gpu_ext-v0.0.21/extension/.output/libbpf.a   -lrt -ldl -lpthread -lm -lelf -lz -o chunk_trace
make: Leaving directory '/home/harsh4786/gpu_ext-v0.0.21/extension'
