make: Entering directory '/home/harsh4786/gpu_ext-v0.0.21/extension'
Skipping sched_ext apps; set SCX_INCLUDE_DIR to a kernel tools/sched_ext include tree and ensure ../vmlinux/arm64/scx/vmlinux.h exists: sched_gpu_baseline sched_gpu_minimal sched_gpu_serving sched_gpu_xcoord sched_gpu_xcoord_noad sched_gpu_coord 
mkdir -p .output
mkdir -p .output/libbpf
make -C /home/harsh4786/gpu_ext-v0.0.21/libbpf/src BUILD_STATIC_ONLY=1		      \
	    OBJDIR=/home/harsh4786/gpu_ext-v0.0.21/extension/.output//libbpf DESTDIR=/home/harsh4786/gpu_ext-v0.0.21/extension/.output/		      \
	    INCLUDEDIR= LIBDIR= UAPIDIR=			      \
	    install
make[1]: Entering directory '/home/harsh4786/gpu_ext-v0.0.21/libbpf/src'
mkdir -p /home/harsh4786/gpu_ext-v0.0.21/extension/.output//libbpf/staticobjs
cc -I. -I../include -I../include/uapi -g -O2 -Werror -Wall -std=gnu89 -D_LARGEFILE64_SOURCE -D_FILE_OFFSET_BITS=64 -Wno-unknown-warning-option -Wno-format-overflow   -c bpf.c -o /home/harsh4786/gpu_ext-v0.0.21/extension/.output//libbpf/staticobjs/bpf.o
cc -I. -I../include -I../include/uapi -g -O2 -Werror -Wall -std=gnu89 -D_LARGEFILE64_SOURCE -D_FILE_OFFSET_BITS=64 -Wno-unknown-warning-option -Wno-format-overflow   -c btf.c -o /home/harsh4786/gpu_ext-v0.0.21/extension/.output//libbpf/staticobjs/btf.o
cc -I. -I../include -I../include/uapi -g -O2 -Werror -Wall -std=gnu89 -D_LARGEFILE64_SOURCE -D_FILE_OFFSET_BITS=64 -Wno-unknown-warning-option -Wno-format-overflow   -c libbpf.c -o /home/harsh4786/gpu_ext-v0.0.21/extension/.output//libbpf/staticobjs/libbpf.o
cc -I. -I../include -I../include/uapi -g -O2 -Werror -Wall -std=gnu89 -D_LARGEFILE64_SOURCE -D_FILE_OFFSET_BITS=64 -Wno-unknown-warning-option -Wno-format-overflow   -c libbpf_errno.c -o /home/harsh4786/gpu_ext-v0.0.21/extension/.output//libbpf/staticobjs/libbpf_errno.o
cc -I. -I../include -I../include/uapi -g -O2 -Werror -Wall -std=gnu89 -D_LARGEFILE64_SOURCE -D_FILE_OFFSET_BITS=64 -Wno-unknown-warning-option -Wno-format-overflow   -c netlink.c -o /home/harsh4786/gpu_ext-v0.0.21/extension/.output//libbpf/staticobjs/netlink.o
cc -I. -I../include -I../include/uapi -g -O2 -Werror -Wall -std=gnu89 -D_LARGEFILE64_SOURCE -D_FILE_OFFSET_BITS=64 -Wno-unknown-warning-option -Wno-format-overflow   -c nlattr.c -o /home/harsh4786/gpu_ext-v0.0.21/extension/.output//libbpf/staticobjs/nlattr.o
cc -I. -I../include -I../include/uapi -g -O2 -Werror -Wall -std=gnu89 -D_LARGEFILE64_SOURCE -D_FILE_OFFSET_BITS=64 -Wno-unknown-warning-option -Wno-format-overflow   -c str_error.c -o /home/harsh4786/gpu_ext-v0.0.21/extension/.output//libbpf/staticobjs/str_error.o
cc -I. -I../include -I../include/uapi -g -O2 -Werror -Wall -std=gnu89 -D_LARGEFILE64_SOURCE -D_FILE_OFFSET_BITS=64 -Wno-unknown-warning-option -Wno-format-overflow   -c libbpf_probes.c -o /home/harsh4786/gpu_ext-v0.0.21/extension/.output//libbpf/staticobjs/libbpf_probes.o
cc -I. -I../include -I../include/uapi -g -O2 -Werror -Wall -std=gnu89 -D_LARGEFILE64_SOURCE -D_FILE_OFFSET_BITS=64 -Wno-unknown-warning-option -Wno-format-overflow   -c bpf_prog_linfo.c -o /home/harsh4786/gpu_ext-v0.0.21/extension/.output//libbpf/staticobjs/bpf_prog_linfo.o
cc -I. -I../include -I../include/uapi -g -O2 -Werror -Wall -std=gnu89 -D_LARGEFILE64_SOURCE -D_FILE_OFFSET_BITS=64 -Wno-unknown-warning-option -Wno-format-overflow   -c btf_dump.c -o /home/harsh4786/gpu_ext-v0.0.21/extension/.output//libbpf/staticobjs/btf_dump.o
cc -I. -I../include -I../include/uapi -g -O2 -Werror -Wall -std=gnu89 -D_LARGEFILE64_SOURCE -D_FILE_OFFSET_BITS=64 -Wno-unknown-warning-option -Wno-format-overflow   -c hashmap.c -o /home/harsh4786/gpu_ext-v0.0.21/extension/.output//libbpf/staticobjs/hashmap.o
cc -I. -I../include -I../include/uapi -g -O2 -Werror -Wall -std=gnu89 -D_LARGEFILE64_SOURCE -D_FILE_OFFSET_BITS=64 -Wno-unknown-warning-option -Wno-format-overflow   -c ringbuf.c -o /home/harsh4786/gpu_ext-v0.0.21/extension/.output//libbpf/staticobjs/ringbuf.o
cc -I. -I../include -I../include/uapi -g -O2 -Werror -Wall -std=gnu89 -D_LARGEFILE64_SOURCE -D_FILE_OFFSET_BITS=64 -Wno-unknown-warning-option -Wno-format-overflow   -c strset.c -o /home/harsh4786/gpu_ext-v0.0.21/extension/.output//libbpf/staticobjs/strset.o
cc -I. -I../include -I../include/uapi -g -O2 -Werror -Wall -std=gnu89 -D_LARGEFILE64_SOURCE -D_FILE_OFFSET_BITS=64 -Wno-unknown-warning-option -Wno-format-overflow   -c linker.c -o /home/harsh4786/gpu_ext-v0.0.21/extension/.output//libbpf/staticobjs/linker.o
cc -I. -I../include -I../include/uapi -g -O2 -Werror -Wall -std=gnu89 -D_LARGEFILE64_SOURCE -D_FILE_OFFSET_BITS=64 -Wno-unknown-warning-option -Wno-format-overflow   -c gen_loader.c -o /home/harsh4786/gpu_ext-v0.0.21/extension/.output//libbpf/staticobjs/gen_loader.o
cc -I. -I../include -I../include/uapi -g -O2 -Werror -Wall -std=gnu89 -D_LARGEFILE64_SOURCE -D_FILE_OFFSET_BITS=64 -Wno-unknown-warning-option -Wno-format-overflow   -c relo_core.c -o /home/harsh4786/gpu_ext-v0.0.21/extension/.output//libbpf/staticobjs/relo_core.o
cc -I. -I../include -I../include/uapi -g -O2 -Werror -Wall -std=gnu89 -D_LARGEFILE64_SOURCE -D_FILE_OFFSET_BITS=64 -Wno-unknown-warning-option -Wno-format-overflow   -c usdt.c -o /home/harsh4786/gpu_ext-v0.0.21/extension/.output//libbpf/staticobjs/usdt.o
cc -I. -I../include -I../include/uapi -g -O2 -Werror -Wall -std=gnu89 -D_LARGEFILE64_SOURCE -D_FILE_OFFSET_BITS=64 -Wno-unknown-warning-option -Wno-format-overflow   -c zip.c -o /home/harsh4786/gpu_ext-v0.0.21/extension/.output//libbpf/staticobjs/zip.o
cc -I. -I../include -I../include/uapi -g -O2 -Werror -Wall -std=gnu89 -D_LARGEFILE64_SOURCE -D_FILE_OFFSET_BITS=64 -Wno-unknown-warning-option -Wno-format-overflow   -c elf.c -o /home/harsh4786/gpu_ext-v0.0.21/extension/.output//libbpf/staticobjs/elf.o
cc -I. -I../include -I../include/uapi -g -O2 -Werror -Wall -std=gnu89 -D_LARGEFILE64_SOURCE -D_FILE_OFFSET_BITS=64 -Wno-unknown-warning-option -Wno-format-overflow   -c features.c -o /home/harsh4786/gpu_ext-v0.0.21/extension/.output//libbpf/staticobjs/features.o
cc -I. -I../include -I../include/uapi -g -O2 -Werror -Wall -std=gnu89 -D_LARGEFILE64_SOURCE -D_FILE_OFFSET_BITS=64 -Wno-unknown-warning-option -Wno-format-overflow   -c btf_iter.c -o /home/harsh4786/gpu_ext-v0.0.21/extension/.output//libbpf/staticobjs/btf_iter.o
cc -I. -I../include -I../include/uapi -g -O2 -Werror -Wall -std=gnu89 -D_LARGEFILE64_SOURCE -D_FILE_OFFSET_BITS=64 -Wno-unknown-warning-option -Wno-format-overflow   -c btf_relocate.c -o /home/harsh4786/gpu_ext-v0.0.21/extension/.output//libbpf/staticobjs/btf_relocate.o
ar rcs /home/harsh4786/gpu_ext-v0.0.21/extension/.output//libbpf/libbpf.a /home/harsh4786/gpu_ext-v0.0.21/extension/.output//libbpf/staticobjs/bpf.o /home/harsh4786/gpu_ext-v0.0.21/extension/.output//libbpf/staticobjs/btf.o /home/harsh4786/gpu_ext-v0.0.21/extension/.output//libbpf/staticobjs/libbpf.o /home/harsh4786/gpu_ext-v0.0.21/extension/.output//libbpf/staticobjs/libbpf_errno.o /home/harsh4786/gpu_ext-v0.0.21/extension/.output//libbpf/staticobjs/netlink.o /home/harsh4786/gpu_ext-v0.0.21/extension/.output//libbpf/staticobjs/nlattr.o /home/harsh4786/gpu_ext-v0.0.21/extension/.output//libbpf/staticobjs/str_error.o /home/harsh4786/gpu_ext-v0.0.21/extension/.output//libbpf/staticobjs/libbpf_probes.o /home/harsh4786/gpu_ext-v0.0.21/extension/.output//libbpf/staticobjs/bpf_prog_linfo.o /home/harsh4786/gpu_ext-v0.0.21/extension/.output//libbpf/staticobjs/btf_dump.o /home/harsh4786/gpu_ext-v0.0.21/extension/.output//libbpf/staticobjs/hashmap.o /home/harsh4786/gpu_ext-v0.0.21/extension/.output//libbpf/staticobjs/ringbuf.o /home/harsh4786/gpu_ext-v0.0.21/extension/.output//libbpf/staticobjs/strset.o /home/harsh4786/gpu_ext-v0.0.21/extension/.output//libbpf/staticobjs/linker.o /home/harsh4786/gpu_ext-v0.0.21/extension/.output//libbpf/staticobjs/gen_loader.o /home/harsh4786/gpu_ext-v0.0.21/extension/.output//libbpf/staticobjs/relo_core.o /home/harsh4786/gpu_ext-v0.0.21/extension/.output//libbpf/staticobjs/usdt.o /home/harsh4786/gpu_ext-v0.0.21/extension/.output//libbpf/staticobjs/zip.o /home/harsh4786/gpu_ext-v0.0.21/extension/.output//libbpf/staticobjs/elf.o /home/harsh4786/gpu_ext-v0.0.21/extension/.output//libbpf/staticobjs/features.o /home/harsh4786/gpu_ext-v0.0.21/extension/.output//libbpf/staticobjs/btf_iter.o /home/harsh4786/gpu_ext-v0.0.21/extension/.output//libbpf/staticobjs/btf_relocate.o
sed -e "s|@PREFIX@|/usr|" \
	-e "s|@LIBDIR@|$\{prefix\}/lib64|" \
	-e "s|@VERSION@|1.6.0|" \
	< libbpf.pc.template > /home/harsh4786/gpu_ext-v0.0.21/extension/.output//libbpf/libbpf.pc
if [ ! -d '/home/harsh4786/gpu_ext-v0.0.21/extension/.output//bpf' ]; then install -d -m 755 '/home/harsh4786/gpu_ext-v0.0.21/extension/.output//bpf'; fi;
install -m 644 bpf.h libbpf.h btf.h libbpf_common.h libbpf_legacy.h bpf_helpers.h bpf_helper_defs.h bpf_tracing.h bpf_endian.h bpf_core_read.h skel_internal.h libbpf_version.h usdt.bpf.h '/home/harsh4786/gpu_ext-v0.0.21/extension/.output//bpf'
if [ ! -d '/home/harsh4786/gpu_ext-v0.0.21/extension/.output//pkgconfig' ]; then install -d -m 755 '/home/harsh4786/gpu_ext-v0.0.21/extension/.output//pkgconfig'; fi;
install -m 644 /home/harsh4786/gpu_ext-v0.0.21/extension/.output//libbpf/libbpf.pc '/home/harsh4786/gpu_ext-v0.0.21/extension/.output//pkgconfig'
if [ ! -d '/home/harsh4786/gpu_ext-v0.0.21/extension/.output/' ]; then install -d -m 755 '/home/harsh4786/gpu_ext-v0.0.21/extension/.output/'; fi;
cp -fR /home/harsh4786/gpu_ext-v0.0.21/extension/.output//libbpf/libbpf.a  '/home/harsh4786/gpu_ext-v0.0.21/extension/.output/'
make[1]: Leaving directory '/home/harsh4786/gpu_ext-v0.0.21/libbpf/src'
mkdir -p /home/harsh4786/gpu_ext-v0.0.21/extension/.output/bpftool
make ARCH= CROSS_COMPILE= OUTPUT=/home/harsh4786/gpu_ext-v0.0.21/extension/.output/bpftool/ -C /home/harsh4786/gpu_ext-v0.0.21/bpftool/src bootstrap
make[1]: Entering directory '/home/harsh4786/gpu_ext-v0.0.21/bpftool/src'
Makefile.feature:32: Probing: feature-clang-bpf-co-re
Makefile.feature:33: printf '%s\n' 'struct s { int i; } __attribute__((preserve_access_index)); struct s foo = {};' | clang -g -target bpf -S -o - -x c -  | grep -q BTF_KIND_VAR && (echo 1 && >&2 echo result: 1) || (echo 0 && >&2 echo result: 0)
result: 1
Makefile.feature:52: Probing: feature-libbfd
Makefile.feature:53: printf '%b\n' '#include <bfd.h>\n' 'int main(void) {' '	bfd_demangle(0, 0, 0);' '	return 0;' '}' | cc -Wno-unused-command-line-argument -Wall -Werror -x c -DPACKAGE='"bpftool"' - -lbfd -ldl -o /dev/null >/dev/null && (echo 1 && >&2 echo result: 1) || (echo 0 && >&2 echo result: 0)
<stdin>:1:10: fatal error: bfd.h: No such file or directory
compilation terminated.
result: 0
Makefile.feature:56: Probing: feature-libbfd-liberty
Makefile.feature:57: printf '%b\n' '#include <bfd.h>\n' 'int main(void) {' '	bfd_demangle(0, 0, 0);' '	return 0;' '}' | cc -Wno-unused-command-line-argument -Wall -Werror -x c -DPACKAGE='"bpftool"' - -lbfd -ldl -liberty -o /dev/null >/dev/null && (echo 1 && >&2 echo result: 1) || (echo 0 && >&2 echo result: 0)
<stdin>:1:10: fatal error: bfd.h: No such file or directory
compilation terminated.
result: 0
Makefile.feature:60: Probing: feature-libbfd-liberty-z
Makefile.feature:61: printf '%b\n' '#include <bfd.h>\n' 'int main(void) {' '	bfd_demangle(0, 0, 0);' '	return 0;' '}' | cc -Wno-unused-command-line-argument -Wall -Werror -x c -DPACKAGE='"bpftool"' - -lbfd -ldl -liberty -lz -o /dev/null >/dev/null && (echo 1 && >&2 echo result: 1) || (echo 0 && >&2 echo result: 0)
<stdin>:1:10: fatal error: bfd.h: No such file or directory
compilation terminated.
result: 0
Makefile.feature:84: Probing: feature-disassembler-four-args
Makefile.feature:85: printf '%b\n' '#include <dis-asm.h>\n' 'int main(void) {' '	disassembler((enum bfd_architecture)0, 0, 0, NULL);' '	return 0;' '}' | cc -Wno-unused-command-line-argument -Wall -Werror -x c -DPACKAGE='"bpftool"' - -lbfd -lopcodes -S -o - >/dev/null && (echo 1 && >&2 echo result: 1) || (echo 0 && >&2 echo result: 0)
<stdin>:1:10: fatal error: dis-asm.h: No such file or directory
compilation terminated.
result: 0
Makefile.feature:98: Probing: feature-disassembler-styled
Makefile.feature:99: printf '%b\n' '#include <dis-asm.h>\n' 'int main(void) {' '	init_disassemble_info(NULL, 0, NULL, NULL);' '	return 0;' '}' | cc -Wno-unused-command-line-argument -Wall -Werror -x c -DPACKAGE='"bpftool"' - -lbfd -lopcodes -S -o - >/dev/null && (echo 1 && >&2 echo result: 1) || (echo 0 && >&2 echo result: 0)
<stdin>:1:10: fatal error: dis-asm.h: No such file or directory
compilation terminated.
result: 0
Makefile.feature:118: Probing: feature-libcap
Makefile.feature:119: printf '%b\n' '#include <sys/capability.h>\n' 'int main(void) {' '	cap_free(0);' '	return 0;' '}' | cc -Wno-unused-command-line-argument -Wall -Werror -x c - -lcap -S -o - >/dev/null && (echo 1 && >&2 echo result: 1) || (echo 0 && >&2 echo result: 0)
<stdin>:1:10: fatal error: sys/capability.h: No such file or directory
compilation terminated.
result: 0
Makefile.feature:156: Probing: feature-llvm
Makefile.feature:157: printf '%b\n' '#include <llvm-c/Core.h>\n' '#include <llvm-c/TargetMachine.h>\n' 'int main(void) {' '	char *triple = LLVMNormalizeTargetTriple("");' '	LLVMDisposeMessage(triple);' '	return 0;' '}' | cc -Wno-unused-command-line-argument -I/usr/lib/llvm-18/include  -D_GNU_SOURCE -D__STDC_CONSTANT_MACROS -D__STDC_FORMAT_MACROS -D__STDC_LIMIT_MACROS  -L/usr/lib/llvm-18/lib  -Wall -Werror -x c - -lLLVM-18 -o /dev/null >/dev/null && (echo 1 && >&2 echo result: 1) || (echo 0 && >&2 echo result: 0)
result: 1
...                        libbfd: [ [31mOFF[m ]
...               clang-bpf-co-re: [ [32mon[m  ]
...                          llvm: [ [32mon[m  ]
...                        libcap: [ [31mOFF[m ]
make[1]: *** No rule to make target '/home/harsh4786/gpu_ext-v0.0.21/bpftool/libbpf/src/hashmap.h', needed by '/home/harsh4786/gpu_ext-v0.0.21/extension/.output/bpftool/bootstrap/libbpf/include/bpf/hashmap.h'.  Stop.
make[1]: Leaving directory '/home/harsh4786/gpu_ext-v0.0.21/bpftool/src'
make: *** [Makefile:133: /home/harsh4786/gpu_ext-v0.0.21/extension/.output/bpftool/bootstrap/bpftool] Error 2
make: Leaving directory '/home/harsh4786/gpu_ext-v0.0.21/extension'
